Component: ARM Compiler 5.06 update 4 (build 422) Tool: armlink [4d35d2]

==============================================================================

Section Cross References

    startup_stm32f407xx.o(RESET) refers to startup_stm32f407xx.o(STACK) for __initial_sp
    startup_stm32f407xx.o(RESET) refers to startup_stm32f407xx.o(.text) for Reset_Handler
    startup_stm32f407xx.o(RESET) refers to stm32f4xx_it.o(i.NMI_Handler) for NMI_Handler
    startup_stm32f407xx.o(RESET) refers to stm32f4xx_it.o(i.HardFault_Handler) for HardFault_Handler
    startup_stm32f407xx.o(RESET) refers to stm32f4xx_it.o(i.MemManage_Handler) for MemManage_Handler
    startup_stm32f407xx.o(RESET) refers to stm32f4xx_it.o(i.BusFault_Handler) for BusFault_Handler
    startup_stm32f407xx.o(RESET) refers to stm32f4xx_it.o(i.UsageFault_Handler) for UsageFault_Handler
    startup_stm32f407xx.o(RESET) refers to stm32f4xx_it.o(i.SVC_Handler) for SVC_Handler
    startup_stm32f407xx.o(RESET) refers to stm32f4xx_it.o(i.DebugMon_Handler) for DebugMon_Handler
    startup_stm32f407xx.o(RESET) refers to stm32f4xx_it.o(i.PendSV_Handler) for PendSV_Handler
    startup_stm32f407xx.o(RESET) refers to stm32f4xx_it.o(i.SysTick_Handler) for SysTick_Handler
    startup_stm32f407xx.o(RESET) refers to stm32f4xx_it.o(i.EXTI0_IRQHandler) for EXTI0_IRQHandler
    startup_stm32f407xx.o(RESET) refers to stm32f4xx_it.o(i.EXTI1_IRQHandler) for EXTI1_IRQHandler
    startup_stm32f407xx.o(RESET) refers to stm32f4xx_it.o(i.DMA1_Stream3_IRQHandler) for DMA1_Stream3_IRQHandler
    startup_stm32f407xx.o(RESET) refers to stm32f4xx_it.o(i.TIM4_IRQHandler) for TIM4_IRQHandler
    startup_stm32f407xx.o(RESET) refers to stm32f4xx_it.o(i.DMA1_Stream7_IRQHandler) for DMA1_Stream7_IRQHandler
    startup_stm32f407xx.o(RESET) refers to stm32f4xx_it.o(i.OTG_FS_IRQHandler) for OTG_FS_IRQHandler
    startup_stm32f407xx.o(.text) refers to system_stm32f4xx.o(i.SystemInit) for SystemInit
    startup_stm32f407xx.o(.text) refers to entry.o(.ARM.Collect$$$$00000000) for __main
    main.o(i.COMMAND_AudioExecuteApplication) refers to waveplayer.o(i.WavePlayerStart) for WavePlayerStart
    main.o(i.COMMAND_AudioExecuteApplication) refers to waverecorder.o(i.WaveRecorderProcess) for WaveRecorderProcess
    main.o(i.COMMAND_AudioExecuteApplication) refers to main.o(.data) for CmdIndex
    main.o(i.Error_Handler) refers to stm32f4_discovery.o(i.BSP_LED_On) for BSP_LED_On
    main.o(i.HAL_GPIO_EXTI_Callback) refers to stm32f4xx_hal.o(i.HAL_Delay) for HAL_Delay
    main.o(i.HAL_GPIO_EXTI_Callback) refers to main.o(.data) for PbPressCheck
    main.o(i.HAL_TIM_OC_DelayElapsedCallback) refers to stm32f4_discovery_accelerometer.o(i.BSP_ACCELERO_Click_ITClear) for BSP_ACCELERO_Click_ITClear
    main.o(i.HAL_TIM_OC_DelayElapsedCallback) refers to stm32f4_discovery.o(i.BSP_LED_Toggle) for BSP_LED_Toggle
    main.o(i.HAL_TIM_OC_DelayElapsedCallback) refers to stm32f4_discovery.o(i.BSP_LED_Off) for BSP_LED_Off
    main.o(i.HAL_TIM_OC_DelayElapsedCallback) refers to stm32f4_discovery.o(i.BSP_LED_On) for BSP_LED_On
    main.o(i.HAL_TIM_OC_DelayElapsedCallback) refers to stm32f4xx_hal_tim.o(i.HAL_TIM_ReadCapturedValue) for HAL_TIM_ReadCapturedValue
    main.o(i.HAL_TIM_OC_DelayElapsedCallback) refers to waveplayer.o(.data) for AudioPlayStart
    main.o(i.HAL_TIM_OC_DelayElapsedCallback) refers to main.o(.data) for MemsID
    main.o(i.MSC_Application) refers to main.o(i.COMMAND_AudioExecuteApplication) for COMMAND_AudioExecuteApplication
    main.o(i.MSC_Application) refers to ff.o(i.f_mount) for f_mount
    main.o(i.MSC_Application) refers to main.o(i.Error_Handler) for Error_Handler
    main.o(i.MSC_Application) refers to main.o(.data) for USBH_USR_ApplicationState
    main.o(i.MSC_Application) refers to main.o(.bss) for USBDISKFatFs
    main.o(i.SystemClock_Config) refers to stm32f4xx_hal_rcc.o(i.HAL_RCC_OscConfig) for HAL_RCC_OscConfig
    main.o(i.SystemClock_Config) refers to main.o(i.Error_Handler) for Error_Handler
    main.o(i.SystemClock_Config) refers to stm32f4xx_hal_rcc.o(i.HAL_RCC_ClockConfig) for HAL_RCC_ClockConfig
    main.o(i.TIM_LED_Config) refers to stm32f4xx_hal_cortex.o(i.HAL_NVIC_SetPriority) for HAL_NVIC_SetPriority
    main.o(i.TIM_LED_Config) refers to stm32f4xx_hal_cortex.o(i.HAL_NVIC_EnableIRQ) for HAL_NVIC_EnableIRQ
    main.o(i.TIM_LED_Config) refers to stm32f4xx_hal_rcc.o(i.HAL_RCC_GetPCLK1Freq) for HAL_RCC_GetPCLK1Freq
    main.o(i.TIM_LED_Config) refers to stm32f4xx_hal_tim.o(i.HAL_TIM_OC_Init) for HAL_TIM_OC_Init
    main.o(i.TIM_LED_Config) refers to main.o(i.Error_Handler) for Error_Handler
    main.o(i.TIM_LED_Config) refers to stm32f4xx_hal_tim.o(i.HAL_TIM_OC_ConfigChannel) for HAL_TIM_OC_ConfigChannel
    main.o(i.TIM_LED_Config) refers to stm32f4xx_hal_tim.o(i.HAL_TIM_OC_Start_IT) for HAL_TIM_OC_Start_IT
    main.o(i.TIM_LED_Config) refers to main.o(.bss) for hTimLed
    main.o(i.TIM_LED_Config) refers to main.o(.data) for CCR1Val
[...]
    I2C3_ER_IRQHandler                       0x080001b7   Thumb Code     0  startup_stm32f407xx.o(.text)
    I2C3_EV_IRQHandler                       0x080001b7   Thumb Code     0  startup_stm32f407xx.o(.text)
    OTG_FS_WKUP_IRQHandler                   0x080001b7   Thumb Code     0  startup_stm32f407xx.o(.text)
    OTG_HS_EP1_IN_IRQHandler                 0x080001b7   Thumb Code     0  startup_stm32f407xx.o(.text)
    OTG_HS_EP1_OUT_IRQHandler                0x080001b7   Thumb Code     0  startup_stm32f407xx.o(.text)
    OTG_HS_IRQHandler                        0x080001b7   Thumb Code     0  startup_stm32f407xx.o(.text)
    OTG_HS_WKUP_IRQHandler                   0x080001b7   Thumb Code     0  startup_stm32f407xx.o(.text)
    PVD_IRQHandler                           0x080001b7   Thumb Code     0  startup_stm32f407xx.o(.text)
    RCC_IRQHandler                           0x080001b7   Thumb Code     0  startup_stm32f407xx.o(.text)
    RTC_Alarm_IRQHandler                     0x080001b7   Thumb Code     0  startup_stm32f407xx.o(.text)
    RTC_WKUP_IRQHandler                      0x080001b7   Thumb Code     0  startup_stm32f407xx.o(.text)
    SDIO_IRQHandler                          0x080001b7   Thumb Code     0  startup_stm32f407xx.o(.text)
    SPI1_IRQHandler                          0x080001b7   Thumb Code     0  startup_stm32f407xx.o(.text)
    SPI2_IRQHandler                          0x080001b7   Thumb Code     0  startup_stm32f407xx.o(.text)
    SPI3_IRQHandler                          0x080001b7   Thumb Code     0  startup_stm32f407xx.o(.text)
    TAMP_STAMP_IRQHandler                    0x080001b7   Thumb Code     0  startup_stm32f407xx.o(.text)
    TIM1_BRK_TIM9_IRQHandler                 0x080001b7   Thumb Code     0  startup_stm32f407xx.o(.text)
    TIM1_CC_IRQHandler                       0x080001b7   Thumb Code     0  startup_stm32f407xx.o(.text)
    TIM1_TRG_COM_TIM11_IRQHandler            0x080001b7   Thumb Code     0  startup_stm32f407xx.o(.text)
    TIM1_UP_TIM10_IRQHandler                 0x080001b7   Thumb Code     0  startup_stm32f407xx.o(.text)
    TIM2_IRQHandler                          0x080001b7   Thumb Code     0  startup_stm32f407xx.o(.text)
    TIM3_IRQHandler                          0x080001b7   Thumb Code     0  startup_stm32f407xx.o(.text)
    TIM5_IRQHandler                          0x080001b7   Thumb Code     0  startup_stm32f407xx.o(.text)
    TIM6_DAC_IRQHandler                      0x080001b7   Thumb Code     0  startup_stm32f407xx.o(.text)
    TIM7_IRQHandler                          0x080001b7   Thumb Code     0  startup_stm32f407xx.o(.text)
    TIM8_BRK_TIM12_IRQHandler                0x080001b7   Thumb Code     0  startup_stm32f407xx.o(.text)
    TIM8_CC_IRQHandler                       0x080001b7   Thumb Code     0  startup_stm32f407xx.o(.text)
    TIM8_TRG_COM_TIM14_IRQHandler            0x080001b7   Thumb Code     0  startup_stm32f407xx.o(.text)
    TIM8_UP_TIM13_IRQHandler                 0x080001b7   Thumb Code     0  startup_stm32f407xx.o(.text)
    UART4_IRQHandler                         0x080001b7   Thumb Code     0  startup_stm32f407xx.o(.text)
    UART5_IRQHandler                         0x080001b7   Thumb Code     0  startup_stm32f407xx.o(.text)
    USART1_IRQHandler                        0x080001b7   Thumb Code     0  startup_stm32f407xx.o(.text)
    USART2_IRQHandler                        0x080001b7   Thumb Code     0  startup_stm32f407xx.o(.text)
    USART3_IRQHandler                        0x080001b7   Thumb Code     0  startup_stm32f407xx.o(.text)
    USART6_IRQHandler                        0x080001b7   Thumb Code     0  startup_stm32f407xx.o(.text)
    WWDG_IRQHandler                          0x080001b7   Thumb Code     0  startup_stm32f407xx.o(.text)
    PDM_Filter_Init                          0x080001c1   Thumb Code   230  pdm_filter.o(.text)
    PDM_Filter_64_LSB                        0x080002a7   Thumb Code   672  pdm_filter.o(.text)
    PDM_Filter_80_LSB                        0x08000547   Thumb Code   794  pdm_filter.o(.text)
    PDM_Filter_64_MSB                        0x08000861   Thumb Code   624  pdm_filter.o(.text)
    PDM_Filter_80_MSB                        0x08000ad1   Thumb Code   774  pdm_filter.o(.text)
    PDM_Filter_128_MSB                       0x08000dd7   Thumb Code  1204  pdm_filter.o(.text)
    PDM_Filter_128_LSB                       0x0800128b   Thumb Code  1204  pdm_filter.o(.text)
    __aeabi_memcpy                           0x08001745   Thumb Code    36  memcpya.o(.text)
    __aeabi_memcpy4                          0x08001745   Thumb Code     0  memcpya.o(.text)
    __aeabi_memcpy8                          0x08001745   Thumb Code     0  memcpya.o(.text)
    __aeabi_memset                           0x08001769   Thumb Code    14  memseta.o(.text)
    __aeabi_memset4                          0x08001769   Thumb Code     0  memseta.o(.text)
    __aeabi_memset8                          0x08001769   Thumb Code     0  memseta.o(.text)
    __aeabi_memclr                           0x08001777   Thumb Code     4  memseta.o(.text)
    __aeabi_memclr4                          0x08001777   Thumb Code     0  memseta.o(.text)
    __aeabi_memclr8                          0x08001777   Thumb Code     0  memseta.o(.text)
    _memset$wrapper                          0x0800177b   Thumb Code    18  memseta.o(.text)
    __ARM_scalbnf                            0x0800178d   Thumb Code    24  fscalb.o(.text)
    scalbnf                                  0x0800178d   Thumb Code     0  fscalb.o(.text)
    __aeabi_dadd                             0x080017a5   Thumb Code   322  dadd.o(.text)
    __aeabi_dsub                             0x080018e7   Thumb Code     6  dadd.o(.text)
    __aeabi_drsub                            0x080018ed   Thumb Code     6  dadd.o(.text)
    __aeabi_dmul                             0x080018f3   Thumb Code   228  dmul.o(.text)
    __aeabi_ddiv                             0x080019d7   Thumb Code   222  ddiv.o(.text)
    __aeabi_ui2d                             0x08001ab5   Thumb Code    26  dfltui.o(.text)
    __aeabi_d2uiz                            0x08001acf   Thumb Code    50  dfixui.o(.text)
    __aeabi_f2d                              0x08001b01   Thumb Code    38  f2d.o(.text)
    __aeabi_llsl                             0x08001b27   Thumb Code    30  llshl.o(.text)
    _ll_shift_l                              0x08001b27   Thumb Code     0  llshl.o(.text)
    __aeabi_llsr                             0x08001b45   Thumb Code    32  llushr.o(.text)
    _ll_ushift_r                             0x08001b45   Thumb Code     0  llushr.o(.text)
    __aeabi_lasr                             0x08001b65   Thumb Code    36  llsshr.o(.text)
    _ll_sshift_r                             0x08001b65   Thumb Code     0  llsshr.o(.text)
    __I$use$fp                               0x08001b89   Thumb Code     0  iusefp.o(.text)
    _double_round                            0x08001b89   Thumb Code    30  depilogue.o(.text)
    _double_epilogue                         0x08001ba7   Thumb Code   156  depilogue.o(.text)
    __scatterload                            0x08001c45   Thumb Code    28  init.o(.text)
    __scatterload_rt2                        0x08001c45   Thumb Code     0  init.o(.text)
    __decompress                             0x08001c69   Thumb Code     0  __dczerorl2.o(.text)
    __decompress1                            0x08001c69   Thumb Code    86  __dczerorl2.o(.text)
    ACCELERO_IO_ITConfig                     0x08001cc1   Thumb Code    60  stm32f4_discovery.o(i.ACCELERO_IO_ITConfig)
    ACCELERO_IO_Init                         0x08001d09   Thumb Code    58  stm32f4_discovery.o(i.ACCELERO_IO_Init)
    ACCELERO_IO_Read                         0x08001d4d   Thumb Code    70  stm32f4_discovery.o(i.ACCELERO_IO_Read)
    ACCELERO_IO_Write                        0x08001d99   Thumb Code    62  stm32f4_discovery.o(i.ACCELERO_IO_Write)
    AUDIO_IO_Init                            0x08001ddd   Thumb Code    80  stm32f4_discovery.o(i.AUDIO_IO_Init)
    AUDIO_IO_Read                            0x08001e35   Thumb Code    16  stm32f4_discovery.o(i.AUDIO_IO_Read)
    AUDIO_IO_Write                           0x08001e45   Thumb Code    20  stm32f4_discovery.o(i.AUDIO_IO_Write)
    BSP_ACCELERO_Click_ITClear               0x08001e59   Thumb Code    20  stm32f4_discovery_accelerometer.o(i.BSP_ACCELERO_Click_ITClear)
    BSP_ACCELERO_Click_ITConfig              0x08001e71   Thumb Code    20  stm32f4_discovery_accelerometer.o(i.BSP_ACCELERO_Click_ITConfig)
    BSP_ACCELERO_Init                        0x08001e89   Thumb Code   252  stm32f4_discovery_accelerometer.o(i.BSP_ACCELERO_Init)
    BSP_ACCELERO_ReadID                      0x08001f91   Thumb Code    26  stm32f4_discovery_accelerometer.o(i.BSP_ACCELERO_ReadID)
    BSP_AUDIO_IN_Error_Callback              0x08001fb1   Thumb Code     2  stm32f4_discovery_audio.o(i.BSP_AUDIO_IN_Error_Callback)
    BSP_AUDIO_IN_HalfTransfer_CallBack       0x08001fb5   Thumb Code   106  waverecorder.o(i.BSP_AUDIO_IN_HalfTransfer_CallBack)
    BSP_AUDIO_IN_Init                        0x0800203d   Thumb Code    80  stm32f4_discovery_audio.o(i.BSP_AUDIO_IN_Init)
    BSP_AUDIO_IN_PDMToPCM                    0x0800208d   Thumb Code   114  stm32f4_discovery_audio.o(i.BSP_AUDIO_IN_PDMToPCM)
    BSP_AUDIO_IN_Record                      0x08002109   Thumb Code    24  stm32f4_discovery_audio.o(i.BSP_AUDIO_IN_Record)
    BSP_AUDIO_IN_Stop                        0x08002125   Thumb Code    16  stm32f4_discovery_audio.o(i.BSP_AUDIO_IN_Stop)
    BSP_AUDIO_IN_TransferComplete_CallBack   0x08002139   Thumb Code   106  waverecorder.o(i.BSP_AUDIO_IN_TransferComplete_CallBack)
    BSP_AUDIO_OUT_ChangeBuffer               0x080021c1   Thumb Code    18  stm32f4_discovery_audio.o(i.BSP_AUDIO_OUT_ChangeBuffer)
    BSP_AUDIO_OUT_Error_CallBack             0x080021d9   Thumb Code     4  waveplayer.o(i.BSP_AUDIO_OUT_Error_CallBack)
    BSP_AUDIO_OUT_HalfTransfer_CallBack      0x080021dd   Thumb Code     8  waveplayer.o(i.BSP_AUDIO_OUT_HalfTransfer_CallBack)
    BSP_AUDIO_OUT_Init                       0x080021e9   Thumb Code   132  stm32f4_discovery_audio.o(i.BSP_AUDIO_OUT_Init)
    BSP_AUDIO_OUT_Pause                      0x08002275   Thumb Code    28  stm32f4_discovery_audio.o(i.BSP_AUDIO_OUT_Pause)
    BSP_AUDIO_OUT_Play                       0x08002299   Thumb Code    58  stm32f4_discovery_audio.o(i.BSP_AUDIO_OUT_Play)
    BSP_AUDIO_OUT_Resume                     0x080022dd   Thumb Code    28  stm32f4_discovery_audio.o(i.BSP_AUDIO_OUT_Resume)
    BSP_AUDIO_OUT_Stop                       0x08002301   Thumb Code    52  stm32f4_discovery_audio.o(i.BSP_AUDIO_OUT_Stop)
    BSP_AUDIO_OUT_TransferComplete_CallBack  0x08002341   Thumb Code    18  waveplayer.o(i.BSP_AUDIO_OUT_TransferComplete_CallBack)
    BSP_LED_Init                             0x0800235d   Thumb Code   122  stm32f4_discovery.o(i.BSP_LED_Init)
    BSP_LED_Off                              0x080023e5   Thumb Code    24  stm32f4_discovery.o(i.BSP_LED_Off)
    BSP_LED_On                               0x08002405   Thumb Code    24  stm32f4_discovery.o(i.BSP_LED_On)
    BSP_LED_Toggle                           0x08002425   Thumb Code    22  stm32f4_discovery.o(i.BSP_LED_Toggle)
    BSP_PB_Init                              0x08002445   Thumb Code   116  stm32f4_discovery.o(i.BSP_PB_Init)
    BusFault_Handler                         0x080024cd   Thumb Code     4  stm32f4xx_it.o(i.BusFault_Handler)
    DMA1_Stream3_IRQHandler                  0x08002521   Thumb Code    12  stm32f4xx_it.o(i.DMA1_Stream3_IRQHandler)
    DMA1_Stream7_IRQHandler                  0x08002531   Thumb Code    12  stm32f4xx_it.o(i.DMA1_Stream7_IRQHandler)
    DebugMon_Handler                         0x080025b3   Thumb Code     2  stm32f4xx_it.o(i.DebugMon_Handler)
    EXTI0_IRQHandler                         0x080025b5   Thumb Code    10  stm32f4xx_it.o(i.EXTI0_IRQHandler)
    EXTI1_IRQHandler                         0x080025bf   Thumb Code    10  stm32f4xx_it.o(i.EXTI1_IRQHandler)
    Error_Handler                            0x080025c9   Thumb Code    10  main.o(i.Error_Handler)
    FATFS_LinkDriver                         0x080025d5   Thumb Code    70  ff_gen_drv.o(i.FATFS_LinkDriver)
    HAL_DMA_Abort                            0x08002621   Thumb Code    94  stm32f4xx_hal_dma.o(i.HAL_DMA_Abort)
    HAL_DMA_DeInit                           0x08002681   Thumb Code  3932  stm32f4xx_hal_dma.o(i.HAL_DMA_DeInit)
    HAL_DMA_IRQHandler                       0x080035e5   Thumb Code  9776  stm32f4xx_hal_dma.o(i.HAL_DMA_IRQHandler)
    HAL_DMA_Init                             0x08005c1d   Thumb Code   120  stm32f4xx_hal_dma.o(i.HAL_DMA_Init)
    HAL_DMA_Start_IT                         0x08005c99   Thumb Code   142  stm32f4xx_hal_dma.o(i.HAL_DMA_Start_IT)
    HAL_Delay                                0x08005d27   Thumb Code    26  stm32f4xx_hal.o(i.HAL_Delay)
    HAL_GPIO_EXTI_Callback                   0x08005d41   Thumb Code   116  main.o(i.HAL_GPIO_EXTI_Callback)
    HAL_GPIO_EXTI_IRQHandler                 0x08005dc9   Thumb Code    24  stm32f4xx_hal_gpio.o(i.HAL_GPIO_EXTI_IRQHandler)
    HAL_GPIO_Init                            0x08005de5   Thumb Code   466  stm32f4xx_hal_gpio.o(i.HAL_GPIO_Init)
    HAL_GPIO_TogglePin                       0x08005fed   Thumb Code     8  stm32f4xx_hal_gpio.o(i.HAL_GPIO_TogglePin)
    HAL_GPIO_WritePin                        0x08005ff5   Thumb Code    10  stm32f4xx_hal_gpio.o(i.HAL_GPIO_WritePin)
    HAL_GetTick                              0x08006001   Thumb Code     6  stm32f4xx_hal.o(i.HAL_GetTick)
    HAL_HCD_Connect_Callback                 0x0800600d   Thumb Code    14  usbh_conf.o(i.HAL_HCD_Connect_Callback)
    HAL_HCD_Disconnect_Callback              0x0800601b   Thumb Code    14  usbh_conf.o(i.HAL_HCD_Disconnect_Callback)
    HAL_HCD_GetCurrentFrame                  0x08006029   Thumb Code    12  stm32f4xx_hal_hcd.o(i.HAL_HCD_GetCurrentFrame)
    HAL_HCD_GetCurrentSpeed                  0x08006035   Thumb Code    12  stm32f4xx_hal_hcd.o(i.HAL_HCD_GetCurrentSpeed)
    HAL_HCD_HC_GetURBState                   0x08006041   Thumb Code    20  stm32f4xx_hal_hcd.o(i.HAL_HCD_HC_GetURBState)
    HAL_HCD_HC_GetXferCount                  0x08006055   Thumb Code    18  stm32f4xx_hal_hcd.o(i.HAL_HCD_HC_GetXferCount)
    HAL_HCD_HC_Halt                          0x08006067   Thumb Code    52  stm32f4xx_hal_hcd.o(i.HAL_HCD_HC_Halt)
    HAL_HCD_HC_Init                          0x0800609b   Thumb Code   186  stm32f4xx_hal_hcd.o(i.HAL_HCD_HC_Init)
    HAL_HCD_HC_NotifyURBChange_Callback      0x08006155   Thumb Code     2  usbh_conf.o(i.HAL_HCD_HC_NotifyURBChange_Callback)
    HAL_HCD_HC_SubmitRequest                 0x08006157   Thumb Code   616  stm32f4xx_hal_hcd.o(i.HAL_HCD_HC_SubmitRequest)
    HAL_HCD_IRQHandler                       0x080063bf   Thumb Code   358  stm32f4xx_hal_hcd.o(i.HAL_HCD_IRQHandler)
    HAL_HCD_Init                             0x08006525   Thumb Code    90  stm32f4xx_hal_hcd.o(i.HAL_HCD_Init)
    HAL_HCD_MspInit                          0x08006581   Thumb Code   176  usbh_conf.o(i.HAL_HCD_MspInit)
    HAL_HCD_ResetPort                        0x0800663d   Thumb Code    12  stm32f4xx_hal_hcd.o(i.HAL_HCD_ResetPort)
    HAL_HCD_SOF_Callback                     0x08006649   Thumb Code    14  usbh_conf.o(i.HAL_HCD_SOF_Callback)
    HAL_HCD_Start                            0x08006657   Thumb Code    54  stm32f4xx_hal_hcd.o(i.HAL_HCD_Start)
    HAL_HCD_Stop                             0x0800668d   Thumb Code    46  stm32f4xx_hal_hcd.o(i.HAL_HCD_Stop)
    HAL_I2C_DeInit                           0x080066bb   Thumb Code    56  stm32f4xx_hal_i2c.o(i.HAL_I2C_DeInit)
    HAL_I2C_GetState                         0x080066f3   Thumb Code     8  stm32f4xx_hal_i2c.o(i.HAL_I2C_GetState)
    HAL_I2C_Init                             0x080066fd   Thumb Code   274  stm32f4xx_hal_i2c.o(i.HAL_I2C_Init)
    HAL_I2C_Mem_Read                         0x08006819   Thumb Code   546  stm32f4xx_hal_i2c.o(i.HAL_I2C_Mem_Read)
    HAL_I2C_Mem_Write                        0x08006a45   Thumb Code   266  stm32f4xx_hal_i2c.o(i.HAL_I2C_Mem_Write)
    HAL_I2C_MspDeInit                        0x08006b59   Thumb Code     2  stm32f4xx_hal_i2c.o(i.HAL_I2C_MspDeInit)
    HAL_I2C_MspInit                          0x08006b5b   Thumb Code     2  stm32f4xx_hal_i2c.o(i.HAL_I2C_MspInit)
    HAL_I2S_DMAPause                         0x08006b5d   Thumb Code   208  stm32f4xx_hal_i2s.o(i.HAL_I2S_DMAPause)
    HAL_I2S_DMAResume                        0x08006c35   Thumb Code   230  stm32f4xx_hal_i2s.o(i.HAL_I2S_DMAResume)
    HAL_I2S_DMAStop                          0x08006d25   Thumb Code   234  stm32f4xx_hal_i2s.o(i.HAL_I2S_DMAStop)
    HAL_I2S_ErrorCallback                    0x08006e19   Thumb Code    30  stm32f4_discovery_audio.o(i.HAL_I2S_ErrorCallback)
    HAL_I2S_GetState                         0x08006e41   Thumb Code     8  stm32f4xx_hal_i2s.o(i.HAL_I2S_GetState)
    HAL_I2S_Init                             0x08006e49   Thumb Code   542  stm32f4xx_hal_i2s.o(i.HAL_I2S_Init)
    HAL_I2S_MspInit                          0x08007081   Thumb Code     2  stm32f4xx_hal_i2s.o(i.HAL_I2S_MspInit)
    HAL_I2S_Receive_DMA                      0x08007085   Thumb Code   250  stm32f4xx_hal_i2s.o(i.HAL_I2S_Receive_DMA)
    HAL_I2S_RxCpltCallback                   0x0800718d   Thumb Code    10  stm32f4_discovery_audio.o(i.HAL_I2S_RxCpltCallback)
    HAL_I2S_RxHalfCpltCallback               0x08007197   Thumb Code    10  stm32f4_discovery_audio.o(i.HAL_I2S_RxHalfCpltCallback)
    HAL_I2S_Transmit_DMA                     0x080071a1   Thumb Code   226  stm32f4xx_hal_i2s.o(i.HAL_I2S_Transmit_DMA)
    HAL_I2S_TxCpltCallback                   0x08007291   Thumb Code    18  stm32f4_discovery_audio.o(i.HAL_I2S_TxCpltCallback)
    HAL_I2S_TxHalfCpltCallback               0x080072a9   Thumb Code    18  stm32f4_discovery_audio.o(i.HAL_I2S_TxHalfCpltCallback)
    HAL_IncTick                              0x080072c1   Thumb Code    12  stm32f4xx_hal.o(i.HAL_IncTick)
    HAL_Init                                 0x080072d1   Thumb Code    54  stm32f4xx_hal.o(i.HAL_Init)
    HAL_InitTick                             0x0800730d   Thumb Code    36  stm32f4xx_hal.o(i.HAL_InitTick)
    HAL_MspInit                              0x08007331   Thumb Code     2  stm32f4xx_hal.o(i.HAL_MspInit)
    HAL_NVIC_EnableIRQ                       0x08007333   Thumb Code    26  stm32f4xx_hal_cortex.o(i.HAL_NVIC_EnableIRQ)
    HAL_NVIC_SetPriority                     0x0800734d   Thumb Code   124  stm32f4xx_hal_cortex.o(i.HAL_NVIC_SetPriority)
    HAL_NVIC_SetPriorityGrouping             0x080073c9   Thumb Code    32  stm32f4xx_hal_cortex.o(i.HAL_NVIC_SetPriorityGrouping)
    HAL_RCCEx_GetPeriphCLKConfig             0x080073f1   Thumb Code    76  stm32f4xx_hal_rcc_ex.o(i.HAL_RCCEx_GetPeriphCLKConfig)
    HAL_RCCEx_PeriphCLKConfig                0x08007441   Thumb Code   386  stm32f4xx_hal_rcc_ex.o(i.HAL_RCCEx_PeriphCLKConfig)
    HAL_RCC_ClockConfig                      0x080075d9   Thumb Code   588  stm32f4xx_hal_rcc.o(i.HAL_RCC_ClockConfig)
    HAL_RCC_GetHCLKFreq                      0x0800782d   Thumb Code    42  stm32f4xx_hal_rcc.o(i.HAL_RCC_GetHCLKFreq)
    HAL_RCC_GetPCLK1Freq                     0x08007865   Thumb Code    36  stm32f4xx_hal_rcc.o(i.HAL_RCC_GetPCLK1Freq)
    HAL_RCC_GetSysClockFreq                  0x08007891   Thumb Code   182  stm32f4xx_hal_rcc.o(i.HAL_RCC_GetSysClockFreq)
    HAL_RCC_OscConfig                        0x08007955   Thumb Code  1002  stm32f4xx_hal_rcc.o(i.HAL_RCC_OscConfig)
    HAL_SPI_DeInit                           0x08007d51   Thumb Code    50  stm32f4xx_hal_spi.o(i.HAL_SPI_DeInit)
    HAL_SPI_GetState                         0x08007d83   Thumb Code     8  stm32f4xx_hal_spi.o(i.HAL_SPI_GetState)
    HAL_SPI_Init                             0x08007d8b   Thumb Code   132  stm32f4xx_hal_spi.o(i.HAL_SPI_Init)
    HAL_SPI_MspDeInit                        0x08007e0f   Thumb Code     2  stm32f4xx_hal_spi.o(i.HAL_SPI_MspDeInit)
    HAL_SPI_MspInit                          0x08007e11   Thumb Code     2  stm32f4xx_hal_spi.o(i.HAL_SPI_MspInit)
    HAL_SPI_TransmitReceive                  0x08007e13   Thumb Code   860  stm32f4xx_hal_spi.o(i.HAL_SPI_TransmitReceive)
    HAL_SYSTICK_Config                       0x0800816f   Thumb Code    52  stm32f4xx_hal_cortex.o(i.HAL_SYSTICK_Config)
    HAL_TIMEx_BreakCallback                  0x080081a3   Thumb Code     2  stm32f4xx_hal_tim_ex.o(i.HAL_TIMEx_BreakCallback)
    HAL_TIMEx_CommutationCallback            0x080081a5   Thumb Code     2  stm32f4xx_hal_tim_ex.o(i.HAL_TIMEx_CommutationCallback)
    HAL_TIM_IC_CaptureCallback               0x080081a7   Thumb Code     2  stm32f4xx_hal_tim.o(i.HAL_TIM_IC_CaptureCallback)
    HAL_TIM_IRQHandler                       0x080081a9   Thumb Code   406  stm32f4xx_hal_tim.o(i.HAL_TIM_IRQHandler)
    HAL_TIM_OC_ConfigChannel                 0x0800833f   Thumb Code   116  stm32f4xx_hal_tim.o(i.HAL_TIM_OC_ConfigChannel)
    HAL_TIM_OC_DelayElapsedCallback          0x080083b5   Thumb Code   176  main.o(i.HAL_TIM_OC_DelayElapsedCallback)
    HAL_TIM_OC_Init                          0x08008475   Thumb Code    46  stm32f4xx_hal_tim.o(i.HAL_TIM_OC_Init)
    HAL_TIM_OC_MspInit                       0x080084a3   Thumb Code     2  stm32f4xx_hal_tim.o(i.HAL_TIM_OC_MspInit)
    HAL_TIM_OC_Start_IT                      0x080084a5   Thumb Code   144  stm32f4xx_hal_tim.o(i.HAL_TIM_OC_Start_IT)
    HAL_TIM_PWM_PulseFinishedCallback        0x0800853d   Thumb Code     2  stm32f4xx_hal_tim.o(i.HAL_TIM_PWM_PulseFinishedCallback)
    HAL_TIM_PeriodElapsedCallback            0x0800853f   Thumb Code     2  stm32f4xx_hal_tim.o(i.HAL_TIM_PeriodElapsedCallback)
    HAL_TIM_ReadCapturedValue                0x08008541   Thumb Code    84  stm32f4xx_hal_tim.o(i.HAL_TIM_ReadCapturedValue)
    HAL_TIM_TriggerCallback                  0x08008595   Thumb Code     2  stm32f4xx_hal_tim.o(i.HAL_TIM_TriggerCallback)
    HardFault_Handler                        0x080091a5   Thumb Code     4  stm32f4xx_it.o(i.HardFault_Handler)
    I2S_DMAError                             0x080098e5   Thumb Code    36  stm32f4xx_hal_i2s.o(i.I2S_DMAError)
    I2S_DMARxCplt                            0x08009909   Thumb Code   112  stm32f4xx_hal_i2s.o(i.I2S_DMARxCplt)
    I2S_DMARxHalfCplt                        0x08009981   Thumb Code    14  stm32f4xx_hal_i2s.o(i.I2S_DMARxHalfCplt)
    I2S_DMATxCplt                            0x08009991   Thumb Code   112  stm32f4xx_hal_i2s.o(i.I2S_DMATxCplt)
    I2S_DMATxHalfCplt                        0x08009a09   Thumb Code    14  stm32f4xx_hal_i2s.o(i.I2S_DMATxHalfCplt)
    LIS302DL_Click_IntClear                  0x08009a17   Thumb Code    28  lis302dl.o(i.LIS302DL_Click_IntClear)
    LIS302DL_Click_IntConfig                 0x08009a33   Thumb Code   148  lis302dl.o(i.LIS302DL_Click_IntConfig)
    LIS302DL_FilterConfig                    0x08009ac7   Thumb Code    48  lis302dl.o(i.LIS302DL_FilterConfig)
    LIS302DL_Init                            0x08009af7   Thumb Code    28  lis302dl.o(i.LIS302DL_Init)
    LIS302DL_InterruptConfig                 0x08009b13   Thumb Code    42  lis302dl.o(i.LIS302DL_InterruptConfig)
    LIS302DL_ReadACC                         0x08009b3d   Thumb Code   112  lis302dl.o(i.LIS302DL_ReadACC)
    LIS302DL_ReadID                          0x08009bad   Thumb Code    26  lis302dl.o(i.LIS302DL_ReadID)
    LIS302DL_RebootCmd                       0x08009bc7   Thumb Code    34  lis302dl.o(i.LIS302DL_RebootCmd)
    LIS3DSH_Click_IntConfig                  0x08009be9   Thumb Code   198  lis3dsh.o(i.LIS3DSH_Click_IntConfig)
    LIS3DSH_Init                             0x08009caf   Thumb Code    42  lis3dsh.o(i.LIS3DSH_Init)
    LIS3DSH_InterruptConfig                  0x08009cd9   Thumb Code    68  lis3dsh.o(i.LIS3DSH_InterruptConfig)
    LIS3DSH_ReadACC                          0x08009d1d   Thumb Code   260  lis3dsh.o(i.LIS3DSH_ReadACC)
    LIS3DSH_ReadID                           0x08009e39   Thumb Code    26  lis3dsh.o(i.LIS3DSH_ReadID)
    LIS3DSH_RebootCmd                        0x08009e53   Thumb Code    34  lis3dsh.o(i.LIS3DSH_RebootCmd)
    MemManage_Handler                        0x08009eb9   Thumb Code     4  stm32f4xx_it.o(i.MemManage_Handler)
    NMI_Handler                              0x08009ebd   Thumb Code     2  stm32f4xx_it.o(i.NMI_Handler)
    OTG_FS_IRQHandler                        0x08009ef9   Thumb Code    10  stm32f4xx_it.o(i.OTG_FS_IRQHandler)
    PendSV_Handler                           0x08009f9d   Thumb Code     2  stm32f4xx_it.o(i.PendSV_Handler)
    SVC_Handler                              0x0800a191   Thumb Code     2  stm32f4xx_it.o(i.SVC_Handler)
    SysTick_Handler                          0x0800a195   Thumb Code    26  stm32f4xx_it.o(i.SysTick_Handler)
    SystemInit                               0x0800a235   Thumb Code    82  system_stm32f4xx.o(i.SystemInit)
    TIM4_IRQHandler                          0x0800a299   Thumb Code    10  stm32f4xx_it.o(i.TIM4_IRQHandler)
    TIM_Base_SetConfig                       0x0800a2a9   Thumb Code   184  stm32f4xx_hal_tim.o(i.TIM_Base_SetConfig)
    TIM_CCxChannelCmd                        0x0800a38d   Thumb Code    28  stm32f4xx_hal_tim.o(i.TIM_CCxChannelCmd)
    TIM_OC2_SetConfig                        0x0800a4c5   Thumb Code   112  stm32f4xx_hal_tim.o(i.TIM_OC2_SetConfig)
    USBH_AllocPipe                           0x0800a615   Thumb Code    38  usbh_pipes.o(i.USBH_AllocPipe)
    USBH_BulkReceiveData                     0x0800a63b   Thumb Code    42  usbh_ioreq.o(i.USBH_BulkReceiveData)
    USBH_BulkSendData                        0x0800a665   Thumb Code    52  usbh_ioreq.o(i.USBH_BulkSendData)
    USBH_ClosePipe                           0x0800a699   Thumb Code    18  usbh_pipes.o(i.USBH_ClosePipe)
    USBH_ClrFeature                          0x0800a6ab   Thumb Code    40  usbh_ctlreq.o(i.USBH_ClrFeature)
    USBH_CtlReceiveData                      0x0800a6d3   Thumb Code    42  usbh_ioreq.o(i.USBH_CtlReceiveData)
    USBH_CtlReq                              0x0800a6fd   Thumb Code    84  usbh_ctlreq.o(i.USBH_CtlReq)
    USBH_CtlSendData                         0x0800a751   Thumb Code    52  usbh_ioreq.o(i.USBH_CtlSendData)
    USBH_CtlSendSetup                        0x0800a785   Thumb Code    38  usbh_ioreq.o(i.USBH_CtlSendSetup)
    USBH_Delay                               0x0800a7ab   Thumb Code    12  usbh_conf.o(i.USBH_Delay)
    USBH_FindInterface                       0x0800a7b7   Thumb Code    80  usbh_core.o(i.USBH_FindInterface)
    USBH_FreePipe                            0x0800a807   Thumb Code    30  usbh_pipes.o(i.USBH_FreePipe)
    USBH_GetDescriptor                       0x0800a825   Thumb Code    74  usbh_ctlreq.o(i.USBH_GetDescriptor)
    USBH_GetNextDesc                         0x0800a897   Thumb Code    18  usbh_ctlreq.o(i.USBH_GetNextDesc)
    USBH_Get_CfgDesc                         0x0800a8a9   Thumb Code    46  usbh_ctlreq.o(i.USBH_Get_CfgDesc)
    USBH_Get_DevDesc                         0x0800a8d7   Thumb Code    46  usbh_ctlreq.o(i.USBH_Get_DevDesc)
    USBH_Get_StringDesc                      0x0800a905   Thumb Code    54  usbh_ctlreq.o(i.USBH_Get_StringDesc)
    USBH_Init                                0x0800ac6f   Thumb Code    50  usbh_core.o(i.USBH_Init)
    USBH_LL_ClosePipe                        0x0800aca1   Thumb Code    20  usbh_conf.o(i.USBH_LL_ClosePipe)
    USBH_LL_Connect                          0x0800acb5   Thumb Code    50  usbh_core.o(i.USBH_LL_Connect)
    USBH_LL_Disconnect                       0x0800ace7   Thumb Code    62  usbh_core.o(i.USBH_LL_Disconnect)
    USBH_LL_DriverVBUS                       0x0800ad25   Thumb Code    40  usbh_conf.o(i.USBH_LL_DriverVBUS)
    USBH_LL_GetLastXferSize                  0x0800ad51   Thumb Code    18  usbh_conf.o(i.USBH_LL_GetLastXferSize)
    USBH_LL_GetSpeed                         0x0800ad63   Thumb Code    48  usbh_conf.o(i.USBH_LL_GetSpeed)
    USBH_LL_GetToggle                        0x0800ad95   Thumb Code    48  usbh_conf.o(i.USBH_LL_GetToggle)
    USBH_LL_GetURBState                      0x0800adc9   Thumb Code    18  usbh_conf.o(i.USBH_LL_GetURBState)
    USBH_LL_IncTimer                         0x0800addb   Thumb Code    22  usbh_core.o(i.USBH_LL_IncTimer)
    USBH_LL_Init                             0x0800adf1   Thumb Code    82  usbh_conf.o(i.USBH_LL_Init)
    USBH_LL_OpenPipe                         0x0800ae49   Thumb Code    44  usbh_conf.o(i.USBH_LL_OpenPipe)
    USBH_LL_ResetPort                        0x0800ae75   Thumb Code    16  usbh_conf.o(i.USBH_LL_ResetPort)
    USBH_LL_SetTimer                         0x0800ae85   Thumb Code     6  usbh_core.o(i.USBH_LL_SetTimer)
    USBH_LL_SetToggle                        0x0800ae8d   Thumb Code    48  usbh_conf.o(i.USBH_LL_SetToggle)
    USBH_LL_Start                            0x0800aec1   Thumb Code    16  usbh_conf.o(i.USBH_LL_Start)
    USBH_LL_Stop                             0x0800aed1   Thumb Code    16  usbh_conf.o(i.USBH_LL_Stop)
    USBH_LL_SubmitURB                        0x0800aee1   Thumb Code    46  usbh_conf.o(i.USBH_LL_SubmitURB)
    USBH_MSC_BOT_Init                        0x0800af4d   Thumb Code    30  usbh_msc_bot.o(i.USBH_MSC_BOT_Init)
    USBH_MSC_BOT_Process                     0x0800af75   Thumb Code   622  usbh_msc_bot.o(i.USBH_MSC_BOT_Process)
    USBH_MSC_BOT_REQ_GetMaxLUN               0x0800b1e3   Thumb Code    36  usbh_msc_bot.o(i.USBH_MSC_BOT_REQ_GetMaxLUN)
    USBH_MSC_BOT_REQ_Reset                   0x0800b207   Thumb Code    32  usbh_msc_bot.o(i.USBH_MSC_BOT_REQ_Reset)
    USBH_MSC_GetLUNInfo                      0x0800b305   Thumb Code    56  usbh_msc.o(i.USBH_MSC_GetLUNInfo)
    USBH_MSC_Read                            0x0800bb1d   Thumb Code   154  usbh_msc.o(i.USBH_MSC_Read)
    USBH_MSC_SCSI_Inquiry                    0x0800bbb7   Thumb Code   242  usbh_msc_scsi.o(i.USBH_MSC_SCSI_Inquiry)
    USBH_MSC_SCSI_Read                       0x0800bca9   Thumb Code   162  usbh_msc_scsi.o(i.USBH_MSC_SCSI_Read)
    USBH_MSC_SCSI_ReadCapacity               0x0800bd4b   Thumb Code   168  usbh_msc_scsi.o(i.USBH_MSC_SCSI_ReadCapacity)
    USBH_MSC_SCSI_RequestSense               0x0800bdf3   Thumb Code   178  usbh_msc_scsi.o(i.USBH_MSC_SCSI_RequestSense)
    USBH_MSC_SCSI_TestUnitReady              0x0800bea5   Thumb Code    98  usbh_msc_scsi.o(i.USBH_MSC_SCSI_TestUnitReady)
    USBH_MSC_SCSI_Write                      0x0800bf07   Thumb Code   162  usbh_msc_scsi.o(i.USBH_MSC_SCSI_Write)
    USBH_MSC_UnitIsReady                     0x0800bfaf   Thumb Code    48  usbh_msc.o(i.USBH_MSC_UnitIsReady)
    USBH_MSC_Write                           0x0800bfdf   Thumb Code   154  usbh_msc.o(i.USBH_MSC_Write)
    USBH_OpenPipe                            0x0800c079   Thumb Code    42  usbh_pipes.o(i.USBH_OpenPipe)
    USBH_Process                             0x0800c251   Thumb Code   428  usbh_core.o(i.USBH_Process)
    USBH_RegisterClass                       0x0800c3fd   Thumb Code    42  usbh_core.o(i.USBH_RegisterClass)
    USBH_SelectInterface                     0x0800c427   Thumb Code    22  usbh_core.o(i.USBH_SelectInterface)
    USBH_SetAddress                          0x0800c43d   Thumb Code    40  usbh_ctlreq.o(i.USBH_SetAddress)
    USBH_SetCfg                              0x0800c465   Thumb Code    40  usbh_ctlreq.o(i.USBH_SetCfg)
    USBH_Start                               0x0800c48d   Thumb Code    22  usbh_core.o(i.USBH_Start)
    USBH_initialize                          0x0800c4ed   Thumb Code     4  usbh_diskio.o(i.USBH_initialize)
    USBH_ioctl                               0x0800c4f1   Thumb Code   118  usbh_diskio.o(i.USBH_ioctl)
    USBH_read                                0x0800c56d   Thumb Code   166  usbh_diskio.o(i.USBH_read)
    USBH_status                              0x0800c619   Thumb Code    24  usbh_diskio.o(i.USBH_status)
    USBH_write                               0x0800c635   Thumb Code   172  usbh_diskio.o(i.USBH_write)
    USB_CoreInit                             0x0800c6e5   Thumb Code   108  stm32f4xx_ll_usb.o(i.USB_CoreInit)
    USB_DisableGlobalInt                     0x0800c7a1   Thumb Code    14  stm32f4xx_ll_usb.o(i.USB_DisableGlobalInt)
    USB_DoPing                               0x0800c7b1   Thumb Code    78  stm32f4xx_ll_usb.o(i.USB_DoPing)
    USB_DriveVbus                            0x0800c805   Thumb Code    68  stm32f4xx_ll_usb.o(i.USB_DriveVbus)
    USB_EnableGlobalInt                      0x0800c849   Thumb Code    14  stm32f4xx_ll_usb.o(i.USB_EnableGlobalInt)
    USB_FlushRxFifo                          0x0800c859   Thumb Code    38  stm32f4xx_ll_usb.o(i.USB_FlushRxFifo)
    USB_FlushTxFifo                          0x0800c885   Thumb Code    44  stm32f4xx_ll_usb.o(i.USB_FlushTxFifo)
    USB_GetCurrentFrame                      0x0800c8b5   Thumb Code    12  stm32f4xx_ll_usb.o(i.USB_GetCurrentFrame)
    USB_GetHostSpeed                         0x0800c8c1   Thumb Code    18  stm32f4xx_ll_usb.o(i.USB_GetHostSpeed)
    USB_GetMode                              0x0800c8d3   Thumb Code    10  stm32f4xx_ll_usb.o(i.USB_GetMode)
    USB_HC_Halt                              0x0800c8dd   Thumb Code   376  stm32f4xx_ll_usb.o(i.USB_HC_Halt)
    USB_HC_Init                              0x0800ca55   Thumb Code   392  stm32f4xx_ll_usb.o(i.USB_HC_Init)
    USB_HC_ReadInterrupt                     0x0800cbdd   Thumb Code    12  stm32f4xx_ll_usb.o(i.USB_HC_ReadInterrupt)
    USB_HC_StartXfer                         0x0800cbe9   Thumb Code   396  stm32f4xx_ll_usb.o(i.USB_HC_StartXfer)
    USB_HostInit                             0x0800cd79   Thumb Code   214  stm32f4xx_ll_usb.o(i.USB_HostInit)
    USB_InitFSLSPClkSel                      0x0800ce65   Thumb Code    62  stm32f4xx_ll_usb.o(i.USB_InitFSLSPClkSel)
    USB_ReadInterrupts                       0x0800cea3   Thumb Code    12  stm32f4xx_ll_usb.o(i.USB_ReadInterrupts)
    USB_ReadPacket                           0x0800ceaf   Thumb Code    40  stm32f4xx_ll_usb.o(i.USB_ReadPacket)
    USB_ResetPort                            0x0800ced7   Thumb Code    48  stm32f4xx_ll_usb.o(i.USB_ResetPort)
    USB_SetCurrentMode                       0x0800cf07   Thumb Code    48  stm32f4xx_ll_usb.o(i.USB_SetCurrentMode)
    USB_StopHost                             0x0800cf37   Thumb Code   174  stm32f4xx_ll_usb.o(i.USB_StopHost)
    USB_WritePacket                          0x0800cfe5   Thumb Code    58  stm32f4xx_ll_usb.o(i.USB_WritePacket)
    UsageFault_Handler                       0x0800d01f   Thumb Code     4  stm32f4xx_it.o(i.UsageFault_Handler)
    WavePlayBack                             0x0800d1b9   Thumb Code   314  waveplayer.o(i.WavePlayBack)
    WavePlayerInit                           0x0800d329   Thumb Code    22  waveplayer.o(i.WavePlayerInit)
    WavePlayerPauseResume                    0x0800d345   Thumb Code    18  waveplayer.o(i.WavePlayerPauseResume)
    WavePlayerStart                          0x0800d359   Thumb Code    94  waveplayer.o(i.WavePlayerStart)
    WavePlayerStop                           0x0800d3e9   Thumb Code    10  waveplayer.o(i.WavePlayerStop)
    WavePlayer_CallBack                      0x0800d3f5   Thumb Code    72  waveplayer.o(i.WavePlayer_CallBack)
    WaveRecorderProcess                      0x0800d459   Thumb Code   304  waverecorder.o(i.WaveRecorderProcess)
    WaveRecorderStop                         0x0800d5d1   Thumb Code     8  waverecorder.o(i.WaveRecorderStop)
    __scatterload_copy                       0x0800d5d9   Thumb Code    14  handlers.o(i.__scatterload_copy)
    __scatterload_null                       0x0800d5e7   Thumb Code     2  handlers.o(i.__scatterload_null)
    __scatterload_zeroinit                   0x0800d5e9   Thumb Code    14  handlers.o(i.__scatterload_zeroinit)
    clust2sect                               0x0800d765   Thumb Code    32  ff.o(i.clust2sect)
    cs43l22_Init                             0x0800d989   Thumb Code   256  cs43l22.o(i.cs43l22_Init)
    cs43l22_Pause                            0x0800da8d   Thumb Code    32  cs43l22.o(i.cs43l22_Pause)
    cs43l22_Play                             0x0800daad   Thumb Code    54  cs43l22.o(i.cs43l22_Play)
    cs43l22_ReadID                           0x0800dae9   Thumb Code    18  cs43l22.o(i.cs43l22_ReadID)
    cs43l22_Resume                           0x0800dafd   Thumb Code    68  cs43l22.o(i.cs43l22_Resume)
    cs43l22_SetFrequency                     0x0800db45   Thumb Code     6  cs43l22.o(i.cs43l22_SetFrequency)
    cs43l22_SetMute                          0x0800db4d   Thumb Code    44  cs43l22.o(i.cs43l22_SetMute)
    cs43l22_SetOutputMode                    0x0800db7d   Thumb Code   132  cs43l22.o(i.cs43l22_SetOutputMode)
    cs43l22_SetVolume                        0x0800dc05   Thumb Code   108  cs43l22.o(i.cs43l22_SetVolume)
    cs43l22_Stop                             0x0800dc71   Thumb Code    40  cs43l22.o(i.cs43l22_Stop)
    disk_initialize                          0x0800e155   Thumb Code    34  diskio.o(i.disk_initialize)
    disk_ioctl                               0x0800e17d   Thumb Code    32  diskio.o(i.disk_ioctl)
    disk_read                                0x0800e1a1   Thumb Code    36  diskio.o(i.disk_read)
    disk_status                              0x0800e1c9   Thumb Code    20  diskio.o(i.disk_status)
    disk_write                               0x0800e1e1   Thumb Code    36  diskio.o(i.disk_write)
    f_close                                  0x0800e231   Thumb Code    46  ff.o(i.f_close)
    f_lseek                                  0x0800e25f   Thumb Code   520  ff.o(i.f_lseek)
    f_mount                                  0x0800e469   Thumb Code    96  ff.o(i.f_mount)
    f_open                                   0x0800e4cd   Thumb Code   476  ff.o(i.f_open)
    f_opendir                                0x0800e6a9   Thumb Code   166  ff.o(i.f_opendir)
    f_read                                   0x0800e74f   Thumb Code   584  ff.o(i.f_read)
    f_sync                                   0x0800e997   Thumb Code   202  ff.o(i.f_sync)
    f_unlink                                 0x0800ea61   Thumb Code   226  ff.o(i.f_unlink)
    f_write                                  0x0800eb43   Thumb Code   666  ff.o(i.f_write)
    free                                     0x0800f285   Thumb Code    76  malloc.o(i.free)
    get_fat                                  0x0800f2d5   Thumb Code   308  ff.o(i.get_fat)
    get_fattime                              0x0800f409   Thumb Code     4  diskio.o(i.get_fattime)
    main                                     0x0800f54d   Thumb Code   150  main.o(i.main)
    malloc                                   0x0800f609   Thumb Code    92  malloc.o(i.malloc)
    put_fat                                  0x0800f6ff   Thumb Code   394  ff.o(i.put_fat)
    GPIO_PIN                                 0x0800faa8   Data           8  stm32f4_discovery.o(.constdata)
    BUTTON_PIN                               0x0800fab0   Data           2  stm32f4_discovery.o(.constdata)
    BUTTON_IRQn                              0x0800fab2   Data           1  stm32f4_discovery.o(.constdata)
    APBAHBPrescTable                         0x0800fab3   Data          16  stm32f4xx_hal_rcc.o(.constdata)
    Region$$Table$$Base                      0x0800fb74   Number         0  anon$$obj.o(Region$$Table)
    Region$$Table$$Limit                     0x0800fb94   Number         0  anon$$obj.o(Region$$Table)
    PressCount                               0x20000000   Data           4  main.o(.data)
    PauseResumeStatus                        0x20000004   Data           4  main.o(.data)
    RepeatState                              0x20000008   Data           4  main.o(.data)
    CCR1Val                                  0x2000000c   Data           2  main.o(.data)
    MemsID                                   0x2000000e   Data           1  main.o(.data)
    CmdIndex                                 0x20000010   Data           4  main.o(.data)
    PbPressCheck                             0x20000014   Data           4  main.o(.data)
    USBDISKPath                              0x20000018   Data           4  main.o(.data)
    AppliState                               0x2000001c   Data           1  main.o(.data)
    TimeRecBase                              0x20000020   Data           4  stm32f4xx_it.o(.data)
    LEDsState                                0x20000024   Data           4  waveplayer.o(.data)
    AudioPlayStart                           0x20000028   Data           4  waveplayer.o(.data)
    buffer_offset                            0x20000034   Data           1  waveplayer.o(.data)
    WaveCounter                              0x20000038   Data           4  waverecorder.o(.data)
    WaveRecStatus                            0x2000003c   Data           4  waverecorder.o(.data)
    ITCounter                                0x20000040   Data           4  waverecorder.o(.data)
    BufferCtl                                0x20000044   Data           8  waverecorder.o(.data)
    AUDIODataReady                           0x2000004c   Data           4  waverecorder.o(.data)
    AUDIOBuffOffset                          0x20000050   Data           4  waverecorder.o(.data)
    cs43l22_drv                              0x20000054   Data          44  cs43l22.o(.data)
    OutputDev                                0x20000081   Data           1  cs43l22.o(.data)
    Lis3dshDrv                               0x20000084   Data          44  lis3dsh.o(.data)
    Lis302dlDrv                              0x200000b0   Data          44  lis302dl.o(.data)
    GPIO_PORT                                0x200000dc   Data          16  stm32f4_discovery.o(.data)
    BUTTON_PORT                              0x200000ec   Data           4  stm32f4_discovery.o(.data)
    I2cxTimeout                              0x200000f0   Data           4  stm32f4_discovery.o(.data)
    SpixTimeout                              0x200000f4   Data           4  stm32f4_discovery.o(.data)
    AudioInVolume                            0x20000100   Data           2  stm32f4_discovery_audio.o(.data)
    SystemCoreClock                          0x20000104   Data           4  system_stm32f4xx.o(.data)
    AHBPrescTable                            0x20000108   Data          16  system_stm32f4xx.o(.data)
    USBH_Driver                              0x20000124   Data          20  usbh_diskio.o(.data)
    USBH_msc                                 0x20000138   Data          32  usbh_msc.o(.data)
    stm32_crc                                0x20000158   Data           4  pdm_filter.o(.data)
    T0                                       0x2000015c   Data         256  pdm_filter.o(.data)
    T1                                       0x2000025c   Data         256  pdm_filter.o(.data)
    T2                                       0x2000035c   Data         256  pdm_filter.o(.data)
    __microlib_freelist                      0x2000045c   Data           4  mvars.o(.data)
    __microlib_freelist_initialised          0x20000460   Data           4  mvars.o(.data)
    hTimLed                                  0x20000464   Data          60  main.o(.bss)
    sConfigLed                               0x200004a0   Data          28  main.o(.bss)
    USBDISKFatFs                             0x200004bc   Data        2096  main.o(.bss)
    hUSBHost                                 0x20000cec   Data         920  main.o(.bss)
    hHCD                                     0x20001084   Data         656  usbh_conf.o(.bss)
    Audio_Buffer                             0x20001314   Data        4096  waveplayer.o(.bss)
    FileRead                                 0x20002314   Data        2088  waveplayer.o(.bss)
    Directory                                0x20002b3c   Data        2080  waveplayer.o(.bss)
    WavFile                                  0x2000335c   Data        2088  waverecorder.o(.bss)
    pHeaderBuff                              0x20003b84   Data          44  waverecorder.o(.bss)
    WrBuffer                                 0x20003bb0   Data        8192  waverecorder.o(.bss)
    WaveFormat                               0x20005cf0   Data          44  waverecorder.o(.bss)
    hAudioOutI2s                             0x20005da8   Data          64  stm32f4_discovery_audio.o(.bss)
    hAudioInI2s                              0x20005de8   Data          64  stm32f4_discovery_audio.o(.bss)
    Filter                                   0x20005e28   Data          52  stm32f4_discovery_audio.o(.bss)
    disk                                     0x20005f14   Data          12  ff_gen_drv.o(.bss)
    __heap_base                              0x20005f20   Data           0  startup_stm32f407xx.o(HEAP)
    __heap_limit                             0x20007f20   Data           0  startup_stm32f407xx.o(HEAP)
    __initial_sp                             0x20009f20   Data           0  startup_stm32f407xx.o(STACK)



==============================================================================

Memory Map of the image

  Image Entry point : 0x08000189

  Load Region LR_IROM1 (Base: 0x08000000, Size: 0x0000fff8, Max: 0x00100000, ABSOLUTE, COMPRESSED[0x0000fe48])

    Execution Region ER_IROM1 (Base: 0x08000000, Size: 0x0000fb94, Max: 0x00100000, ABSOLUTE)

    Base Addr    Size         Type   Attr      Idx    E Section Name        Object

    0x08000000   0x00000188   Data   RO            3    RESET               startup_stm32f407xx.o
    0x08000188   0x00000000   Code   RO         5373  * .ARM.Collect$$$$00000000  mc_w.l(entry.o)
    0x08000188   0x00000004   Code   RO         5424    .ARM.Collect$$$$00000001  mc_w.l(entry2.o)
    0x0800018c   0x00000004   Code   RO         5427    .ARM.Collect$$$$00000004  mc_w.l(entry5.o)
    0x08000190   0x00000000   Code   RO         5429    .ARM.Collect$$$$00000008  mc_w.l(entry7b.o)
    0x08000190   0x00000000   Code   RO         5431    .ARM.Collect$$$$0000000A  mc_w.l(entry8b.o)
    0x08000190   0x00000008   Code   RO         5432    .ARM.Collect$$$$0000000B  mc_w.l(entry9a.o)
    0x08000198   0x00000000   Code   RO         5434    .ARM.Collect$$$$0000000D  mc_w.l(entry10a.o)
    0x08000198   0x00000000   Code   RO         5436    .ARM.Collect$$$$0000000F  mc_w.l(entry11a.o)
    0x08000198   0x00000004   Code   RO         5425    .ARM.Collect$$$$00002712  mc_w.l(entry2.o)
    0x0800019c   0x00000024   Code   RO            4    .text               startup_stm32f407xx.o
    0x080001c0   0x00001584   Code   RO         5370    .text               libPDMFilter_CM4_Keil.lib(pdm_filter.o)
    0x08001744   0x00000024   Code   RO         5376    .text               mc_w.l(memcpya.o)
    0x08001768   0x00000024   Code   RO         5378    .text               mc_w.l(memseta.o)
    0x0800178c   0x00000018   Code   RO         5410    .text               mf_w.l(fscalb.o)
    0x080017a4   0x0000014e   Code   RO         5412    .text               mf_w.l(dadd.o)
    0x080018f2   0x000000e4   Code   RO         5414    .text               mf_w.l(dmul.o)
    0x080019d6   0x000000de   Code   RO         5416    .text               mf_w.l(ddiv.o)
    0x08001ab4   0x0000001a   Code   RO         5418    .text               mf_w.l(dfltui.o)
    0x08001ace   0x00000032   Code   RO         5420    .text               mf_w.l(dfixui.o)
    0x08001b00   0x00000026   Code   RO         5422    .text               mf_w.l(f2d.o)
    0x08001b26   0x0000001e   Code   RO         5438    .text               mc_w.l(llshl.o)
    0x08001b44   0x00000020   Code   RO         5440    .text               mc_w.l(llushr.o)
    0x08001b64   0x00000024   Code   RO         5442    .text               mc_w.l(llsshr.o)
    0x08001b88   0x00000000   Code   RO         5446    .text               mc_w.l(iusefp.o)
    0x08001b88   0x000000ba   Code   RO         5447    .text               mf_w.l(depilogue.o)
    0x08001c42   0x00000002   PAD
    0x08001c44   0x00000024   Code   RO         5449    .text               mc_w.l(init.o)
    0x08001c68   0x00000056   Code   RO         5459    .text               mc_w.l(__dczerorl2.o)
    0x08001cbe   0x00000002   PAD
    0x08001cc0   0x00000048   Code   RO          898    i.ACCELERO_IO_ITConfig  stm32f4_discovery.o
    0x08001d08   0x00000044   Code   RO          899    i.ACCELERO_IO_Init  stm32f4_discovery.o
    0x08001d4c   0x0000004c   Code   RO          900    i.ACCELERO_IO_Read  stm32f4_discovery.o
    0x08001d98   0x00000044   Code   RO          901    i.ACCELERO_IO_Write  stm32f4_discovery.o
    0x08001ddc   0x00000058   Code   RO          902    i.AUDIO_IO_Init     stm32f4_discovery.o
    0x08001e34   0x00000010   Code   RO          903    i.AUDIO_IO_Read     stm32f4_discovery.o
    0x08001e44   0x00000014   Code   RO          904    i.AUDIO_IO_Write    stm32f4_discovery.o
    0x08001e58   0x00000018   Code   RO         1046    i.BSP_ACCELERO_Click_ITClear  stm32f4_discovery_accelerometer.o
    0x08001e70   0x00000018   Code   RO         1047    i.BSP_ACCELERO_Click_ITConfig  stm32f4_discovery_accelerometer.o
    0x08001e88   0x00000108   Code   RO         1049    i.BSP_ACCELERO_Init  stm32f4_discovery_accelerometer.o
    0x08001f90   0x00000020   Code   RO         1050    i.BSP_ACCELERO_ReadID  stm32f4_discovery_accelerometer.o
    0x08001fb0   0x00000002   Code   RO         1098    i.BSP_AUDIO_IN_Error_Callback  stm32f4_discovery_audio.o
    0x08001fb2   0x00000002   PAD
    0x08001fb4   0x00000088   Code   RO          604    i.BSP_AUDIO_IN_HalfTransfer_CallBack  waverecorder.o
    0x0800203c   0x00000050   Code   RO         1100    i.BSP_AUDIO_IN_Init  stm32f4_discovery_audio.o
    0x0800208c   0x0000007c   Code   RO         1101    i.BSP_AUDIO_IN_PDMToPCM  stm32f4_discovery_audio.o
    0x08002108   0x0000001c   Code   RO         1103    i.BSP_AUDIO_IN_Record  stm32f4_discovery_audio.o
    0x08002124   0x00000014   Code   RO         1106    i.BSP_AUDIO_IN_Stop  stm32f4_discovery_audio.o
    0x08002138   0x00000088   Code   RO          605    i.BSP_AUDIO_IN_TransferComplete_CallBack  waverecorder.o
    0x080021c0   0x00000018   Code   RO         1108    i.BSP_AUDIO_OUT_ChangeBuffer  stm32f4_discovery_audio.o
    0x080021d8   0x00000004   Code   RO          531    i.BSP_AUDIO_OUT_Error_CallBack  waveplayer.o
    0x080021dc   0x0000000c   Code   RO          532    i.BSP_AUDIO_OUT_HalfTransfer_CallBack  waveplayer.o
    0x080021e8   0x0000008c   Code   RO         1111    i.BSP_AUDIO_OUT_Init  stm32f4_discovery_audio.o
    0x08002274   0x00000024   Code   RO         1112    i.BSP_AUDIO_OUT_Pause  stm32f4_discovery_audio.o
    0x08002298   0x00000044   Code   RO         1113    i.BSP_AUDIO_OUT_Play  stm32f4_discovery_audio.o
    0x080022dc   0x00000024   Code   RO         1114    i.BSP_AUDIO_OUT_Resume  stm32f4_discovery_audio.o
    0x08002300   0x00000040   Code   RO         1119    i.BSP_AUDIO_OUT_Stop  stm32f4_discovery_audio.o
    0x08002340   0x0000001c   Code   RO          533    i.BSP_AUDIO_OUT_TransferComplete_CallBack  waveplayer.o
    0x0800235c   0x00000088   Code   RO          906    i.BSP_LED_Init      stm32f4_discovery.o
    0x080023e4   0x00000020   Code   RO          907    i.BSP_LED_Off       stm32f4_discovery.o
    0x08002404   0x00000020   Code   RO          908    i.BSP_LED_On        stm32f4_discovery.o
    0x08002424   0x00000020   Code   RO          909    i.BSP_LED_Toggle    stm32f4_discovery.o
    0x08002444   0x00000088   Code   RO          911    i.BSP_PB_Init       stm32f4_discovery.o
    0x080024cc   0x00000004   Code   RO          280    i.BusFault_Handler  stm32f4xx_it.o
    0x080024d0   0x0000001c   Code   RO          666    i.CODEC_IO_Write    cs43l22.o
    0x080024ec   0x00000034   Code   RO           12    i.COMMAND_AudioExecuteApplication  main.o
    0x08002520   0x00000010   Code   RO          281    i.DMA1_Stream3_IRQHandler  stm32f4xx_it.o
    0x08002530   0x00000010   Code   RO          282    i.DMA1_Stream7_IRQHandler  stm32f4xx_it.o
    0x08002540   0x00000020   Code   RO         1604    i.DMA_SetConfig     stm32f4xx_hal_dma.o
    0x08002560   0x00000052   Code   RO         5038    i.DeInitStateMachine  usbh_core.o
    0x080025b2   0x00000002   Code   RO          283    i.DebugMon_Handler  stm32f4xx_it.o
    0x080025b4   0x0000000a   Code   RO          284    i.EXTI0_IRQHandler  stm32f4xx_it.o
    0x080025be   0x0000000a   Code   RO          285    i.EXTI1_IRQHandler  stm32f4xx_it.o
    0x080025c8   0x0000000a   Code   RO           13    i.Error_Handler     main.o
    0x080025d2   0x00000002   PAD
    0x080025d4   0x0000004c   Code   RO         4737    i.FATFS_LinkDriver  ff_gen_drv.o
    0x08002620   0x0000005e   Code   RO         1605    i.HAL_DMA_Abort     stm32f4xx_hal_dma.o
    0x0800267e   0x00000002   PAD
    0x08002680   0x00000f64   Code   RO         1606    i.HAL_DMA_DeInit    stm32f4xx_hal_dma.o
    0x080035e4   0x00002638   Code   RO         1609    i.HAL_DMA_IRQHandler  stm32f4xx_hal_dma.o
    0x08005c1c   0x0000007c   Code   RO         1610    i.HAL_DMA_Init      stm32f4xx_hal_dma.o
    0x08005c98   0x0000008e   Code   RO         1613    i.HAL_DMA_Start_IT  stm32f4xx_hal_dma.o
    0x08005d26   0x0000001a   Code   RO         1345    i.HAL_Delay         stm32f4xx_hal.o
    0x08005d40   0x00000088   Code   RO           14    i.HAL_GPIO_EXTI_Callback  main.o
    0x08005dc8   0x0000001c   Code   RO         1888    i.HAL_GPIO_EXTI_IRQHandler  stm32f4xx_hal_gpio.o
    0x08005de4   0x00000208   Code   RO         1889    i.HAL_GPIO_Init     stm32f4xx_hal_gpio.o
    0x08005fec   0x00000008   Code   RO         1892    i.HAL_GPIO_TogglePin  stm32f4xx_hal_gpio.o
    0x08005ff4   0x0000000a   Code   RO         1893    i.HAL_GPIO_WritePin  stm32f4xx_hal_gpio.o
    0x08005ffe   0x00000002   PAD
    0x08006000   0x0000000c   Code   RO         1357    i.HAL_GetTick       stm32f4xx_hal.o
    0x0800600c   0x0000000e   Code   RO          388    i.HAL_HCD_Connect_Callback  usbh_conf.o
    0x0800601a   0x0000000e   Code   RO          389    i.HAL_HCD_Disconnect_Callback  usbh_conf.o
    0x08006028   0x0000000c   Code   RO         1951    i.HAL_HCD_GetCurrentFrame  stm32f4xx_hal_hcd.o
    0x08006034   0x0000000c   Code   RO         1952    i.HAL_HCD_GetCurrentSpeed  stm32f4xx_hal_hcd.o
    0x08006040   0x00000014   Code   RO         1955    i.HAL_HCD_HC_GetURBState  stm32f4xx_hal_hcd.o
    0x08006054   0x00000012   Code   RO         1956    i.HAL_HCD_HC_GetXferCount  stm32f4xx_hal_hcd.o
    0x08006066   0x00000034   Code   RO         1957    i.HAL_HCD_HC_Halt   stm32f4xx_hal_hcd.o
    0x0800609a   0x000000ba   Code   RO         1958    i.HAL_HCD_HC_Init   stm32f4xx_hal_hcd.o
    0x08006154   0x00000002   Code   RO          390    i.HAL_HCD_HC_NotifyURBChange_Callback  usbh_conf.o
    0x08006156   0x00000268   Code   RO         1960    i.HAL_HCD_HC_SubmitRequest  stm32f4xx_hal_hcd.o
    0x080063be   0x00000166   Code   RO         1961    i.HAL_HCD_IRQHandler  stm32f4xx_hal_hcd.o
    0x08006524   0x0000005a   Code   RO         1962    i.HAL_HCD_Init      stm32f4xx_hal_hcd.o
    0x0800657e   0x00000002   PAD
    0x08006580   0x000000bc   Code   RO          392    i.HAL_HCD_MspInit   usbh_conf.o
    0x0800663c   0x0000000c   Code   RO         1965    i.HAL_HCD_ResetPort  stm32f4xx_hal_hcd.o
    0x08006648   0x0000000e   Code   RO          393    i.HAL_HCD_SOF_Callback  usbh_conf.o
    0x08006656   0x00000036   Code   RO         1967    i.HAL_HCD_Start     stm32f4xx_hal_hcd.o
    0x0800668c   0x0000002e   Code   RO         1968    i.HAL_HCD_Stop      stm32f4xx_hal_hcd.o
    0x080066ba   0x00000038   Code   RO         2108    i.HAL_I2C_DeInit    stm32f4xx_hal_i2c.o
    0x080066f2   0x00000008   Code   RO         2113    i.HAL_I2C_GetState  stm32f4xx_hal_i2c.o
    0x080066fa   0x00000002   PAD
    0x080066fc   0x0000011c   Code   RO         2114    i.HAL_I2C_Init      stm32f4xx_hal_i2c.o
    0x08006818   0x0000022c   Code   RO         2126    i.HAL_I2C_Mem_Read  stm32f4xx_hal_i2c.o
    0x08006a44   0x00000114   Code   RO         2129    i.HAL_I2C_Mem_Write  stm32f4xx_hal_i2c.o
    0x08006b58   0x00000002   Code   RO         2132    i.HAL_I2C_MspDeInit  stm32f4xx_hal_i2c.o
    0x08006b5a   0x00000002   Code   RO         2133    i.HAL_I2C_MspInit   stm32f4xx_hal_i2c.o
    0x08006b5c   0x000000d8   Code   RO         2460    i.HAL_I2S_DMAPause  stm32f4xx_hal_i2s.o
    0x08006c34   0x000000f0   Code   RO         2461    i.HAL_I2S_DMAResume  stm32f4xx_hal_i2s.o
    0x08006d24   0x000000f4   Code   RO         2462    i.HAL_I2S_DMAStop   stm32f4xx_hal_i2s.o
    0x08006e18   0x00000028   Code   RO         1121    i.HAL_I2S_ErrorCallback  stm32f4_discovery_audio.o
    0x08006e40   0x00000008   Code   RO         2466    i.HAL_I2S_GetState  stm32f4xx_hal_i2s.o
    0x08006e48   0x00000238   Code   RO         2468    i.HAL_I2S_Init      stm32f4xx_hal_i2s.o
    0x08007080   0x00000002   Code   RO         2470    i.HAL_I2S_MspInit   stm32f4xx_hal_i2s.o
    0x08007082   0x00000002   PAD
    0x08007084   0x00000108   Code   RO         2472    i.HAL_I2S_Receive_DMA  stm32f4xx_hal_i2s.o
    0x0800718c   0x0000000a   Code   RO         1122    i.HAL_I2S_RxCpltCallback  stm32f4_discovery_audio.o
    0x08007196   0x0000000a   Code   RO         1123    i.HAL_I2S_RxHalfCpltCallback  stm32f4_discovery_audio.o
    0x080071a0   0x000000f0   Code   RO         2477    i.HAL_I2S_Transmit_DMA  stm32f4xx_hal_i2s.o
    0x08007290   0x00000018   Code   RO         1124    i.HAL_I2S_TxCpltCallback  stm32f4_discovery_audio.o
    0x080072a8   0x00000018   Code   RO         1125    i.HAL_I2S_TxHalfCpltCallback  stm32f4_discovery_audio.o
    0x080072c0   0x00000010   Code   RO         1358    i.HAL_IncTick       stm32f4xx_hal.o
    0x080072d0   0x0000003c   Code   RO         1359    i.HAL_Init          stm32f4xx_hal.o
    0x0800730c   0x00000024   Code   RO         1360    i.HAL_InitTick      stm32f4xx_hal.o
    0x08007330   0x00000002   Code   RO         1362    i.HAL_MspInit       stm32f4xx_hal.o
    0x08007332   0x0000001a   Code   RO         1488    i.HAL_NVIC_EnableIRQ  stm32f4xx_hal_cortex.o
    0x0800734c   0x0000007c   Code   RO         1494    i.HAL_NVIC_SetPriority  stm32f4xx_hal_cortex.o
    0x080073c8   0x00000028   Code   RO         1495    i.HAL_NVIC_SetPriorityGrouping  stm32f4xx_hal_cortex.o
    0x080073f0   0x00000050   Code   RO         2915    i.HAL_RCCEx_GetPeriphCLKConfig  stm32f4xx_hal_rcc_ex.o
    0x08007440   0x00000198   Code   RO         2916    i.HAL_RCCEx_PeriphCLKConfig  stm32f4xx_hal_rcc_ex.o
    0x080075d8   0x00000254   Code   RO         2815    i.HAL_RCC_ClockConfig  stm32f4xx_hal_rcc.o
    0x0800782c   0x00000038   Code   RO         2820    i.HAL_RCC_GetHCLKFreq  stm32f4xx_hal_rcc.o
    0x08007864   0x0000002c   Code   RO         2822    i.HAL_RCC_GetPCLK1Freq  stm32f4xx_hal_rcc.o
    0x08007890   0x000000c4   Code   RO         2824    i.HAL_RCC_GetSysClockFreq  stm32f4xx_hal_rcc.o
    0x08007954   0x000003fc   Code   RO         2827    i.HAL_RCC_OscConfig  stm32f4xx_hal_rcc.o
    0x08007d50   0x00000032   Code   RO         2958    i.HAL_SPI_DeInit    stm32f4xx_hal_spi.o
    0x08007d82   0x00000008   Code   RO         2961    i.HAL_SPI_GetState  stm32f4xx_hal_spi.o
    0x08007d8a   0x00000084   Code   RO         2963    i.HAL_SPI_Init      stm32f4xx_hal_spi.o
    0x08007e0e   0x00000002   Code   RO         2964    i.HAL_SPI_MspDeInit  stm32f4xx_hal_spi.o
    0x08007e10   0x00000002   Code   RO         2965    i.HAL_SPI_MspInit   stm32f4xx_hal_spi.o
    0x08007e12   0x0000035c   Code   RO         2972    i.HAL_SPI_TransmitReceive  stm32f4xx_hal_spi.o
    0x0800816e   0x00000034   Code   RO         1499    i.HAL_SYSTICK_Config  stm32f4xx_hal_cortex.o
    0x080081a2   0x00000002   Code   RO         3816    i.HAL_TIMEx_BreakCallback  stm32f4xx_hal_tim_ex.o
    0x080081a4   0x00000002   Code   RO         3817    i.HAL_TIMEx_CommutationCallback  stm32f4xx_hal_tim_ex.o
    0x080081a6   0x00000002   Code   RO         3224    i.HAL_TIM_IC_CaptureCallback  stm32f4xx_hal_tim.o
    0x080081a8   0x00000196   Code   RO         3237    i.HAL_TIM_IRQHandler  stm32f4xx_hal_tim.o
    0x0800833e   0x00000074   Code   RO         3238    i.HAL_TIM_OC_ConfigChannel  stm32f4xx_hal_tim.o
    0x080083b2   0x00000002   PAD
    0x080083b4   0x000000c0   Code   RO           15    i.HAL_TIM_OC_DelayElapsedCallback  main.o
    0x08008474   0x0000002e   Code   RO         3242    i.HAL_TIM_OC_Init   stm32f4xx_hal_tim.o
    0x080084a2   0x00000002   Code   RO         3244    i.HAL_TIM_OC_MspInit  stm32f4xx_hal_tim.o
    0x080084a4   0x00000098   Code   RO         3247    i.HAL_TIM_OC_Start_IT  stm32f4xx_hal_tim.o
    0x0800853c   0x00000002   Code   RO         3267    i.HAL_TIM_PWM_PulseFinishedCallback  stm32f4xx_hal_tim.o
    0x0800853e   0x00000002   Code   RO         3274    i.HAL_TIM_PeriodElapsedCallback  stm32f4xx_hal_tim.o
    0x08008540   0x00000054   Code   RO         3275    i.HAL_TIM_ReadCapturedValue  stm32f4xx_hal_tim.o
    0x08008594   0x00000002   Code   RO         3277    i.HAL_TIM_TriggerCallback  stm32f4xx_hal_tim.o
    0x08008596   0x00000516   Code   RO         1969    i.HCD_HC_IN_IRQHandler  stm32f4xx_hal_hcd.o
    0x08008aac   0x000004fe   Code   RO         1970    i.HCD_HC_OUT_IRQHandler  stm32f4xx_hal_hcd.o
    0x08008faa   0x000000e2   Code   RO         1971    i.HCD_Port_IRQHandler  stm32f4xx_hal_hcd.o
    0x0800908c   0x00000118   Code   RO         1972    i.HCD_RXQLVL_IRQHandler  stm32f4xx_hal_hcd.o
    0x080091a4   0x00000004   Code   RO          286    i.HardFault_Handler  stm32f4xx_it.o
    0x080091a8   0x00000114   Code   RO         2155    i.I2C_RequestMemoryRead  stm32f4xx_hal_i2c.o
    0x080092bc   0x000000ac   Code   RO         2156    i.I2C_RequestMemoryWrite  stm32f4xx_hal_i2c.o
    0x08009368   0x000000de   Code   RO         2164    i.I2C_WaitOnFlagUntilTimeout  stm32f4xx_hal_i2c.o
    0x08009446   0x000000ac   Code   RO         2165    i.I2C_WaitOnMasterAddressFlagUntilTimeout  stm32f4xx_hal_i2c.o
    0x080094f2   0x00000002   PAD
    0x080094f4   0x00000014   Code   RO          912    i.I2Cx_Error        stm32f4_discovery.o
    0x08009508   0x00000040   Code   RO          913    i.I2Cx_Init         stm32f4_discovery.o
    0x08009548   0x00000084   Code   RO          914    i.I2Cx_MspInit      stm32f4_discovery.o
    0x080095cc   0x00000040   Code   RO          915    i.I2Cx_ReadData     stm32f4_discovery.o
    0x0800960c   0x0000003c   Code   RO          916    i.I2Cx_WriteData    stm32f4_discovery.o
    0x08009648   0x00000054   Code   RO         1126    i.I2S2_Init         stm32f4_discovery_audio.o
    0x0800969c   0x000000ec   Code   RO         1127    i.I2S2_MspInit      stm32f4_discovery_audio.o
    0x08009788   0x00000050   Code   RO         1128    i.I2S3_Init         stm32f4_discovery_audio.o
    0x080097d8   0x0000010c   Code   RO         1129    i.I2S3_MspInit      stm32f4_discovery_audio.o
    0x080098e4   0x00000024   Code   RO         2481    i.I2S_DMAError      stm32f4xx_hal_i2s.o
    0x08009908   0x00000078   Code   RO         2482    i.I2S_DMARxCplt     stm32f4xx_hal_i2s.o
    0x08009980   0x0000000e   Code   RO         2483    i.I2S_DMARxHalfCplt  stm32f4xx_hal_i2s.o
    0x0800998e   0x00000002   PAD
    0x08009990   0x00000078   Code   RO         2484    i.I2S_DMATxCplt     stm32f4xx_hal_i2s.o
    0x08009a08   0x0000000e   Code   RO         2485    i.I2S_DMATxHalfCplt  stm32f4xx_hal_i2s.o
    0x08009a16   0x0000001c   Code   RO          815    i.LIS302DL_Click_IntClear  lis302dl.o
    0x08009a32   0x00000094   Code   RO          816    i.LIS302DL_Click_IntConfig  lis302dl.o
    0x08009ac6   0x00000030   Code   RO          818    i.LIS302DL_FilterConfig  lis302dl.o
    0x08009af6   0x0000001c   Code   RO          820    i.LIS302DL_Init     lis302dl.o
    0x08009b12   0x0000002a   Code   RO          821    i.LIS302DL_InterruptConfig  lis302dl.o
    0x08009b3c   0x00000070   Code   RO          823    i.LIS302DL_ReadACC  lis302dl.o
    0x08009bac   0x0000001a   Code   RO          824    i.LIS302DL_ReadID   lis302dl.o
    0x08009bc6   0x00000022   Code   RO          825    i.LIS302DL_RebootCmd  lis302dl.o
    0x08009be8   0x000000c6   Code   RO          746    i.LIS3DSH_Click_IntConfig  lis3dsh.o
    0x08009cae   0x0000002a   Code   RO          749    i.LIS3DSH_Init      lis3dsh.o
    0x08009cd8   0x00000044   Code   RO          750    i.LIS3DSH_InterruptConfig  lis3dsh.o
    0x08009d1c   0x0000011c   Code   RO          752    i.LIS3DSH_ReadACC   lis3dsh.o
    0x08009e38   0x0000001a   Code   RO          753    i.LIS3DSH_ReadID    lis3dsh.o
    0x08009e52   0x00000022   Code   RO          754    i.LIS3DSH_RebootCmd  lis3dsh.o
    0x08009e74   0x00000044   Code   RO           16    i.MSC_Application   main.o
    0x08009eb8   0x00000004   Code   RO          287    i.MemManage_Handler  stm32f4xx_it.o
    0x08009ebc   0x00000002   Code   RO          288    i.NMI_Handler       stm32f4xx_it.o
    0x08009ebe   0x00000002   PAD
    0x08009ec0   0x00000010   Code   RO         1501    i.NVIC_GetPriorityGrouping  stm32f4xx_hal_cortex.o
    0x08009ed0   0x00000028   Code   RO         1502    i.NVIC_SetPriority  stm32f4xx_hal_cortex.o
    0x08009ef8   0x00000010   Code   RO          289    i.OTG_FS_IRQHandler  stm32f4xx_it.o
    0x08009f08   0x00000094   Code   RO         1130    i.PDMDecoder_Init   stm32f4_discovery_audio.o
    0x08009f9c   0x00000002   Code   RO          290    i.PendSV_Handler    stm32f4xx_it.o
    0x08009f9e   0x00000114   Code   RO         2993    i.SPI_WaitOnFlagUntilTimeout  stm32f4xx_hal_spi.o
    0x0800a0b2   0x00000002   PAD
    0x0800a0b4   0x00000014   Code   RO          917    i.SPIx_Error        stm32f4_discovery.o
    0x0800a0c8   0x00000050   Code   RO          918    i.SPIx_Init         stm32f4_discovery.o
    0x0800a118   0x00000048   Code   RO          919    i.SPIx_MspInit      stm32f4_discovery.o
    0x0800a160   0x00000030   Code   RO          920    i.SPIx_WriteRead    stm32f4_discovery.o
    0x0800a190   0x00000002   Code   RO          291    i.SVC_Handler       stm32f4xx_it.o
    0x0800a192   0x00000002   PAD
    0x0800a194   0x00000024   Code   RO          292    i.SysTick_Handler   stm32f4xx_it.o
    0x0800a1b8   0x0000007c   Code   RO           17    i.SystemClock_Config  main.o
    0x0800a234   0x00000064   Code   RO         1313    i.SystemInit        system_stm32f4xx.o
    0x0800a298   0x00000010   Code   RO          293    i.TIM4_IRQHandler   stm32f4xx_it.o
    0x0800a2a8   0x000000e4   Code   RO         3278    i.TIM_Base_SetConfig  stm32f4xx_hal_tim.o
    0x0800a38c   0x0000001c   Code   RO         3279    i.TIM_CCxChannelCmd  stm32f4xx_hal_tim.o
    0x0800a3a8   0x000000ac   Code   RO           18    i.TIM_LED_Config    main.o
    0x0800a454   0x00000070   Code   RO         3284    i.TIM_OC1_SetConfig  stm32f4xx_hal_tim.o
    0x0800a4c4   0x00000078   Code   RO         3285    i.TIM_OC2_SetConfig  stm32f4xx_hal_tim.o
    0x0800a53c   0x00000078   Code   RO         3286    i.TIM_OC3_SetConfig  stm32f4xx_hal_tim.o
    0x0800a5b4   0x00000060   Code   RO         3287    i.TIM_OC4_SetConfig  stm32f4xx_hal_tim.o
    0x0800a614   0x00000026   Code   RO         5329    i.USBH_AllocPipe    usbh_pipes.o
    0x0800a63a   0x0000002a   Code   RO         5261    i.USBH_BulkReceiveData  usbh_ioreq.o
    0x0800a664   0x00000034   Code   RO         5262    i.USBH_BulkSendData  usbh_ioreq.o
    0x0800a698   0x00000012   Code   RO         5330    i.USBH_ClosePipe    usbh_pipes.o
    0x0800a6aa   0x00000028   Code   RO         5157    i.USBH_ClrFeature   usbh_ctlreq.o
    0x0800a6d2   0x0000002a   Code   RO         5263    i.USBH_CtlReceiveData  usbh_ioreq.o
    0x0800a6fc   0x00000054   Code   RO         5158    i.USBH_CtlReq       usbh_ctlreq.o
    0x0800a750   0x00000034   Code   RO         5264    i.USBH_CtlSendData  usbh_ioreq.o
    0x0800a784   0x00000026   Code   RO         5265    i.USBH_CtlSendSetup  usbh_ioreq.o
    0x0800a7aa   0x0000000c   Code   RO          394    i.USBH_Delay        usbh_conf.o
    0x0800a7b6   0x00000050   Code   RO         5040    i.USBH_FindInterface  usbh_core.o
    0x0800a806   0x0000001e   Code   RO         5331    i.USBH_FreePipe     usbh_pipes.o
    0x0800a824   0x0000004a   Code   RO         5159    i.USBH_GetDescriptor  usbh_ctlreq.o
    0x0800a86e   0x00000028   Code   RO         5332    i.USBH_GetFreePipe  usbh_pipes.o
    0x0800a896   0x00000012   Code   RO         5160    i.USBH_GetNextDesc  usbh_ctlreq.o
    0x0800a8a8   0x0000002e   Code   RO         5161    i.USBH_Get_CfgDesc  usbh_ctlreq.o
    0x0800a8d6   0x0000002e   Code   RO         5162    i.USBH_Get_DevDesc  usbh_ctlreq.o
    0x0800a904   0x00000036   Code   RO         5163    i.USBH_Get_StringDesc  usbh_ctlreq.o
    0x0800a93a   0x000001be   Code   RO         5164    i.USBH_HandleControl  usbh_ctlreq.o
    0x0800aaf8   0x0000015a   Code   RO         5043    i.USBH_HandleEnum   usbh_core.o
    0x0800ac52   0x0000001c   Code   RO         5044    i.USBH_HandleSof    usbh_core.o
    0x0800ac6e   0x00000032   Code   RO         5045    i.USBH_Init         usbh_core.o
    0x0800aca0   0x00000014   Code   RO          395    i.USBH_LL_ClosePipe  usbh_conf.o
    0x0800acb4   0x00000032   Code   RO         5046    i.USBH_LL_Connect   usbh_core.o
    0x0800ace6   0x0000003e   Code   RO         5047    i.USBH_LL_Disconnect  usbh_core.o
    0x0800ad24   0x0000002c   Code   RO          397    i.USBH_LL_DriverVBUS  usbh_conf.o
    0x0800ad50   0x00000012   Code   RO          398    i.USBH_LL_GetLastXferSize  usbh_conf.o
    0x0800ad62   0x00000030   Code   RO          399    i.USBH_LL_GetSpeed  usbh_conf.o
    0x0800ad92   0x00000002   PAD
    0x0800ad94   0x00000034   Code   RO          400    i.USBH_LL_GetToggle  usbh_conf.o
    0x0800adc8   0x00000012   Code   RO          401    i.USBH_LL_GetURBState  usbh_conf.o
    0x0800adda   0x00000016   Code   RO         5048    i.USBH_LL_IncTimer  usbh_core.o
    0x0800adf0   0x00000058   Code   RO          402    i.USBH_LL_Init      usbh_conf.o
    0x0800ae48   0x0000002c   Code   RO          403    i.USBH_LL_OpenPipe  usbh_conf.o
    0x0800ae74   0x00000010   Code   RO          404    i.USBH_LL_ResetPort  usbh_conf.o
    0x0800ae84   0x00000006   Code   RO         5049    i.USBH_LL_SetTimer  usbh_core.o
    0x0800ae8a   0x00000002   PAD
    0x0800ae8c   0x00000034   Code   RO          405    i.USBH_LL_SetToggle  usbh_conf.o
    0x0800aec0   0x00000010   Code   RO          406    i.USBH_LL_Start     usbh_conf.o
    0x0800aed0   0x00000010   Code   RO          407    i.USBH_LL_Stop      usbh_conf.o
    0x0800aee0   0x0000002e   Code   RO          408    i.USBH_LL_SubmitURB  usbh_conf.o
    0x0800af0e   0x0000003c   Code   RO         4940    i.USBH_MSC_BOT_Abort  usbh_msc_bot.o
    0x0800af4a   0x00000002   PAD
    0x0800af4c   0x00000028   Code   RO         4941    i.USBH_MSC_BOT_Init  usbh_msc_bot.o
    0x0800af74   0x0000026e   Code   RO         4942    i.USBH_MSC_BOT_Process  usbh_msc_bot.o
    0x0800b1e2   0x00000024   Code   RO         4943    i.USBH_MSC_BOT_REQ_GetMaxLUN  usbh_msc_bot.o
    0x0800b206   0x00000020   Code   RO         4944    i.USBH_MSC_BOT_REQ_Reset  usbh_msc_bot.o
    0x0800b226   0x00000084   Code   RO         4853    i.USBH_MSC_ClassRequest  usbh_msc.o
    0x0800b2aa   0x00000002   PAD
    0x0800b2ac   0x00000058   Code   RO         4945    i.USBH_MSC_DecodeCSW  usbh_msc_bot.o
    0x0800b304   0x00000038   Code   RO         4854    i.USBH_MSC_GetLUNInfo  usbh_msc.o
    0x0800b33c   0x00000058   Code   RO         4856    i.USBH_MSC_InterfaceDeInit  usbh_msc.o
    0x0800b394   0x000001be   Code   RO         4857    i.USBH_MSC_InterfaceInit  usbh_msc.o
    0x0800b552   0x0000046e   Code   RO         4859    i.USBH_MSC_Process  usbh_msc.o
    0x0800b9c0   0x0000015c   Code   RO         4860    i.USBH_MSC_RdWrProcess  usbh_msc.o
    0x0800bb1c   0x0000009a   Code   RO         4861    i.USBH_MSC_Read     usbh_msc.o
    0x0800bbb6   0x000000f2   Code   RO         4988    i.USBH_MSC_SCSI_Inquiry  usbh_msc_scsi.o
    0x0800bca8   0x000000a2   Code   RO         4989    i.USBH_MSC_SCSI_Read  usbh_msc_scsi.o
    0x0800bd4a   0x000000a8   Code   RO         4990    i.USBH_MSC_SCSI_ReadCapacity  usbh_msc_scsi.o
    0x0800bdf2   0x000000b2   Code   RO         4991    i.USBH_MSC_SCSI_RequestSense  usbh_msc_scsi.o
    0x0800bea4   0x00000062   Code   RO         4992    i.USBH_MSC_SCSI_TestUnitReady  usbh_msc_scsi.o
    0x0800bf06   0x000000a2   Code   RO         4993    i.USBH_MSC_SCSI_Write  usbh_msc_scsi.o
    0x0800bfa8   0x00000006   Code   RO         4862    i.USBH_MSC_SOFProcess  usbh_msc.o
    0x0800bfae   0x00000030   Code   RO         4863    i.USBH_MSC_UnitIsReady  usbh_msc.o
    0x0800bfde   0x0000009a   Code   RO         4864    i.USBH_MSC_Write    usbh_msc.o
    0x0800c078   0x0000002a   Code   RO         5333    i.USBH_OpenPipe     usbh_pipes.o
    0x0800c0a2   0x000000da   Code   RO         5165    i.USBH_ParseCfgDesc  usbh_ctlreq.o
    0x0800c17c   0x00000058   Code   RO         5166    i.USBH_ParseDevDesc  usbh_ctlreq.o
    0x0800c1d4   0x00000020   Code   RO         5167    i.USBH_ParseEPDesc  usbh_ctlreq.o
    0x0800c1f4   0x00000026   Code   RO         5168    i.USBH_ParseInterfaceDesc  usbh_ctlreq.o
    0x0800c21a   0x00000036   Code   RO         5169    i.USBH_ParseStringDesc  usbh_ctlreq.o
    0x0800c250   0x000001ac   Code   RO         5050    i.USBH_Process      usbh_core.o
    0x0800c3fc   0x0000002a   Code   RO         5052    i.USBH_RegisterClass  usbh_core.o
    0x0800c426   0x00000016   Code   RO         5053    i.USBH_SelectInterface  usbh_core.o
    0x0800c43c   0x00000028   Code   RO         5170    i.USBH_SetAddress   usbh_ctlreq.o
    0x0800c464   0x00000028   Code   RO         5171    i.USBH_SetCfg       usbh_ctlreq.o
    0x0800c48c   0x00000016   Code   RO         5054    i.USBH_Start        usbh_core.o
    0x0800c4a2   0x00000002   PAD
    0x0800c4a4   0x00000048   Code   RO           19    i.USBH_UserProcess  main.o
    0x0800c4ec   0x00000004   Code   RO         4771    i.USBH_initialize   usbh_diskio.o
    0x0800c4f0   0x0000007c   Code   RO         4772    i.USBH_ioctl        usbh_diskio.o
    0x0800c56c   0x000000ac   Code   RO         4773    i.USBH_read         usbh_diskio.o
    0x0800c618   0x0000001c   Code   RO         4774    i.USBH_status       usbh_diskio.o
    0x0800c634   0x000000b0   Code   RO         4775    i.USBH_write        usbh_diskio.o
    0x0800c6e4   0x00000070   Code   RO         4069    i.USB_CoreInit      stm32f4xx_ll_usb.o
    0x0800c754   0x0000004c   Code   RO         4070    i.USB_CoreReset     stm32f4xx_ll_usb.o
    0x0800c7a0   0x0000000e   Code   RO         4076    i.USB_DisableGlobalInt  stm32f4xx_ll_usb.o
    0x0800c7ae   0x00000002   PAD
    0x0800c7b0   0x00000054   Code   RO         4077    i.USB_DoPing        stm32f4xx_ll_usb.o
    0x0800c804   0x00000044   Code   RO         4078    i.USB_DriveVbus     stm32f4xx_ll_usb.o
    0x0800c848   0x0000000e   Code   RO         4084    i.USB_EnableGlobalInt  stm32f4xx_ll_usb.o
    0x0800c856   0x00000002   PAD
    0x0800c858   0x0000002c   Code   RO         4085    i.USB_FlushRxFifo   stm32f4xx_ll_usb.o
    0x0800c884   0x00000030   Code   RO         4086    i.USB_FlushTxFifo   stm32f4xx_ll_usb.o
    0x0800c8b4   0x0000000c   Code   RO         4087    i.USB_GetCurrentFrame  stm32f4xx_ll_usb.o
    0x0800c8c0   0x00000012   Code   RO         4089    i.USB_GetHostSpeed  stm32f4xx_ll_usb.o
    0x0800c8d2   0x0000000a   Code   RO         4090    i.USB_GetMode       stm32f4xx_ll_usb.o
    0x0800c8dc   0x00000178   Code   RO         4091    i.USB_HC_Halt       stm32f4xx_ll_usb.o
    0x0800ca54   0x00000188   Code   RO         4092    i.USB_HC_Init       stm32f4xx_ll_usb.o
    0x0800cbdc   0x0000000c   Code   RO         4093    i.USB_HC_ReadInterrupt  stm32f4xx_ll_usb.o
    0x0800cbe8   0x00000190   Code   RO         4094    i.USB_HC_StartXfer  stm32f4xx_ll_usb.o
    0x0800cd78   0x000000ec   Code   RO         4095    i.USB_HostInit      stm32f4xx_ll_usb.o
    0x0800ce64   0x0000003e   Code   RO         4096    i.USB_InitFSLSPClkSel  stm32f4xx_ll_usb.o
    0x0800cea2   0x0000000c   Code   RO         4101    i.USB_ReadInterrupts  stm32f4xx_ll_usb.o
    0x0800ceae   0x00000028   Code   RO         4102    i.USB_ReadPacket    stm32f4xx_ll_usb.o
    0x0800ced6   0x00000030   Code   RO         4103    i.USB_ResetPort     stm32f4xx_ll_usb.o
    0x0800cf06   0x00000030   Code   RO         4104    i.USB_SetCurrentMode  stm32f4xx_ll_usb.o
    0x0800cf36   0x000000ae   Code   RO         4108    i.USB_StopHost      stm32f4xx_ll_usb.o
    0x0800cfe4   0x0000003a   Code   RO         4109    i.USB_WritePacket   stm32f4xx_ll_usb.o
    0x0800d01e   0x00000004   Code   RO          294    i.UsageFault_Handler  stm32f4xx_it.o
    0x0800d022   0x00000002   PAD
    0x0800d024   0x00000064   Code   RO          606    i.WavProcess_EncInit  waverecorder.o
    0x0800d088   0x000000d6   Code   RO          607    i.WavProcess_HeaderInit  waverecorder.o
    0x0800d15e   0x00000002   PAD
    0x0800d160   0x00000058   Code   RO          608    i.WavProcess_HeaderUpdate  waverecorder.o
    0x0800d1b8   0x00000170   Code   RO          534    i.WavePlayBack      waveplayer.o
    0x0800d328   0x0000001c   Code   RO          535    i.WavePlayerInit    waveplayer.o
    0x0800d344   0x00000012   Code   RO          536    i.WavePlayerPauseResume  waveplayer.o
    0x0800d356   0x00000002   PAD
    0x0800d358   0x00000090   Code   RO          537    i.WavePlayerStart   waveplayer.o
    0x0800d3e8   0x0000000a   Code   RO          538    i.WavePlayerStop    waveplayer.o
    0x0800d3f2   0x00000002   PAD
    0x0800d3f4   0x00000064   Code   RO          539    i.WavePlayer_CallBack  waveplayer.o
    0x0800d458   0x00000178   Code   RO          609    i.WaveRecorderProcess  waverecorder.o
    0x0800d5d0   0x00000008   Code   RO          611    i.WaveRecorderStop  waverecorder.o
    0x0800d5d8   0x0000000e   Code   RO         5453    i.__scatterload_copy  mc_w.l(handlers.o)
    0x0800d5e6   0x00000002   Code   RO         5454    i.__scatterload_null  mc_w.l(handlers.o)
    0x0800d5e8   0x0000000e   Code   RO         5455    i.__scatterload_zeroinit  mc_w.l(handlers.o)
    0x0800d5f6   0x00000002   PAD
    0x0800d5f8   0x00000098   Code   RO         4400    i.check_fs          ff.o
    0x0800d690   0x00000014   Code   RO         4401    i.chk_chr           ff.o
    0x0800d6a4   0x00000090   Code   RO         4402    i.chk_lock          ff.o
    0x0800d734   0x00000030   Code   RO         4403    i.clear_lock        ff.o
    0x0800d764   0x00000020   Code   RO         4404    i.clust2sect        ff.o
    0x0800d784   0x000000e2   Code   RO         4405    i.create_chain      ff.o
    0x0800d866   0x00000002   PAD
    0x0800d868   0x00000120   Code   RO         4406    i.create_name       ff.o
    0x0800d988   0x00000104   Code   RO          667    i.cs43l22_Init      cs43l22.o
    0x0800da8c   0x00000020   Code   RO          668    i.cs43l22_Pause     cs43l22.o
    0x0800daac   0x0000003c   Code   RO          669    i.cs43l22_Play      cs43l22.o
    0x0800dae8   0x00000012   Code   RO          670    i.cs43l22_ReadID    cs43l22.o
    0x0800dafa   0x00000002   PAD
    0x0800dafc   0x00000048   Code   RO          671    i.cs43l22_Resume    cs43l22.o
    0x0800db44   0x00000006   Code   RO          672    i.cs43l22_SetFrequency  cs43l22.o
    0x0800db4a   0x00000002   PAD
    0x0800db4c   0x00000030   Code   RO          673    i.cs43l22_SetMute   cs43l22.o
    0x0800db7c   0x00000088   Code   RO          674    i.cs43l22_SetOutputMode  cs43l22.o
    0x0800dc04   0x0000006c   Code   RO          675    i.cs43l22_SetVolume  cs43l22.o
    0x0800dc70   0x0000002c   Code   RO          676    i.cs43l22_Stop      cs43l22.o
    0x0800dc9c   0x0000004c   Code   RO         4407    i.dec_lock          ff.o
    0x0800dce8   0x00000064   Code   RO         4408    i.dir_alloc         ff.o
    0x0800dd4c   0x00000064   Code   RO         4409    i.dir_find          ff.o
    0x0800ddb0   0x00000198   Code   RO         4410    i.dir_next          ff.o
    0x0800df48   0x00000076   Code   RO         4411    i.dir_read          ff.o
    0x0800dfbe   0x00000046   Code   RO         4412    i.dir_register      ff.o
    0x0800e004   0x00000038   Code   RO         4413    i.dir_remove        ff.o
    0x0800e03c   0x00000118   Code   RO         4414    i.dir_sdi           ff.o
    0x0800e154   0x00000028   Code   RO         4349    i.disk_initialize   diskio.o
    0x0800e17c   0x00000024   Code   RO         4350    i.disk_ioctl        diskio.o
    0x0800e1a0   0x00000028   Code   RO         4351    i.disk_read         diskio.o
    0x0800e1c8   0x00000018   Code   RO         4352    i.disk_status       diskio.o
    0x0800e1e0   0x00000028   Code   RO         4353    i.disk_write        diskio.o
    0x0800e208   0x00000028   Code   RO         4415    i.enq_lock          ff.o
    0x0800e230   0x0000002e   Code   RO         4417    i.f_close           ff.o
    0x0800e25e   0x00000208   Code   RO         4421    i.f_lseek           ff.o
    0x0800e466   0x00000002   PAD
    0x0800e468   0x00000064   Code   RO         4424    i.f_mount           ff.o
    0x0800e4cc   0x000001dc   Code   RO         4425    i.f_open            ff.o
    0x0800e6a8   0x000000a6   Code   RO         4426    i.f_opendir         ff.o
    0x0800e74e   0x00000248   Code   RO         4430    i.f_read            ff.o
    0x0800e996   0x000000ca   Code   RO         4434    i.f_sync            ff.o
    0x0800ea60   0x000000e2   Code   RO         4436    i.f_unlink          ff.o
    0x0800eb42   0x0000029a   Code   RO         4438    i.f_write           ff.o
    0x0800eddc   0x0000040c   Code   RO         4439    i.find_volume       ff.o
    0x0800f1e8   0x0000009c   Code   RO         4440    i.follow_path       ff.o
    0x0800f284   0x00000050   Code   RO         5382    i.free              mc_w.l(malloc.o)
    0x0800f2d4   0x00000134   Code   RO         4441    i.get_fat           ff.o
    0x0800f408   0x00000004   Code   RO         4354    i.get_fattime       diskio.o
    0x0800f40c   0x00000032   Code   RO         4443    i.get_ldnumber      ff.o
    0x0800f43e   0x00000002   PAD
    0x0800f440   0x000000e8   Code   RO         4444    i.inc_lock          ff.o
    0x0800f528   0x00000022   Code   RO         4445    i.ld_clust          ff.o
    0x0800f54a   0x00000002   PAD
    0x0800f54c   0x000000bc   Code   RO           20    i.main              main.o
    0x0800f608   0x0000006c   Code   RO         5383    i.malloc            mc_w.l(malloc.o)
    0x0800f674   0x00000026   Code   RO         4446    i.mem_cmp           ff.o
    0x0800f69a   0x0000001a   Code   RO         4447    i.mem_cpy           ff.o
    0x0800f6b4   0x00000014   Code   RO         4448    i.mem_set           ff.o
    0x0800f6c8   0x00000036   Code   RO         4449    i.move_window       ff.o
    0x0800f6fe   0x0000018a   Code   RO         4450    i.put_fat           ff.o
    0x0800f888   0x0000007a   Code   RO         4452    i.remove_chain      ff.o
    0x0800f902   0x00000010   Code   RO         4453    i.st_clust          ff.o
    0x0800f912   0x000000f6   Code   RO         4454    i.sync_fs           ff.o
    0x0800fa08   0x0000005a   Code   RO         4455    i.sync_window       ff.o
    0x0800fa62   0x00000046   Code   RO         4456    i.validate          ff.o
    0x0800faa8   0x0000000b   Data   RO          922    .constdata          stm32f4_discovery.o
    0x0800fab3   0x00000010   Data   RO         2828    .constdata          stm32f4xx_hal_rcc.o
    0x0800fac3   0x00000001   PAD
    0x0800fac4   0x000000ac   Data   RO         4458    .constdata          ff.o
    0x0800fb70   0x00000004   Data   RO         4865    .conststring        usbh_msc.o
    0x0800fb74   0x00000020   Data   RO         5451    Region$$Table       anon$$obj.o


    Execution Region RW_IRAM1 (Base: 0x20000000, Size: 0x00009f20, Max: 0x00020000, ABSOLUTE, COMPRESSED[0x000002b4])

    Base Addr    Size         Type   Attr      Idx    E Section Name        Object

    0x20000000   0x0000001e   Data   RW           22    .data               main.o
    0x2000001e   0x00000002   PAD
    0x20000020   0x00000004   Data   RW          295    .data               stm32f4xx_it.o
    0x20000024   0x00000012   Data   RW          541    .data               waveplayer.o
    0x20000036   0x00000002   PAD
    0x20000038   0x0000001c   Data   RW          613    .data               waverecorder.o
    0x20000054   0x0000002e   Data   RW          677    .data               cs43l22.o
    0x20000082   0x00000002   PAD
    0x20000084   0x0000002c   Data   RW          755    .data               lis3dsh.o
    0x200000b0   0x0000002c   Data   RW          826    .data               lis302dl.o
    0x200000dc   0x0000001c   Data   RW          923    .data               stm32f4_discovery.o
    0x200000f8   0x00000004   Data   RW         1052    .data               stm32f4_discovery_accelerometer.o
    0x200000fc   0x00000006   Data   RW         1132    .data               stm32f4_discovery_audio.o
    0x20000102   0x00000002   PAD
    0x20000104   0x00000014   Data   RW         1314    .data               system_stm32f4xx.o
    0x20000118   0x00000004   Data   RW         1365    .data               stm32f4xx_hal.o
    0x2000011c   0x00000006   Data   RW         4459    .data               ff.o
    0x20000122   0x00000002   PAD
    0x20000124   0x00000014   Data   RW         4776    .data               usbh_diskio.o
    0x20000138   0x00000020   Data   RW         4866    .data               usbh_msc.o
    0x20000158   0x00000304   Data   RW         5371    .data               libPDMFilter_CM4_Keil.lib(pdm_filter.o)
    0x2000045c   0x00000004   Data   RW         5444    .data               mc_w.l(mvars.o)
    0x20000460   0x00000004   Data   RW         5445    .data               mc_w.l(mvars.o)
    0x20000464   0x00000c20   Zero   RW           21    .bss                main.o
    0x20001084   0x00000290   Zero   RW          409    .bss                usbh_conf.o
    0x20001314   0x00002048   Zero   RW          540    .bss                waveplayer.o
    0x2000335c   0x000029c0   Zero   RW          612    .bss                waverecorder.o
    0x20005d1c   0x0000008c   Zero   RW          921    .bss                stm32f4_discovery.o
    0x20005da8   0x00000154   Zero   RW         1131    .bss                stm32f4_discovery_audio.o
    0x20005efc   0x00000018   Zero   RW         4457    .bss                ff.o
    0x20005f14   0x0000000c   Zero   RW         4739    .bss                ff_gen_drv.o
    0x20005f20   0x00002000   Zero   RW            2    HEAP                startup_stm32f407xx.o
    0x20007f20   0x00002000   Zero   RW            1    STACK               startup_stm32f407xx.o


==============================================================================

Image component sizes


      Code (inc. data)   RO Data    RW Data    ZI Data      Debug   Object Name

       812         26          0         46          0       9848   cs43l22.o
       184         22          0          0          0       4711   diskio.o
      8036         72        172          6         24      40856   ff.o
        76          6          0          0         12       1038   ff_gen_drv.o
       466          0          0         44          0      11068   lis302dl.o
       652         24          0         44          0      11883   lis3dsh.o
      1014        140          0         30       3104     396675   main.o
        36          8        392          0      16384        872   startup_stm32f407xx.o
      1336        180         11         28        140      15563   stm32f4_discovery.o
       344         26          0          4          0       3593   stm32f4_discovery_accelerometer.o
      1546        174          0          6        340      16125   stm32f4_discovery_audio.o
       152         16          0          4          0       4952   stm32f4xx_hal.o
       298         22          0          0          0      31023   stm32f4xx_hal_cortex.o
     14116        152          0          0          0      12504   stm32f4xx_hal_dma.o
       566         58          0          0          0       4632   stm32f4xx_hal_gpio.o
      4562          6          0          0          0      13721   stm32f4xx_hal_hcd.o
      2026         40          0          0          0      10240   stm32f4xx_hal_i2c.o
      2086         98          0          0          0      10797   stm32f4xx_hal_i2s.o
      1912         62         16          0          0       5708   stm32f4xx_hal_rcc.o
       488         26          0          0          0       2155   stm32f4xx_hal_rcc_ex.o
      1330          0          0          0          0       6335   stm32f4xx_hal_spi.o
      1518         88          0          0          0      12365   stm32f4xx_hal_tim.o
         4          0          0          0          0       1710   stm32f4xx_hal_tim_ex.o
       144         30          0          4          0       8317   stm32f4xx_it.o
      2358         52          0          0          0      18003   stm32f4xx_ll_usb.o
       100         18          0         20          0       1217   system_stm32f4xx.o
       722         30          0          0        656      13097   usbh_conf.o
      1240         22          0          0          0      10534   usbh_core.o
      1318         12          0          0          0      12732   usbh_ctlreq.o
       504         20          0         20          0       4839   usbh_diskio.o
       226          0          0          0          0       4748   usbh_ioreq.o
      2566         10          4         32          0      11161   usbh_msc.o
       878         26          0          0          0       5617   usbh_msc_bot.o
      1010          0          0          0          0       6203   usbh_msc_scsi.o
       168          0          0          0          0       4274   usbh_pipes.o
       712        152          0         18       8264       6518   waveplayer.o
      1058        144          0         28      10688       5922   waverecorder.o

    ----------------------------------------------------------------------
     56624       1762        628        344      39612     741556   Object Totals
         0          0         32          0          0          0   (incl. Generated)
        60          0          1         10          0          0   (incl. Padding)

    ----------------------------------------------------------------------

      Code (inc. data)   RO Data    RW Data    ZI Data      Debug   Library Member Name

      5508         84          0        772          0        356   pdm_filter.o
        86          0          0          0          0          0   __dczerorl2.o
         0          0          0          0          0          0   entry.o
         0          0          0          0          0          0   entry10a.o
         0          0          0          0          0          0   entry11a.o
         8          4          0          0          0          0   entry2.o
         4          0          0          0          0          0   entry5.o
         0          0          0          0          0          0   entry7b.o
         0          0          0          0          0          0   entry8b.o
         8          4          0          0          0          0   entry9a.o
        30          0          0          0          0          0   handlers.o
        36          8          0          0          0         68   init.o
         0          0          0          0          0          0   iusefp.o
        30          0          0          0          0         68   llshl.o
        36          0          0          0          0         68   llsshr.o
        32          0          0          0          0         68   llushr.o
       188         20          0          0          0        160   malloc.o
        36          0          0          0          0         68   memcpya.o
        36          0          0          0          0        108   memseta.o
         0          0          0          8          0          0   mvars.o
       334          0          0          0          0        148   dadd.o
       222          0          0          0          0        100   ddiv.o
       186          0          0          0          0        176   depilogue.o
        50          0          0          0          0         76   dfixui.o
        26          0          0          0          0         76   dfltui.o
       228          0          0          0          0         96   dmul.o
        38          0          0          0          0         68   f2d.o
        24          0          0          0          0         68   fscalb.o

    ----------------------------------------------------------------------
      7152        120          0        780          0       1772   Library Totals
         6          0          0          0          0          0   (incl. Padding)

    ----------------------------------------------------------------------

      Code (inc. data)   RO Data    RW Data    ZI Data      Debug   Library Name

      5508         84          0        772          0        356   libPDMFilter_CM4_Keil.lib
       530         36          0          8          0        608   mc_w.l
      1108          0          0          0          0        808   mf_w.l

    ----------------------------------------------------------------------
      7152        120          0        780          0       1772   Library Totals

    ----------------------------------------------------------------------

==============================================================================


      Code (inc. data)   RO Data    RW Data    ZI Data      Debug   

     63776       1882        628       1124      39612     707484   Grand Totals
     63776       1882        628        692      39612     707484   ELF Image Totals (compressed)
     63776       1882        628        692          0          0   ROM Totals

==============================================================================

    Total RO  Size (Code + RO Data)                64404 (  62.89kB)
    Total RW  Size (RW Data + ZI Data)             40736 (  39.78kB)
    Total ROM Size (Code + RO Data + RW Data)      65096 (  63.57kB)

==============================================================================

