Component: ARM Compiler 5.06 update 4 (build 422) Tool: armlink [4d35d2]

==============================================================================

Section Cross References

    startup_stm32f407xx.o(RESET) refers to startup_stm32f407xx.o(STACK) for __initial_sp
    startup_stm32f407xx.o(RESET) refers to startup_stm32f407xx.o(.text) for Reset_Handler
    startup_stm32f407xx.o(RESET) refers to stm32f4xx_it.o(i.NMI_Handler) for NMI_Handler
    startup_stm32f407xx.o(RESET) refers to stm32f4xx_it.o(i.HardFault_Handler) for HardFault_Handler
    startup_stm32f407xx.o(RESET) refers to stm32f4xx_it.o(i.MemManage_Handler) for MemManage_Handler
    startup_stm32f407xx.o(RESET) refers to stm32f4xx_it.o(i.BusFault_Handler) for BusFault_Handler
    startup_stm32f407xx.o(RESET) refers to stm32f4xx_it.o(i.UsageFault_Handler) for UsageFault_Handler
    startup_stm32f407xx.o(RESET) refers to stm32f4xx_it.o(i.SVC_Handler) for SVC_Handler
    startup_stm32f407xx.o(RESET) refers to stm32f4xx_it.o(i.DebugMon_Handler) for DebugMon_Handler
    startup_stm32f407xx.o(RESET) refers to stm32f4xx_it.o(i.PendSV_Handler) for PendSV_Handler
    startup_stm32f407xx.o(RESET) refers to stm32f4xx_it.o(i.SysTick_Handler) for SysTick_Handler
    startup_stm32f407xx.o(RESET) refers to stm32f4xx_it.o(i.EXTI0_IRQHandler) for EXTI0_IRQHandler
    startup_stm32f407xx.o(RESET) refers to stm32f4xx_it.o(i.EXTI1_IRQHandler) for EXTI1_IRQHandler
    startup_stm32f407xx.o(RESET) refers to stm32f4xx_it.o(i.DMA1_Stream3_IRQHandler) for DMA1_Stream3_IRQHandler
    startup_stm32f407xx.o(RESET) refers to stm32f4xx_it.o(i.TIM4_IRQHandler) for TIM4_IRQHandler
    startup_stm32f407xx.o(RESET) refers to stm32f4xx_it.o(i.DMA1_Stream7_IRQHandler) for DMA1_Stream7_IRQHandler
    startup_stm32f407xx.o(RESET) refers to stm32f4xx_it.o(i.OTG_FS_IRQHandler) for OTG_FS_IRQHandler
    startup_stm32f407xx.o(.text) refers to system_stm32f4xx.o(i.SystemInit) for SystemInit
    startup_stm32f407xx.o(.text) refers to entry.o(.ARM.Collect$$$$00000000) for __main
    main.o(i.Error_Handler) refers to stm32f4_discovery.o(i.BSP_LED_On) for BSP_LED_On
    main.o(i.HAL_GPIO_EXTI_Callback) refers to stm32f4xx_hal.o(i.HAL_Delay) for HAL_Delay
    main.o(i.HAL_GPIO_EXTI_Callback) refers to main.o(.data) for .data
    main.o(i.HAL_TIM_OC_DelayElapsedCallback) refers to stm32f4_discovery_accelerometer.o(i.BSP_ACCELERO_Click_ITClear) for BSP_ACCELERO_Click_ITClear
    main.o(i.HAL_TIM_OC_DelayElapsedCallback) refers to stm32f4_discovery.o(i.BSP_LED_Toggle) for BSP_LED_Toggle
    main.o(i.HAL_TIM_OC_DelayElapsedCallback) refers to stm32f4_discovery.o(i.BSP_LED_Off) for BSP_LED_Off
    main.o(i.HAL_TIM_OC_DelayElapsedCallback) refers to stm32f4_discovery.o(i.BSP_LED_On) for BSP_LED_On
    main.o(i.HAL_TIM_OC_DelayElapsedCallback) refers to stm32f4xx_hal_tim.o(i.HAL_TIM_ReadCapturedValue) for HAL_TIM_ReadCapturedValue
    main.o(i.HAL_TIM_OC_DelayElapsedCallback) refers to waveplayer.o(.data) for AudioPlayStart
    main.o(i.HAL_TIM_OC_DelayElapsedCallback) refers to main.o(.data) for .data
    main.o(i.MSC_Application) refers to waveplayer.o(i.WavePlayerStart) for WavePlayerStart
    main.o(i.MSC_Application) refers to waverecorder.o(i.WaveRecorderProcess) for WaveRecorderProcess
    main.o(i.MSC_Application) refers to ff.o(i.f_mount) for f_mount
    main.o(i.MSC_Application) refers to main.o(i.Error_Handler) for Error_Handler
    main.o(i.MSC_Application) refers to main.o(.data) for .data
    main.o(i.MSC_Application) refers to main.o(.bss) for .bss
    main.o(i.SystemClock_Config) refers to stm32f4xx_hal_rcc.o(i.HAL_RCC_OscConfig) for HAL_RCC_OscConfig
    main.o(i.SystemClock_Config) refers to stm32f4xx_hal_rcc.o(i.HAL_RCC_ClockConfig) for HAL_RCC_ClockConfig
    main.o(i.SystemClock_Config) refers to main.o(i.Error_Handler) for Error_Handler
    main.o(i.TIM_LED_Config) refers to stm32f4xx_hal_cortex.o(i.HAL_NVIC_SetPriority) for HAL_NVIC_SetPriority
    main.o(i.TIM_LED_Config) refers to stm32f4xx_hal_cortex.o(i.HAL_NVIC_EnableIRQ) for HAL_NVIC_EnableIRQ
    main.o(i.TIM_LED_Config) refers to stm32f4xx_hal_rcc.o(i.HAL_RCC_GetPCLK1Freq) for HAL_RCC_GetPCLK1Freq
    main.o(i.TIM_LED_Config) refers to stm32f4xx_hal_tim.o(i.HAL_TIM_OC_Init) for HAL_TIM_OC_Init
    main.o(i.TIM_LED_Config) refers to stm32f4xx_hal_tim.o(i.HAL_TIM_OC_ConfigChannel) for HAL_TIM_OC_ConfigChannel
    main.o(i.TIM_LED_Config) refers to stm32f4xx_hal_tim.o(i.HAL_TIM_OC_Start_IT) for HAL_TIM_OC_Start_IT
    main.o(i.TIM_LED_Config) refers to main.o(i.Error_Handler) for Error_Handler
    main.o(i.TIM_LED_Config) refers to main.o(.bss) for .bss
    main.o(i.TIM_LED_Config) refers to main.o(.data) for .data
    main.o(i.USBH_UserProcess) refers to waveplayer.o(i.WavePlayer_CallBack) for WavePlayer_CallBack
    main.o(i.USBH_UserProcess) refers to ff.o(i.f_mount) for f_mount
    main.o(i.USBH_UserProcess) refers to main.o(.data) for .data
    main.o(i.main) refers to stm32f4xx_hal.o(i.HAL_Init) for HAL_Init
[...]
    ETH_WKUP_IRQHandler                      0x080001b7   Thumb Code     0  startup_stm32f407xx.o(.text)
    EXTI15_10_IRQHandler                     0x080001b7   Thumb Code     0  startup_stm32f407xx.o(.text)
    EXTI2_IRQHandler                         0x080001b7   Thumb Code     0  startup_stm32f407xx.o(.text)
    EXTI3_IRQHandler                         0x080001b7   Thumb Code     0  startup_stm32f407xx.o(.text)
    EXTI4_IRQHandler                         0x080001b7   Thumb Code     0  startup_stm32f407xx.o(.text)
    EXTI9_5_IRQHandler                       0x080001b7   Thumb Code     0  startup_stm32f407xx.o(.text)
    FLASH_IRQHandler                         0x080001b7   Thumb Code     0  startup_stm32f407xx.o(.text)
    FMC_IRQHandler                           0x080001b7   Thumb Code     0  startup_stm32f407xx.o(.text)
    FPU_IRQHandler                           0x080001b7   Thumb Code     0  startup_stm32f407xx.o(.text)
    HASH_RNG_IRQHandler                      0x080001b7   Thumb Code     0  startup_stm32f407xx.o(.text)
    I2C1_ER_IRQHandler                       0x080001b7   Thumb Code     0  startup_stm32f407xx.o(.text)
    I2C1_EV_IRQHandler                       0x080001b7   Thumb Code     0  startup_stm32f407xx.o(.text)
    I2C2_ER_IRQHandler                       0x080001b7   Thumb Code     0  startup_stm32f407xx.o(.text)
    I2C2_EV_IRQHandler                       0x080001b7   Thumb Code     0  startup_stm32f407xx.o(.text)
    I2C3_ER_IRQHandler                       0x080001b7   Thumb Code     0  startup_stm32f407xx.o(.text)
    I2C3_EV_IRQHandler                       0x080001b7   Thumb Code     0  startup_stm32f407xx.o(.text)
    OTG_FS_WKUP_IRQHandler                   0x080001b7   Thumb Code     0  startup_stm32f407xx.o(.text)
    OTG_HS_EP1_IN_IRQHandler                 0x080001b7   Thumb Code     0  startup_stm32f407xx.o(.text)
    OTG_HS_EP1_OUT_IRQHandler                0x080001b7   Thumb Code     0  startup_stm32f407xx.o(.text)
    OTG_HS_IRQHandler                        0x080001b7   Thumb Code     0  startup_stm32f407xx.o(.text)
    OTG_HS_WKUP_IRQHandler                   0x080001b7   Thumb Code     0  startup_stm32f407xx.o(.text)
    PVD_IRQHandler                           0x080001b7   Thumb Code     0  startup_stm32f407xx.o(.text)
    RCC_IRQHandler                           0x080001b7   Thumb Code     0  startup_stm32f407xx.o(.text)
    RTC_Alarm_IRQHandler                     0x080001b7   Thumb Code     0  startup_stm32f407xx.o(.text)
    RTC_WKUP_IRQHandler                      0x080001b7   Thumb Code     0  startup_stm32f407xx.o(.text)
    SDIO_IRQHandler                          0x080001b7   Thumb Code     0  startup_stm32f407xx.o(.text)
    SPI1_IRQHandler                          0x080001b7   Thumb Code     0  startup_stm32f407xx.o(.text)
    SPI2_IRQHandler                          0x080001b7   Thumb Code     0  startup_stm32f407xx.o(.text)
    SPI3_IRQHandler                          0x080001b7   Thumb Code     0  startup_stm32f407xx.o(.text)
    TAMP_STAMP_IRQHandler                    0x080001b7   Thumb Code     0  startup_stm32f407xx.o(.text)
    TIM1_BRK_TIM9_IRQHandler                 0x080001b7   Thumb Code     0  startup_stm32f407xx.o(.text)
    TIM1_CC_IRQHandler                       0x080001b7   Thumb Code     0  startup_stm32f407xx.o(.text)
    TIM1_TRG_COM_TIM11_IRQHandler            0x080001b7   Thumb Code     0  startup_stm32f407xx.o(.text)
    TIM1_UP_TIM10_IRQHandler                 0x080001b7   Thumb Code     0  startup_stm32f407xx.o(.text)
    TIM2_IRQHandler                          0x080001b7   Thumb Code     0  startup_stm32f407xx.o(.text)
    TIM3_IRQHandler                          0x080001b7   Thumb Code     0  startup_stm32f407xx.o(.text)
    TIM5_IRQHandler                          0x080001b7   Thumb Code     0  startup_stm32f407xx.o(.text)
    TIM6_DAC_IRQHandler                      0x080001b7   Thumb Code     0  startup_stm32f407xx.o(.text)
    TIM7_IRQHandler                          0x080001b7   Thumb Code     0  startup_stm32f407xx.o(.text)
    TIM8_BRK_TIM12_IRQHandler                0x080001b7   Thumb Code     0  startup_stm32f407xx.o(.text)
    TIM8_CC_IRQHandler                       0x080001b7   Thumb Code     0  startup_stm32f407xx.o(.text)
    TIM8_TRG_COM_TIM14_IRQHandler            0x080001b7   Thumb Code     0  startup_stm32f407xx.o(.text)
    TIM8_UP_TIM13_IRQHandler                 0x080001b7   Thumb Code     0  startup_stm32f407xx.o(.text)
    UART4_IRQHandler                         0x080001b7   Thumb Code     0  startup_stm32f407xx.o(.text)
    UART5_IRQHandler                         0x080001b7   Thumb Code     0  startup_stm32f407xx.o(.text)
    USART1_IRQHandler                        0x080001b7   Thumb Code     0  startup_stm32f407xx.o(.text)
    USART2_IRQHandler                        0x080001b7   Thumb Code     0  startup_stm32f407xx.o(.text)
    USART3_IRQHandler                        0x080001b7   Thumb Code     0  startup_stm32f407xx.o(.text)
    USART6_IRQHandler                        0x080001b7   Thumb Code     0  startup_stm32f407xx.o(.text)
    WWDG_IRQHandler                          0x080001b7   Thumb Code     0  startup_stm32f407xx.o(.text)
    PDM_Filter_Init                          0x080001c1   Thumb Code   246  pdm_filter.o(.text)
    PDM_Filter_64_LSB                        0x080002b7   Thumb Code   730  pdm_filter.o(.text)
    PDM_Filter_80_LSB                        0x08000591   Thumb Code   866  pdm_filter.o(.text)
    PDM_Filter_64_MSB                        0x080008f3   Thumb Code   632  pdm_filter.o(.text)
    PDM_Filter_80_MSB                        0x08000b6b   Thumb Code   864  pdm_filter.o(.text)
    PDM_Filter_128_MSB                       0x08000ee5   Thumb Code  1200  pdm_filter.o(.text)
    PDM_Filter_128_LSB                       0x08001399   Thumb Code  1200  pdm_filter.o(.text)
    __aeabi_memcpy                           0x08001855   Thumb Code    36  memcpya.o(.text)
    __aeabi_memcpy4                          0x08001855   Thumb Code     0  memcpya.o(.text)
    __aeabi_memcpy8                          0x08001855   Thumb Code     0  memcpya.o(.text)
    __aeabi_memset                           0x08001879   Thumb Code    14  memseta.o(.text)
    __aeabi_memset4                          0x08001879   Thumb Code     0  memseta.o(.text)
    __aeabi_memset8                          0x08001879   Thumb Code     0  memseta.o(.text)
    __aeabi_memclr                           0x08001887   Thumb Code     4  memseta.o(.text)
    __aeabi_memclr4                          0x08001887   Thumb Code     0  memseta.o(.text)
    __aeabi_memclr8                          0x08001887   Thumb Code     0  memseta.o(.text)
    _memset$wrapper                          0x0800188b   Thumb Code    18  memseta.o(.text)
    __aeabi_fmul                             0x0800189d   Thumb Code   100  fmul.o(.text)
    __aeabi_dadd                             0x08001901   Thumb Code   322  dadd.o(.text)
    __aeabi_dsub                             0x08001a43   Thumb Code     6  dadd.o(.text)
    __aeabi_drsub                            0x08001a49   Thumb Code     6  dadd.o(.text)
    __aeabi_dmul                             0x08001a4f   Thumb Code   228  dmul.o(.text)
    __aeabi_ddiv                             0x08001b33   Thumb Code   222  ddiv.o(.text)
    __aeabi_i2d                              0x08001c11   Thumb Code    34  dflti.o(.text)
    __aeabi_ui2d                             0x08001c33   Thumb Code    26  dfltui.o(.text)
    __aeabi_d2iz                             0x08001c4d   Thumb Code    62  dfixi.o(.text)
    __aeabi_f2d                              0x08001c8b   Thumb Code    38  f2d.o(.text)
    __aeabi_cfcmpeq                          0x08001cb1   Thumb Code     0  cfcmple.o(.text)
    __aeabi_cfcmple                          0x08001cb1   Thumb Code    20  cfcmple.o(.text)
    __aeabi_llsl                             0x08001cc5   Thumb Code    30  llshl.o(.text)
    _ll_shift_l                              0x08001cc5   Thumb Code     0  llshl.o(.text)
    __aeabi_llsr                             0x08001ce3   Thumb Code    32  llushr.o(.text)
    _ll_ushift_r                             0x08001ce3   Thumb Code     0  llushr.o(.text)
    __aeabi_lasr                             0x08001d03   Thumb Code    36  llsshr.o(.text)
    _ll_sshift_r                             0x08001d03   Thumb Code     0  llsshr.o(.text)
    __I$use$fp                               0x08001d27   Thumb Code     0  iusefp.o(.text)
    _double_round                            0x08001d27   Thumb Code    30  depilogue.o(.text)
    _double_epilogue                         0x08001d45   Thumb Code   156  depilogue.o(.text)
    __scatterload                            0x08001de1   Thumb Code    28  init.o(.text)
    __scatterload_rt2                        0x08001de1   Thumb Code     0  init.o(.text)
    __decompress                             0x08001e05   Thumb Code     0  __dczerorl2.o(.text)
    __decompress1                            0x08001e05   Thumb Code    86  __dczerorl2.o(.text)
    ACCELERO_IO_ITConfig                     0x08001e5d   Thumb Code    56  stm32f4_discovery.o(i.ACCELERO_IO_ITConfig)
    ACCELERO_IO_Init                         0x08001ea1   Thumb Code    56  stm32f4_discovery.o(i.ACCELERO_IO_Init)
    ACCELERO_IO_Read                         0x08001ee1   Thumb Code    74  stm32f4_discovery.o(i.ACCELERO_IO_Read)
    ACCELERO_IO_Write                        0x08001f31   Thumb Code    68  stm32f4_discovery.o(i.ACCELERO_IO_Write)
    AUDIO_IO_Init                            0x08001f79   Thumb Code    80  stm32f4_discovery.o(i.AUDIO_IO_Init)
    AUDIO_IO_Read                            0x08001fd1   Thumb Code    50  stm32f4_discovery.o(i.AUDIO_IO_Read)
    AUDIO_IO_Write                           0x0800200d   Thumb Code    46  stm32f4_discovery.o(i.AUDIO_IO_Write)
    BSP_ACCELERO_Click_ITClear               0x08002045   Thumb Code    14  stm32f4_discovery_accelerometer.o(i.BSP_ACCELERO_Click_ITClear)
    BSP_ACCELERO_Click_ITConfig              0x08002059   Thumb Code    14  stm32f4_discovery_accelerometer.o(i.BSP_ACCELERO_Click_ITConfig)
    BSP_ACCELERO_Init                        0x0800206d   Thumb Code    58  stm32f4_discovery_accelerometer.o(i.BSP_ACCELERO_Init)
    BSP_ACCELERO_ReadID                      0x080020b5   Thumb Code    16  stm32f4_discovery_accelerometer.o(i.BSP_ACCELERO_ReadID)
    BSP_AUDIO_IN_Error_Callback              0x080020c9   Thumb Code     2  stm32f4_discovery_audio.o(i.BSP_AUDIO_IN_Error_Callback)
    BSP_AUDIO_IN_HalfTransfer_CallBack       0x080020cd   Thumb Code    76  waverecorder.o(i.BSP_AUDIO_IN_HalfTransfer_CallBack)
    BSP_AUDIO_IN_Init                        0x08002125   Thumb Code    66  stm32f4_discovery_audio.o(i.BSP_AUDIO_IN_Init)
    BSP_AUDIO_IN_PDMToPCM                    0x08002169   Thumb Code    66  stm32f4_discovery_audio.o(i.BSP_AUDIO_IN_PDMToPCM)
    BSP_AUDIO_IN_Record                      0x080021b5   Thumb Code    16  stm32f4_discovery_audio.o(i.BSP_AUDIO_IN_Record)
    BSP_AUDIO_IN_Stop                        0x080021c9   Thumb Code    12  stm32f4_discovery_audio.o(i.BSP_AUDIO_IN_Stop)
    BSP_AUDIO_IN_TransferComplete_CallBack   0x080021d9   Thumb Code    76  waverecorder.o(i.BSP_AUDIO_IN_TransferComplete_CallBack)
    BSP_AUDIO_OUT_ChangeBuffer               0x08002231   Thumb Code    10  stm32f4_discovery_audio.o(i.BSP_AUDIO_OUT_ChangeBuffer)
    BSP_AUDIO_OUT_Error_CallBack             0x08002241   Thumb Code     2  waveplayer.o(i.BSP_AUDIO_OUT_Error_CallBack)
    BSP_AUDIO_OUT_HalfTransfer_CallBack      0x08002245   Thumb Code     8  waveplayer.o(i.BSP_AUDIO_OUT_HalfTransfer_CallBack)
    BSP_AUDIO_OUT_Init                       0x08002251   Thumb Code   100  stm32f4_discovery_audio.o(i.BSP_AUDIO_OUT_Init)
    BSP_AUDIO_OUT_Pause                      0x080022bd   Thumb Code    28  stm32f4_discovery_audio.o(i.BSP_AUDIO_OUT_Pause)
    BSP_AUDIO_OUT_Play                       0x080022e1   Thumb Code    54  stm32f4_discovery_audio.o(i.BSP_AUDIO_OUT_Play)
    BSP_AUDIO_OUT_Resume                     0x08002321   Thumb Code    28  stm32f4_discovery_audio.o(i.BSP_AUDIO_OUT_Resume)
    BSP_AUDIO_OUT_Stop                       0x08002345   Thumb Code    52  stm32f4_discovery_audio.o(i.BSP_AUDIO_OUT_Stop)
    BSP_AUDIO_OUT_TransferComplete_CallBack  0x08002385   Thumb Code    14  waveplayer.o(i.BSP_AUDIO_OUT_TransferComplete_CallBack)
    BSP_LED_Init                             0x0800239d   Thumb Code    64  stm32f4_discovery.o(i.BSP_LED_Init)
    BSP_LED_Off                              0x080023e9   Thumb Code    18  stm32f4_discovery.o(i.BSP_LED_Off)
    BSP_LED_On                               0x08002405   Thumb Code    18  stm32f4_discovery.o(i.BSP_LED_On)
    BSP_LED_Toggle                           0x08002421   Thumb Code    16  stm32f4_discovery.o(i.BSP_LED_Toggle)
    BSP_PB_Init                              0x08002439   Thumb Code   100  stm32f4_discovery.o(i.BSP_PB_Init)
    BusFault_Handler                         0x080024ad   Thumb Code     2  stm32f4xx_it.o(i.BusFault_Handler)
    DMA1_Stream3_IRQHandler                  0x080024b9   Thumb Code     8  stm32f4xx_it.o(i.DMA1_Stream3_IRQHandler)
    DMA1_Stream7_IRQHandler                  0x080024c5   Thumb Code     8  stm32f4xx_it.o(i.DMA1_Stream7_IRQHandler)
    DebugMon_Handler                         0x08002537   Thumb Code     2  stm32f4xx_it.o(i.DebugMon_Handler)
    EXTI0_IRQHandler                         0x08002539   Thumb Code     6  stm32f4xx_it.o(i.EXTI0_IRQHandler)
    EXTI1_IRQHandler                         0x0800253f   Thumb Code     6  stm32f4xx_it.o(i.EXTI1_IRQHandler)
    Error_Handler                            0x08002545   Thumb Code     8  main.o(i.Error_Handler)
    FATFS_LinkDriver                         0x0800254d   Thumb Code    52  ff_gen_drv.o(i.FATFS_LinkDriver)
    HAL_DMA_Abort                            0x08002585   Thumb Code    84  stm32f4xx_hal_dma.o(i.HAL_DMA_Abort)
    HAL_DMA_DeInit                           0x080025d9   Thumb Code  2500  stm32f4xx_hal_dma.o(i.HAL_DMA_DeInit)
    HAL_DMA_IRQHandler                       0x08002fa5   Thumb Code  3940  stm32f4xx_hal_dma.o(i.HAL_DMA_IRQHandler)
    HAL_DMA_Init                             0x08003f11   Thumb Code   108  stm32f4xx_hal_dma.o(i.HAL_DMA_Init)
    HAL_DMA_Start_IT                         0x08003f81   Thumb Code   108  stm32f4xx_hal_dma.o(i.HAL_DMA_Start_IT)
    HAL_Delay                                0x08003fed   Thumb Code    22  stm32f4xx_hal.o(i.HAL_Delay)
    HAL_GPIO_EXTI_Callback                   0x08004005   Thumb Code    70  main.o(i.HAL_GPIO_EXTI_Callback)
    HAL_GPIO_EXTI_IRQHandler                 0x08004051   Thumb Code    18  stm32f4xx_hal_gpio.o(i.HAL_GPIO_EXTI_IRQHandler)
    HAL_GPIO_Init                            0x08004069   Thumb Code   400  stm32f4xx_hal_gpio.o(i.HAL_GPIO_Init)
    HAL_GPIO_TogglePin                       0x0800422d   Thumb Code     8  stm32f4xx_hal_gpio.o(i.HAL_GPIO_TogglePin)
    HAL_GPIO_WritePin                        0x08004235   Thumb Code    10  stm32f4xx_hal_gpio.o(i.HAL_GPIO_WritePin)
    HAL_GetTick                              0x08004241   Thumb Code     6  stm32f4xx_hal.o(i.HAL_GetTick)
    HAL_HCD_Connect_Callback                 0x0800424d   Thumb Code     8  usbh_conf.o(i.HAL_HCD_Connect_Callback)
    HAL_HCD_Disconnect_Callback              0x08004255   Thumb Code     8  usbh_conf.o(i.HAL_HCD_Disconnect_Callback)
    HAL_HCD_GetCurrentFrame                  0x0800425d   Thumb Code     6  stm32f4xx_hal_hcd.o(i.HAL_HCD_GetCurrentFrame)
    HAL_HCD_GetCurrentSpeed                  0x08004263   Thumb Code     6  stm32f4xx_hal_hcd.o(i.HAL_HCD_GetCurrentSpeed)
    HAL_HCD_HC_GetURBState                   0x08004269   Thumb Code    14  stm32f4xx_hal_hcd.o(i.HAL_HCD_HC_GetURBState)
    HAL_HCD_HC_GetXferCount                  0x08004277   Thumb Code    12  stm32f4xx_hal_hcd.o(i.HAL_HCD_HC_GetXferCount)
    HAL_HCD_HC_Halt                          0x08004283   Thumb Code    36  stm32f4xx_hal_hcd.o(i.HAL_HCD_HC_Halt)
    HAL_HCD_HC_Init                          0x080042a7   Thumb Code    84  stm32f4xx_hal_hcd.o(i.HAL_HCD_HC_Init)
    HAL_HCD_HC_NotifyURBChange_Callback      0x080042fb   Thumb Code     2  usbh_conf.o(i.HAL_HCD_HC_NotifyURBChange_Callback)
    HAL_HCD_HC_SubmitRequest                 0x080042fd   Thumb Code   182  stm32f4xx_hal_hcd.o(i.HAL_HCD_HC_SubmitRequest)
    HAL_HCD_IRQHandler                       0x080043b5   Thumb Code   302  stm32f4xx_hal_hcd.o(i.HAL_HCD_IRQHandler)
    HAL_HCD_Init                             0x080044e3   Thumb Code    90  stm32f4xx_hal_hcd.o(i.HAL_HCD_Init)
    HAL_HCD_MspInit                          0x0800453d   Thumb Code   150  usbh_conf.o(i.HAL_HCD_MspInit)
    HAL_HCD_ResetPort                        0x080045e1   Thumb Code     6  stm32f4xx_hal_hcd.o(i.HAL_HCD_ResetPort)
    HAL_HCD_SOF_Callback                     0x080045e7   Thumb Code     8  usbh_conf.o(i.HAL_HCD_SOF_Callback)
    HAL_HCD_Start                            0x080045ef   Thumb Code    44  stm32f4xx_hal_hcd.o(i.HAL_HCD_Start)
    HAL_HCD_Stop                             0x0800461b   Thumb Code    36  stm32f4xx_hal_hcd.o(i.HAL_HCD_Stop)
    HAL_I2C_DeInit                           0x0800463f   Thumb Code    48  stm32f4xx_hal_i2c.o(i.HAL_I2C_DeInit)
    HAL_I2C_GetState                         0x0800466f   Thumb Code     6  stm32f4xx_hal_i2c.o(i.HAL_I2C_GetState)
    HAL_I2C_Init                             0x08004675   Thumb Code   248  stm32f4xx_hal_i2c.o(i.HAL_I2C_Init)
    HAL_I2C_Mem_Read                         0x08004775   Thumb Code   430  stm32f4xx_hal_i2c.o(i.HAL_I2C_Mem_Read)
    HAL_I2C_Mem_Write                        0x0800492d   Thumb Code   208  stm32f4xx_hal_i2c.o(i.HAL_I2C_Mem_Write)
    HAL_I2C_MspDeInit                        0x08004a05   Thumb Code     2  stm32f4xx_hal_i2c.o(i.HAL_I2C_MspDeInit)
    HAL_I2C_MspInit                          0x08004a07   Thumb Code     2  stm32f4xx_hal_i2c.o(i.HAL_I2C_MspInit)
    HAL_I2S_DMAPause                         0x08004a09   Thumb Code   164  stm32f4xx_hal_i2s.o(i.HAL_I2S_DMAPause)
    HAL_I2S_DMAResume                        0x08004ab5   Thumb Code   178  stm32f4xx_hal_i2s.o(i.HAL_I2S_DMAResume)
    HAL_I2S_DMAStop                          0x08004b71   Thumb Code   190  stm32f4xx_hal_i2s.o(i.HAL_I2S_DMAStop)
    HAL_I2S_ErrorCallback                    0x08004c39   Thumb Code    30  stm32f4_discovery_audio.o(i.HAL_I2S_ErrorCallback)
    HAL_I2S_GetState                         0x08004c61   Thumb Code     6  stm32f4xx_hal_i2s.o(i.HAL_I2S_GetState)
    HAL_I2S_Init                             0x08004c69   Thumb Code   440  stm32f4xx_hal_i2s.o(i.HAL_I2S_Init)
    HAL_I2S_MspInit                          0x08004e39   Thumb Code     2  stm32f4xx_hal_i2s.o(i.HAL_I2S_MspInit)
    HAL_I2S_Receive_DMA                      0x08004e3d   Thumb Code   188  stm32f4xx_hal_i2s.o(i.HAL_I2S_Receive_DMA)
    HAL_I2S_RxCpltCallback                   0x08004f05   Thumb Code     8  stm32f4_discovery_audio.o(i.HAL_I2S_RxCpltCallback)
    HAL_I2S_RxHalfCpltCallback               0x08004f0d   Thumb Code     8  stm32f4_discovery_audio.o(i.HAL_I2S_RxHalfCpltCallback)
    HAL_I2S_Transmit_DMA                     0x08004f15   Thumb Code   166  stm32f4xx_hal_i2s.o(i.HAL_I2S_Transmit_DMA)
    HAL_I2S_TxCpltCallback                   0x08004fc9   Thumb Code    16  stm32f4_discovery_audio.o(i.HAL_I2S_TxCpltCallback)
    HAL_I2S_TxHalfCpltCallback               0x08004fdd   Thumb Code    16  stm32f4_discovery_audio.o(i.HAL_I2S_TxHalfCpltCallback)
    HAL_IncTick                              0x08004ff1   Thumb Code    10  stm32f4xx_hal.o(i.HAL_IncTick)
    HAL_Init                                 0x08005001   Thumb Code    48  stm32f4xx_hal.o(i.HAL_Init)
    HAL_InitTick                             0x08005035   Thumb Code    34  stm32f4xx_hal.o(i.HAL_InitTick)
    HAL_MspInit                              0x08005057   Thumb Code     2  stm32f4xx_hal.o(i.HAL_MspInit)
    HAL_NVIC_EnableIRQ                       0x08005059   Thumb Code    22  stm32f4xx_hal_cortex.o(i.HAL_NVIC_EnableIRQ)
    HAL_NVIC_SetPriority                     0x08005071   Thumb Code    60  stm32f4xx_hal_cortex.o(i.HAL_NVIC_SetPriority)
    HAL_NVIC_SetPriorityGrouping             0x080050b1   Thumb Code    26  stm32f4xx_hal_cortex.o(i.HAL_NVIC_SetPriorityGrouping)
    HAL_RCCEx_GetPeriphCLKConfig             0x080050d5   Thumb Code    74  stm32f4xx_hal_rcc_ex.o(i.HAL_RCCEx_GetPeriphCLKConfig)
    HAL_RCCEx_PeriphCLKConfig                0x08005125   Thumb Code   308  stm32f4xx_hal_rcc_ex.o(i.HAL_RCCEx_PeriphCLKConfig)
    HAL_RCC_ClockConfig                      0x0800526d   Thumb Code   432  stm32f4xx_hal_rcc.o(i.HAL_RCC_ClockConfig)
    HAL_RCC_GetHCLKFreq                      0x08005425   Thumb Code    38  stm32f4xx_hal_rcc.o(i.HAL_RCC_GetHCLKFreq)
    HAL_RCC_GetPCLK1Freq                     0x08005459   Thumb Code    36  stm32f4xx_hal_rcc.o(i.HAL_RCC_GetPCLK1Freq)
    HAL_RCC_GetSysClockFreq                  0x08005485   Thumb Code   120  stm32f4xx_hal_rcc.o(i.HAL_RCC_GetSysClockFreq)
    HAL_RCC_OscConfig                        0x08005505   Thumb Code   802  stm32f4xx_hal_rcc.o(i.HAL_RCC_OscConfig)
    HAL_SPI_DeInit                           0x0800583d   Thumb Code    42  stm32f4xx_hal_spi.o(i.HAL_SPI_DeInit)
    HAL_SPI_GetState                         0x08005867   Thumb Code     6  stm32f4xx_hal_spi.o(i.HAL_SPI_GetState)
    HAL_SPI_Init                             0x0800586d   Thumb Code   130  stm32f4xx_hal_spi.o(i.HAL_SPI_Init)
    HAL_SPI_MspDeInit                        0x080058ef   Thumb Code     2  stm32f4xx_hal_spi.o(i.HAL_SPI_MspDeInit)
    HAL_SPI_MspInit                          0x080058f1   Thumb Code     2  stm32f4xx_hal_spi.o(i.HAL_SPI_MspInit)
    HAL_SPI_TransmitReceive                  0x080058f3   Thumb Code   688  stm32f4xx_hal_spi.o(i.HAL_SPI_TransmitReceive)
    HAL_SYSTICK_Config                       0x08005ba3   Thumb Code    40  stm32f4xx_hal_cortex.o(i.HAL_SYSTICK_Config)
    HAL_TIMEx_BreakCallback                  0x08005bcb   Thumb Code     2  stm32f4xx_hal_tim_ex.o(i.HAL_TIMEx_BreakCallback)
    HAL_TIMEx_CommutationCallback            0x08005bcd   Thumb Code     2  stm32f4xx_hal_tim_ex.o(i.HAL_TIMEx_CommutationCallback)
    HAL_TIM_IC_CaptureCallback               0x08005bcf   Thumb Code     2  stm32f4xx_hal_tim.o(i.HAL_TIM_IC_CaptureCallback)
    HAL_TIM_IRQHandler                       0x08005bd1   Thumb Code   358  stm32f4xx_hal_tim.o(i.HAL_TIM_IRQHandler)
    HAL_TIM_OC_ConfigChannel                 0x08005d37   Thumb Code    86  stm32f4xx_hal_tim.o(i.HAL_TIM_OC_ConfigChannel)
    HAL_TIM_OC_DelayElapsedCallback          0x08005d8d   Thumb Code   156  main.o(i.HAL_TIM_OC_DelayElapsedCallback)
    HAL_TIM_OC_Init                          0x08005e35   Thumb Code    48  stm32f4xx_hal_tim.o(i.HAL_TIM_OC_Init)
    HAL_TIM_OC_MspInit                       0x08005e65   Thumb Code     2  stm32f4xx_hal_tim.o(i.HAL_TIM_OC_MspInit)
    HAL_TIM_OC_Start_IT                      0x08005e69   Thumb Code    98  stm32f4xx_hal_tim.o(i.HAL_TIM_OC_Start_IT)
    HAL_TIM_PWM_PulseFinishedCallback        0x08005ed5   Thumb Code     2  stm32f4xx_hal_tim.o(i.HAL_TIM_PWM_PulseFinishedCallback)
    HAL_TIM_PeriodElapsedCallback            0x08005ed7   Thumb Code     2  stm32f4xx_hal_tim.o(i.HAL_TIM_PeriodElapsedCallback)
    HAL_TIM_ReadCapturedValue                0x08005ed9   Thumb Code    68  stm32f4xx_hal_tim.o(i.HAL_TIM_ReadCapturedValue)
    HAL_TIM_TriggerCallback                  0x08005f1d   Thumb Code     2  stm32f4xx_hal_tim.o(i.HAL_TIM_TriggerCallback)
    HardFault_Handler                        0x080064bd   Thumb Code     2  stm32f4xx_it.o(i.HardFault_Handler)
    I2S_DMAError                             0x08006a41   Thumb Code    34  stm32f4xx_hal_i2s.o(i.I2S_DMAError)
    I2S_DMARxCplt                            0x08006a65   Thumb Code    94  stm32f4xx_hal_i2s.o(i.I2S_DMARxCplt)
    I2S_DMARxHalfCplt                        0x08006acd   Thumb Code    10  stm32f4xx_hal_i2s.o(i.I2S_DMARxHalfCplt)
    I2S_DMATxCplt                            0x08006ad9   Thumb Code    92  stm32f4xx_hal_i2s.o(i.I2S_DMATxCplt)
    I2S_DMATxHalfCplt                        0x08006b3d   Thumb Code    10  stm32f4xx_hal_i2s.o(i.I2S_DMATxHalfCplt)
    LIS302DL_Click_IntClear                  0x08006b47   Thumb Code    30  lis302dl.o(i.LIS302DL_Click_IntClear)
    LIS302DL_Click_IntConfig                 0x08006b65   Thumb Code   164  lis302dl.o(i.LIS302DL_Click_IntConfig)
    LIS302DL_FilterConfig                    0x08006c09   Thumb Code    46  lis302dl.o(i.LIS302DL_FilterConfig)
    LIS302DL_Init                            0x08006c37   Thumb Code    30  lis302dl.o(i.LIS302DL_Init)
    LIS302DL_InterruptConfig                 0x08006c55   Thumb Code    46  lis302dl.o(i.LIS302DL_InterruptConfig)
    LIS302DL_ReadACC                         0x08006c85   Thumb Code   104  lis302dl.o(i.LIS302DL_ReadACC)
    LIS302DL_ReadID                          0x08006ced   Thumb Code    28  lis302dl.o(i.LIS302DL_ReadID)
    LIS302DL_RebootCmd                       0x08006d09   Thumb Code    36  lis302dl.o(i.LIS302DL_RebootCmd)
    LIS3DSH_Click_IntConfig                  0x08006d2d   Thumb Code   210  lis3dsh.o(i.LIS3DSH_Click_IntConfig)
    LIS3DSH_Init                             0x08006dff   Thumb Code    46  lis3dsh.o(i.LIS3DSH_Init)
    LIS3DSH_InterruptConfig                  0x08006e2d   Thumb Code    76  lis3dsh.o(i.LIS3DSH_InterruptConfig)
    LIS3DSH_ReadACC                          0x08006e79   Thumb Code   198  lis3dsh.o(i.LIS3DSH_ReadACC)
    LIS3DSH_ReadID                           0x08006f55   Thumb Code    28  lis3dsh.o(i.LIS3DSH_ReadID)
    LIS3DSH_RebootCmd                        0x08006f71   Thumb Code    36  lis3dsh.o(i.LIS3DSH_RebootCmd)
    MemManage_Handler                        0x08006fe1   Thumb Code     2  stm32f4xx_it.o(i.MemManage_Handler)
    NMI_Handler                              0x08006fe3   Thumb Code     2  stm32f4xx_it.o(i.NMI_Handler)
    OTG_FS_IRQHandler                        0x08007005   Thumb Code     6  stm32f4xx_it.o(i.OTG_FS_IRQHandler)
    PendSV_Handler                           0x08007069   Thumb Code     2  stm32f4xx_it.o(i.PendSV_Handler)
    SVC_Handler                              0x080071c9   Thumb Code     2  stm32f4xx_it.o(i.SVC_Handler)
    SysTick_Handler                          0x080071cd   Thumb Code    24  stm32f4xx_it.o(i.SysTick_Handler)
    SystemInit                               0x0800725d   Thumb Code    66  system_stm32f4xx.o(i.SystemInit)
    TIM4_IRQHandler                          0x080072b1   Thumb Code     6  stm32f4xx_it.o(i.TIM4_IRQHandler)
    TIM_Base_SetConfig                       0x080072bd   Thumb Code   148  stm32f4xx_hal_tim.o(i.TIM_Base_SetConfig)
    TIM_CCxChannelCmd                        0x0800737d   Thumb Code    22  stm32f4xx_hal_tim.o(i.TIM_CCxChannelCmd)
    TIM_OC2_SetConfig                        0x08007485   Thumb Code    90  stm32f4xx_hal_tim.o(i.TIM_OC2_SetConfig)
    USBH_AllocPipe                           0x08007599   Thumb Code    52  usbh_pipes.o(i.USBH_AllocPipe)
    USBH_BulkReceiveData                     0x080075cd   Thumb Code    32  usbh_ioreq.o(i.USBH_BulkReceiveData)
    USBH_BulkSendData                        0x080075ed   Thumb Code    40  usbh_ioreq.o(i.USBH_BulkSendData)
    USBH_ClosePipe                           0x08007615   Thumb Code    10  usbh_pipes.o(i.USBH_ClosePipe)
    USBH_ClrFeature                          0x0800761f   Thumb Code    30  usbh_ctlreq.o(i.USBH_ClrFeature)
    USBH_CtlReceiveData                      0x0800763d   Thumb Code    30  usbh_ioreq.o(i.USBH_CtlReceiveData)
    USBH_CtlReq                              0x0800765b   Thumb Code    54  usbh_ctlreq.o(i.USBH_CtlReq)
    USBH_CtlSendData                         0x08007691   Thumb Code    40  usbh_ioreq.o(i.USBH_CtlSendData)
    USBH_CtlSendSetup                        0x080076b9   Thumb Code    30  usbh_ioreq.o(i.USBH_CtlSendSetup)
    USBH_Delay                               0x080076d7   Thumb Code     4  usbh_conf.o(i.USBH_Delay)
    USBH_FindInterface                       0x080076db   Thumb Code    68  usbh_core.o(i.USBH_FindInterface)
    USBH_FreePipe                            0x0800771f   Thumb Code    24  usbh_pipes.o(i.USBH_FreePipe)
    USBH_GetDescriptor                       0x08007737   Thumb Code    52  usbh_ctlreq.o(i.USBH_GetDescriptor)
    USBH_GetNextDesc                         0x0800776b   Thumb Code    14  usbh_ctlreq.o(i.USBH_GetNextDesc)
    USBH_Get_CfgDesc                         0x08007779   Thumb Code    44  usbh_ctlreq.o(i.USBH_Get_CfgDesc)
    USBH_Get_DevDesc                         0x080077a5   Thumb Code   128  usbh_ctlreq.o(i.USBH_Get_DevDesc)
    USBH_Get_StringDesc                      0x08007825   Thumb Code    72  usbh_ctlreq.o(i.USBH_Get_StringDesc)
    USBH_Init                                0x08007add   Thumb Code    48  usbh_core.o(i.USBH_Init)
    USBH_LL_ClosePipe                        0x08007b0d   Thumb Code    14  usbh_conf.o(i.USBH_LL_ClosePipe)
    USBH_LL_Connect                          0x08007b1b   Thumb Code    44  usbh_core.o(i.USBH_LL_Connect)
    USBH_LL_Disconnect                       0x08007b47   Thumb Code    56  usbh_core.o(i.USBH_LL_Disconnect)
    USBH_LL_DriverVBUS                       0x08007b81   Thumb Code    28  usbh_conf.o(i.USBH_LL_DriverVBUS)
    USBH_LL_GetLastXferSize                  0x08007ba1   Thumb Code     8  usbh_conf.o(i.USBH_LL_GetLastXferSize)
    USBH_LL_GetSpeed                         0x08007ba9   Thumb Code    34  usbh_conf.o(i.USBH_LL_GetSpeed)
    USBH_LL_GetToggle                        0x08007bcd   Thumb Code    28  usbh_conf.o(i.USBH_LL_GetToggle)
    USBH_LL_GetURBState                      0x08007bed   Thumb Code     8  usbh_conf.o(i.USBH_LL_GetURBState)
    USBH_LL_IncTimer                         0x08007bf5   Thumb Code    30  usbh_core.o(i.USBH_LL_IncTimer)
    USBH_LL_Init                             0x08007c15   Thumb Code    74  usbh_conf.o(i.USBH_LL_Init)
    USBH_LL_OpenPipe                         0x08007c65   Thumb Code    24  usbh_conf.o(i.USBH_LL_OpenPipe)
    USBH_LL_ResetPort                        0x08007c7d   Thumb Code    14  usbh_conf.o(i.USBH_LL_ResetPort)
    USBH_LL_SetTimer                         0x08007c8b   Thumb Code     6  usbh_core.o(i.USBH_LL_SetTimer)
    USBH_LL_SetToggle                        0x08007c91   Thumb Code    30  usbh_conf.o(i.USBH_LL_SetToggle)
    USBH_LL_Start                            0x08007cb5   Thumb Code    14  usbh_conf.o(i.USBH_LL_Start)
    USBH_LL_Stop                             0x08007cc3   Thumb Code    14  usbh_conf.o(i.USBH_LL_Stop)
    USBH_LL_SubmitURB                        0x08007cd1   Thumb Code    32  usbh_conf.o(i.USBH_LL_SubmitURB)
    USBH_MSC_BOT_Init                        0x08007d11   Thumb Code    26  usbh_msc_bot.o(i.USBH_MSC_BOT_Init)
    USBH_MSC_BOT_Process                     0x08007d35   Thumb Code   470  usbh_msc_bot.o(i.USBH_MSC_BOT_Process)
    USBH_MSC_BOT_REQ_GetMaxLUN               0x08007f11   Thumb Code    22  usbh_msc_bot.o(i.USBH_MSC_BOT_REQ_GetMaxLUN)
    USBH_MSC_BOT_REQ_Reset                   0x08007f27   Thumb Code    22  usbh_msc_bot.o(i.USBH_MSC_BOT_REQ_Reset)
    USBH_MSC_GetLUNInfo                      0x08007f9f   Thumb Code    46  usbh_msc.o(i.USBH_MSC_GetLUNInfo)
    USBH_MSC_Read                            0x08008483   Thumb Code   136  usbh_msc.o(i.USBH_MSC_Read)
    USBH_MSC_SCSI_Inquiry                    0x0800850b   Thumb Code   192  usbh_msc_scsi.o(i.USBH_MSC_SCSI_Inquiry)
    USBH_MSC_SCSI_Read                       0x080085cb   Thumb Code   124  usbh_msc_scsi.o(i.USBH_MSC_SCSI_Read)
    USBH_MSC_SCSI_ReadCapacity               0x08008647   Thumb Code   122  usbh_msc_scsi.o(i.USBH_MSC_SCSI_ReadCapacity)
    USBH_MSC_SCSI_RequestSense               0x080086c1   Thumb Code   146  usbh_msc_scsi.o(i.USBH_MSC_SCSI_RequestSense)
    USBH_MSC_SCSI_TestUnitReady              0x08008753   Thumb Code    76  usbh_msc_scsi.o(i.USBH_MSC_SCSI_TestUnitReady)
    USBH_MSC_SCSI_Write                      0x0800879f   Thumb Code   124  usbh_msc_scsi.o(i.USBH_MSC_SCSI_Write)
    USBH_MSC_UnitIsReady                     0x0800881f   Thumb Code    38  usbh_msc.o(i.USBH_MSC_UnitIsReady)
    USBH_MSC_Write                           0x08008845   Thumb Code   136  usbh_msc.o(i.USBH_MSC_Write)
    USBH_OpenPipe                            0x080088cd   Thumb Code    20  usbh_pipes.o(i.USBH_OpenPipe)
    USBH_Process                             0x080089c9   Thumb Code   360  usbh_core.o(i.USBH_Process)
    USBH_RegisterClass                       0x08008b31   Thumb Code    28  usbh_core.o(i.USBH_RegisterClass)
    USBH_SelectInterface                     0x08008b4d   Thumb Code    22  usbh_core.o(i.USBH_SelectInterface)
    USBH_SetAddress                          0x08008b63   Thumb Code    28  usbh_ctlreq.o(i.USBH_SetAddress)
    USBH_SetCfg                              0x08008b7f   Thumb Code    28  usbh_ctlreq.o(i.USBH_SetCfg)
    USBH_Start                               0x08008b9b   Thumb Code    20  usbh_core.o(i.USBH_Start)
    USBH_initialize                          0x08008be9   Thumb Code     4  usbh_diskio.o(i.USBH_initialize)
    USBH_ioctl                               0x08008bed   Thumb Code    74  usbh_diskio.o(i.USBH_ioctl)
    USBH_read                                0x08008c3d   Thumb Code   122  usbh_diskio.o(i.USBH_read)
    USBH_status                              0x08008cbd   Thumb Code    20  usbh_diskio.o(i.USBH_status)
    USBH_write                               0x08008cd5   Thumb Code   132  usbh_diskio.o(i.USBH_write)
    USB_CoreInit                             0x08008d5d   Thumb Code   104  stm32f4xx_ll_usb.o(i.USB_CoreInit)
    USB_DisableGlobalInt                     0x08008e01   Thumb Code    12  stm32f4xx_ll_usb.o(i.USB_DisableGlobalInt)
    USB_DoPing                               0x08008e0d   Thumb Code    78  stm32f4xx_ll_usb.o(i.USB_DoPing)
    USB_DriveVbus                            0x08008e61   Thumb Code    44  stm32f4xx_ll_usb.o(i.USB_DriveVbus)
    USB_EnableGlobalInt                      0x08008e8d   Thumb Code    12  stm32f4xx_ll_usb.o(i.USB_EnableGlobalInt)
    USB_FlushRxFifo                          0x08008e99   Thumb Code    28  stm32f4xx_ll_usb.o(i.USB_FlushRxFifo)
    USB_FlushTxFifo                          0x08008eb9   Thumb Code    32  stm32f4xx_ll_usb.o(i.USB_FlushTxFifo)
    USB_GetCurrentFrame                      0x08008edd   Thumb Code     8  stm32f4xx_ll_usb.o(i.USB_GetCurrentFrame)
    USB_GetHostSpeed                         0x08008ee5   Thumb Code    14  stm32f4xx_ll_usb.o(i.USB_GetHostSpeed)
    USB_GetMode                              0x08008ef3   Thumb Code     8  stm32f4xx_ll_usb.o(i.USB_GetMode)
    USB_HC_Halt                              0x08008efb   Thumb Code   376  stm32f4xx_ll_usb.o(i.USB_HC_Halt)
    USB_HC_Init                              0x08009075   Thumb Code   234  stm32f4xx_ll_usb.o(i.USB_HC_Init)
    USB_HC_ReadInterrupt                     0x0800915f   Thumb Code    12  stm32f4xx_ll_usb.o(i.USB_HC_ReadInterrupt)
    USB_HC_StartXfer                         0x0800916d   Thumb Code   396  stm32f4xx_ll_usb.o(i.USB_HC_StartXfer)
    USB_HostInit                             0x080092fd   Thumb Code   192  stm32f4xx_ll_usb.o(i.USB_HostInit)
    USB_InitFSLSPClkSel                      0x080093d1   Thumb Code    54  stm32f4xx_ll_usb.o(i.USB_InitFSLSPClkSel)
    USB_ReadInterrupts                       0x08009407   Thumb Code     8  stm32f4xx_ll_usb.o(i.USB_ReadInterrupts)
    USB_ReadPacket                           0x0800940f   Thumb Code    32  stm32f4xx_ll_usb.o(i.USB_ReadPacket)
    USB_ResetPort                            0x0800942f   Thumb Code    44  stm32f4xx_ll_usb.o(i.USB_ResetPort)
    USB_SetCurrentMode                       0x0800945b   Thumb Code    44  stm32f4xx_ll_usb.o(i.USB_SetCurrentMode)
    USB_StopHost                             0x08009487   Thumb Code   178  stm32f4xx_ll_usb.o(i.USB_StopHost)
    USB_WritePacket                          0x08009539   Thumb Code    40  stm32f4xx_ll_usb.o(i.USB_WritePacket)
    UsageFault_Handler                       0x08009561   Thumb Code     2  stm32f4xx_it.o(i.UsageFault_Handler)
    WavePlayBack                             0x0800969d   Thumb Code   250  waveplayer.o(i.WavePlayBack)
    WavePlayerInit                           0x080097bd   Thumb Code    24  waveplayer.o(i.WavePlayerInit)
    WavePlayerPauseResume                    0x080097d9   Thumb Code    10  waveplayer.o(i.WavePlayerPauseResume)
    WavePlayerStart                          0x080097e5   Thumb Code    92  waveplayer.o(i.WavePlayerStart)
    WavePlayer_CallBack                      0x08009871   Thumb Code    72  waveplayer.o(i.WavePlayer_CallBack)
    WaveRecorderProcess                      0x080098cd   Thumb Code   292  waverecorder.o(i.WaveRecorderProcess)
    __scatterload_copy                       0x08009a21   Thumb Code    14  handlers.o(i.__scatterload_copy)
    __scatterload_null                       0x08009a2f   Thumb Code     2  handlers.o(i.__scatterload_null)
    __scatterload_zeroinit                   0x08009a31   Thumb Code    14  handlers.o(i.__scatterload_zeroinit)
    clust2sect                               0x08009b31   Thumb Code    30  ff.o(i.clust2sect)
    cs43l22_Init                             0x08009cfd   Thumb Code   220  cs43l22.o(i.cs43l22_Init)
    cs43l22_Pause                            0x08009ddd   Thumb Code    26  cs43l22.o(i.cs43l22_Pause)
    cs43l22_Play                             0x08009df9   Thumb Code    42  cs43l22.o(i.cs43l22_Play)
    cs43l22_ReadID                           0x08009e29   Thumb Code    20  cs43l22.o(i.cs43l22_ReadID)
    cs43l22_Resume                           0x08009e3d   Thumb Code    56  cs43l22.o(i.cs43l22_Resume)
    cs43l22_SetFrequency                     0x08009e79   Thumb Code     4  cs43l22.o(i.cs43l22_SetFrequency)
    cs43l22_SetMute                          0x08009e7d   Thumb Code    20  cs43l22.o(i.cs43l22_SetMute)
    cs43l22_SetOutputMode                    0x08009e95   Thumb Code    76  cs43l22.o(i.cs43l22_SetOutputMode)
    cs43l22_SetVolume                        0x08009ee5   Thumb Code    60  cs43l22.o(i.cs43l22_SetVolume)
    cs43l22_Stop                             0x08009f21   Thumb Code    32  cs43l22.o(i.cs43l22_Stop)
    disk_initialize                          0x0800a299   Thumb Code    30  diskio.o(i.disk_initialize)
    disk_ioctl                               0x0800a2bd   Thumb Code    22  diskio.o(i.disk_ioctl)
    disk_read                                0x0800a2d9   Thumb Code    28  diskio.o(i.disk_read)
    disk_status                              0x0800a2f9   Thumb Code    12  diskio.o(i.disk_status)
    disk_write                               0x0800a309   Thumb Code    28  diskio.o(i.disk_write)
    f_close                                  0x0800a329   Thumb Code    42  ff.o(i.f_close)
    f_lseek                                  0x0800a353   Thumb Code   408  ff.o(i.f_lseek)
    f_mount                                  0x0800a4ed   Thumb Code    88  ff.o(i.f_mount)
    f_open                                   0x0800a549   Thumb Code   442  ff.o(i.f_open)
    f_opendir                                0x0800a709   Thumb Code   148  ff.o(i.f_opendir)
    f_read                                   0x0800a79d   Thumb Code   438  ff.o(i.f_read)
    f_sync                                   0x0800a953   Thumb Code   184  ff.o(i.f_sync)
    f_unlink                                 0x0800aa0b   Thumb Code   212  ff.o(i.f_unlink)
    f_write                                  0x0800aadf   Thumb Code   510  ff.o(i.f_write)
    free                                     0x0800b015   Thumb Code    76  malloc.o(i.free)
    get_fat                                  0x0800b065   Thumb Code   244  ff.o(i.get_fat)
    get_fattime                              0x0800b159   Thumb Code     4  diskio.o(i.get_fattime)
    main                                     0x0800b241   Thumb Code   134  main.o(i.main)
    malloc                                   0x0800b2e1   Thumb Code    92  malloc.o(i.malloc)
    put_fat                                  0x0800b3a1   Thumb Code   314  ff.o(i.put_fat)
    BUTTON_IRQn                              0x0800b69a   Data           1  stm32f4_discovery.o(.constdata)
    BUTTON_PIN                               0x0800b69c   Data           2  stm32f4_discovery.o(.constdata)
    GPIO_PIN                                 0x0800b69e   Data           8  stm32f4_discovery.o(.constdata)
    APBAHBPrescTable                         0x0800b6a6   Data          16  stm32f4xx_hal_rcc.o(.constdata)
    Region$$Table$$Base                      0x0800b768   Number         0  anon$$obj.o(Region$$Table)
    Region$$Table$$Limit                     0x0800b788   Number         0  anon$$obj.o(Region$$Table)
    MemsID                                   0x20000000   Data           1  main.o(.data)
    AppliState                               0x20000001   Data           1  main.o(.data)
    CCR1Val                                  0x20000004   Data           2  main.o(.data)
    PressCount                               0x20000008   Data           4  main.o(.data)
    PauseResumeStatus                        0x2000000c   Data           4  main.o(.data)
    RepeatState                              0x20000010   Data           4  main.o(.data)
    CmdIndex                                 0x20000014   Data           4  main.o(.data)
    PbPressCheck                             0x20000018   Data           4  main.o(.data)
    USBDISKPath                              0x2000001c   Data           4  main.o(.data)
    TimeRecBase                              0x20000020   Data           4  stm32f4xx_it.o(.data)
    buffer_offset                            0x20000024   Data           1  waveplayer.o(.data)
    AudioPlayStart                           0x20000028   Data           4  waveplayer.o(.data)
    LEDsState                                0x20000034   Data           4  waveplayer.o(.data)
    WaveCounter                              0x20000038   Data           4  waverecorder.o(.data)
    WaveRecStatus                            0x2000003c   Data           4  waverecorder.o(.data)
    ITCounter                                0x20000040   Data           4  waverecorder.o(.data)
    AUDIODataReady                           0x20000044   Data           4  waverecorder.o(.data)
    AUDIOBuffOffset                          0x20000048   Data           4  waverecorder.o(.data)
    BufferCtl                                0x2000004c   Data           8  waverecorder.o(.data)
    cs43l22_drv                              0x20000054   Data          44  cs43l22.o(.data)
    OutputDev                                0x20000081   Data           1  cs43l22.o(.data)
    Lis302dlDrv                              0x20000084   Data          44  lis302dl.o(.data)
    Lis3dshDrv                               0x200000b0   Data          44  lis3dsh.o(.data)
    BUTTON_PORT                              0x200000dc   Data           4  stm32f4_discovery.o(.data)
    I2cxTimeout                              0x200000e0   Data           4  stm32f4_discovery.o(.data)
    SpixTimeout                              0x200000e4   Data           4  stm32f4_discovery.o(.data)
    GPIO_PORT                                0x200000e8   Data          16  stm32f4_discovery.o(.data)
    AudioInVolume                            0x200000fc   Data           2  stm32f4_discovery_audio.o(.data)
    SystemCoreClock                          0x20000104   Data           4  system_stm32f4xx.o(.data)
    AHBPrescTable                            0x20000108   Data          16  system_stm32f4xx.o(.data)
    USBH_Driver                              0x20000124   Data          20  usbh_diskio.o(.data)
    USBH_msc                                 0x20000138   Data          32  usbh_msc.o(.data)
    stm32_crc                                0x20000158   Data           4  pdm_filter.o(.data)
    T0                                       0x2000015c   Data         256  pdm_filter.o(.data)
    T1                                       0x2000025c   Data         256  pdm_filter.o(.data)
    T2                                       0x2000035c   Data         256  pdm_filter.o(.data)
    __microlib_freelist                      0x2000045c   Data           4  mvars.o(.data)
    __microlib_freelist_initialised          0x20000460   Data           4  mvars.o(.data)
    hTimLed                                  0x20000464   Data          60  main.o(.bss)
    sConfigLed                               0x200004a0   Data          28  main.o(.bss)
    USBDISKFatFs                             0x200004bc   Data        2096  main.o(.bss)
    hUSBHost                                 0x20000cec   Data         920  main.o(.bss)
    hHCD                                     0x20001084   Data         656  usbh_conf.o(.bss)
    Audio_Buffer                             0x20001314   Data        4096  waveplayer.o(.bss)
    FileRead                                 0x20002314   Data        2088  waveplayer.o(.bss)
    Directory                                0x20002b3c   Data        2080  waveplayer.o(.bss)
    WavFile                                  0x2000335c   Data        2088  waverecorder.o(.bss)
    pHeaderBuff                              0x20003b84   Data          44  waverecorder.o(.bss)
    WrBuffer                                 0x20003bb0   Data        8192  waverecorder.o(.bss)
    WaveFormat                               0x20005cf0   Data          44  waverecorder.o(.bss)
    hAudioOutI2s                             0x20005e48   Data          64  stm32f4_discovery_audio.o(.bss)
    hAudioInI2s                              0x20005e88   Data          64  stm32f4_discovery_audio.o(.bss)
    Filter                                   0x20005ec8   Data          52  stm32f4_discovery_audio.o(.bss)
    disk                                     0x20005f14   Data          12  ff_gen_drv.o(.bss)
    __heap_base                              0x20005f20   Data           0  startup_stm32f407xx.o(HEAP)
    __heap_limit                             0x20007f20   Data           0  startup_stm32f407xx.o(HEAP)
    __initial_sp                             0x20009f20   Data           0  startup_stm32f407xx.o(STACK)



==============================================================================

Memory Map of the image

  Image Entry point : 0x08000189

  Load Region LR_IROM1 (Base: 0x08000000, Size: 0x0000bbec, Max: 0x00100000, ABSOLUTE, COMPRESSED[0x0000ba3c])

    Execution Region ER_IROM1 (Base: 0x08000000, Size: 0x0000b788, Max: 0x00100000, ABSOLUTE)

    Base Addr    Size         Type   Attr      Idx    E Section Name        Object

    0x08000000   0x00000188   Data   RO            3    RESET               startup_stm32f407xx.o
    0x08000188   0x00000000   Code   RO         5185  * .ARM.Collect$$$$00000000  mc_w.l(entry.o)
    0x08000188   0x00000004   Code   RO         5240    .ARM.Collect$$$$00000001  mc_w.l(entry2.o)
    0x0800018c   0x00000004   Code   RO         5243    .ARM.Collect$$$$00000004  mc_w.l(entry5.o)
    0x08000190   0x00000000   Code   RO         5245    .ARM.Collect$$$$00000008  mc_w.l(entry7b.o)
    0x08000190   0x00000000   Code   RO         5247    .ARM.Collect$$$$0000000A  mc_w.l(entry8b.o)
    0x08000190   0x00000008   Code   RO         5248    .ARM.Collect$$$$0000000B  mc_w.l(entry9a.o)
    0x08000198   0x00000000   Code   RO         5250    .ARM.Collect$$$$0000000D  mc_w.l(entry10a.o)
    0x08000198   0x00000000   Code   RO         5252    .ARM.Collect$$$$0000000F  mc_w.l(entry11a.o)
    0x08000198   0x00000004   Code   RO         5241    .ARM.Collect$$$$00002712  mc_w.l(entry2.o)
    0x0800019c   0x00000024   Code   RO            4    .text               startup_stm32f407xx.o
    0x080001c0   0x00001694   Code   RO         5172    .text               libPDMFilter_CM4_IAR.a(pdm_filter.o)
    0x08001854   0x00000024   Code   RO         5188    .text               mc_w.l(memcpya.o)
    0x08001878   0x00000024   Code   RO         5190    .text               mc_w.l(memseta.o)
    0x0800189c   0x00000064   Code   RO         5222    .text               mf_w.l(fmul.o)
    0x08001900   0x0000014e   Code   RO         5224    .text               mf_w.l(dadd.o)
    0x08001a4e   0x000000e4   Code   RO         5226    .text               mf_w.l(dmul.o)
    0x08001b32   0x000000de   Code   RO         5228    .text               mf_w.l(ddiv.o)
    0x08001c10   0x00000022   Code   RO         5230    .text               mf_w.l(dflti.o)
    0x08001c32   0x0000001a   Code   RO         5232    .text               mf_w.l(dfltui.o)
    0x08001c4c   0x0000003e   Code   RO         5234    .text               mf_w.l(dfixi.o)
    0x08001c8a   0x00000026   Code   RO         5236    .text               mf_w.l(f2d.o)
    0x08001cb0   0x00000014   Code   RO         5238    .text               mf_w.l(cfcmple.o)
    0x08001cc4   0x0000001e   Code   RO         5254    .text               mc_w.l(llshl.o)
    0x08001ce2   0x00000020   Code   RO         5256    .text               mc_w.l(llushr.o)
    0x08001d02   0x00000024   Code   RO         5258    .text               mc_w.l(llsshr.o)
    0x08001d26   0x00000000   Code   RO         5262    .text               mc_w.l(iusefp.o)
    0x08001d26   0x000000ba   Code   RO         5263    .text               mf_w.l(depilogue.o)
    0x08001de0   0x00000024   Code   RO         5265    .text               mc_w.l(init.o)
    0x08001e04   0x00000056   Code   RO         5275    .text               mc_w.l(__dczerorl2.o)
    0x08001e5a   0x00000002   PAD
    0x08001e5c   0x00000044   Code   RO          889    i.ACCELERO_IO_ITConfig  stm32f4_discovery.o
    0x08001ea0   0x00000040   Code   RO          890    i.ACCELERO_IO_Init  stm32f4_discovery.o
    0x08001ee0   0x00000050   Code   RO          891    i.ACCELERO_IO_Read  stm32f4_discovery.o
    0x08001f30   0x00000048   Code   RO          892    i.ACCELERO_IO_Write  stm32f4_discovery.o
    0x08001f78   0x00000058   Code   RO          893    i.AUDIO_IO_Init     stm32f4_discovery.o
    0x08001fd0   0x0000003c   Code   RO          894    i.AUDIO_IO_Read     stm32f4_discovery.o
    0x0800200c   0x00000038   Code   RO          895    i.AUDIO_IO_Write    stm32f4_discovery.o
    0x08002044   0x00000014   Code   RO         1017    i.BSP_ACCELERO_Click_ITClear  stm32f4_discovery_accelerometer.o
    0x08002058   0x00000014   Code   RO         1018    i.BSP_ACCELERO_Click_ITConfig  stm32f4_discovery_accelerometer.o
    0x0800206c   0x00000048   Code   RO         1020    i.BSP_ACCELERO_Init  stm32f4_discovery_accelerometer.o
    0x080020b4   0x00000014   Code   RO         1021    i.BSP_ACCELERO_ReadID  stm32f4_discovery_accelerometer.o
    0x080020c8   0x00000002   Code   RO         1069    i.BSP_AUDIO_IN_Error_Callback  stm32f4_discovery_audio.o
    0x080020ca   0x00000002   PAD
    0x080020cc   0x00000058   Code   RO          595    i.BSP_AUDIO_IN_HalfTransfer_CallBack  waverecorder.o
    0x08002124   0x00000042   Code   RO         1071    i.BSP_AUDIO_IN_Init  stm32f4_discovery_audio.o
    0x08002166   0x00000002   PAD
    0x08002168   0x0000004c   Code   RO         1072    i.BSP_AUDIO_IN_PDMToPCM  stm32f4_discovery_audio.o
    0x080021b4   0x00000014   Code   RO         1074    i.BSP_AUDIO_IN_Record  stm32f4_discovery_audio.o
    0x080021c8   0x00000010   Code   RO         1077    i.BSP_AUDIO_IN_Stop  stm32f4_discovery_audio.o
    0x080021d8   0x00000058   Code   RO          596    i.BSP_AUDIO_IN_TransferComplete_CallBack  waverecorder.o
    0x08002230   0x00000010   Code   RO         1079    i.BSP_AUDIO_OUT_ChangeBuffer  stm32f4_discovery_audio.o
    0x08002240   0x00000002   Code   RO          525    i.BSP_AUDIO_OUT_Error_CallBack  waveplayer.o
    0x08002242   0x00000002   PAD
    0x08002244   0x0000000c   Code   RO          526    i.BSP_AUDIO_OUT_HalfTransfer_CallBack  waveplayer.o
    0x08002250   0x0000006c   Code   RO         1082    i.BSP_AUDIO_OUT_Init  stm32f4_discovery_audio.o
    0x080022bc   0x00000024   Code   RO         1083    i.BSP_AUDIO_OUT_Pause  stm32f4_discovery_audio.o
    0x080022e0   0x00000040   Code   RO         1084    i.BSP_AUDIO_OUT_Play  stm32f4_discovery_audio.o
    0x08002320   0x00000024   Code   RO         1085    i.BSP_AUDIO_OUT_Resume  stm32f4_discovery_audio.o
    0x08002344   0x00000040   Code   RO         1090    i.BSP_AUDIO_OUT_Stop  stm32f4_discovery_audio.o
    0x08002384   0x00000018   Code   RO          527    i.BSP_AUDIO_OUT_TransferComplete_CallBack  waveplayer.o
    0x0800239c   0x0000004c   Code   RO          897    i.BSP_LED_Init      stm32f4_discovery.o
    0x080023e8   0x0000001c   Code   RO          898    i.BSP_LED_Off       stm32f4_discovery.o
    0x08002404   0x0000001c   Code   RO          899    i.BSP_LED_On        stm32f4_discovery.o
    0x08002420   0x00000018   Code   RO          900    i.BSP_LED_Toggle    stm32f4_discovery.o
    0x08002438   0x00000074   Code   RO          902    i.BSP_PB_Init       stm32f4_discovery.o
    0x080024ac   0x00000002   Code   RO          274    i.BusFault_Handler  stm32f4xx_it.o
    0x080024ae   0x0000000a   Code   RO          656    i.CODEC_IO_Write    cs43l22.o
    0x080024b8   0x0000000c   Code   RO          275    i.DMA1_Stream3_IRQHandler  stm32f4xx_it.o
    0x080024c4   0x0000000c   Code   RO          276    i.DMA1_Stream7_IRQHandler  stm32f4xx_it.o
    0x080024d0   0x0000001e   Code   RO         1570    i.DMA_SetConfig     stm32f4xx_hal_dma.o
    0x080024ee   0x00000002   PAD
    0x080024f0   0x00000046   Code   RO         4869    i.DeInitStateMachine  usbh_core.o
    0x08002536   0x00000002   Code   RO          277    i.DebugMon_Handler  stm32f4xx_it.o
    0x08002538   0x00000006   Code   RO          278    i.EXTI0_IRQHandler  stm32f4xx_it.o
    0x0800253e   0x00000006   Code   RO          279    i.EXTI1_IRQHandler  stm32f4xx_it.o
    0x08002544   0x00000008   Code   RO           12    i.Error_Handler     main.o
    0x0800254c   0x00000038   Code   RO         4573    i.FATFS_LinkDriver  ff_gen_drv.o
    0x08002584   0x00000054   Code   RO         1571    i.HAL_DMA_Abort     stm32f4xx_hal_dma.o
    0x080025d8   0x000009cc   Code   RO         1572    i.HAL_DMA_DeInit    stm32f4xx_hal_dma.o
    0x08002fa4   0x00000f6c   Code   RO         1575    i.HAL_DMA_IRQHandler  stm32f4xx_hal_dma.o
    0x08003f10   0x00000070   Code   RO         1576    i.HAL_DMA_Init      stm32f4xx_hal_dma.o
    0x08003f80   0x0000006c   Code   RO         1579    i.HAL_DMA_Start_IT  stm32f4xx_hal_dma.o
    0x08003fec   0x00000016   Code   RO         1316    i.HAL_Delay         stm32f4xx_hal.o
    0x08004002   0x00000002   PAD
    0x08004004   0x0000004c   Code   RO           13    i.HAL_GPIO_EXTI_Callback  main.o
    0x08004050   0x00000018   Code   RO         1809    i.HAL_GPIO_EXTI_IRQHandler  stm32f4xx_hal_gpio.o
    0x08004068   0x000001c4   Code   RO         1810    i.HAL_GPIO_Init     stm32f4xx_hal_gpio.o
    0x0800422c   0x00000008   Code   RO         1813    i.HAL_GPIO_TogglePin  stm32f4xx_hal_gpio.o
    0x08004234   0x0000000a   Code   RO         1814    i.HAL_GPIO_WritePin  stm32f4xx_hal_gpio.o
    0x0800423e   0x00000002   PAD
    0x08004240   0x0000000c   Code   RO         1328    i.HAL_GetTick       stm32f4xx_hal.o
    0x0800424c   0x00000008   Code   RO          382    i.HAL_HCD_Connect_Callback  usbh_conf.o
    0x08004254   0x00000008   Code   RO          383    i.HAL_HCD_Disconnect_Callback  usbh_conf.o
    0x0800425c   0x00000006   Code   RO         1872    i.HAL_HCD_GetCurrentFrame  stm32f4xx_hal_hcd.o
    0x08004262   0x00000006   Code   RO         1873    i.HAL_HCD_GetCurrentSpeed  stm32f4xx_hal_hcd.o
    0x08004268   0x0000000e   Code   RO         1876    i.HAL_HCD_HC_GetURBState  stm32f4xx_hal_hcd.o
    0x08004276   0x0000000c   Code   RO         1877    i.HAL_HCD_HC_GetXferCount  stm32f4xx_hal_hcd.o
    0x08004282   0x00000024   Code   RO         1878    i.HAL_HCD_HC_Halt   stm32f4xx_hal_hcd.o
    0x080042a6   0x00000054   Code   RO         1879    i.HAL_HCD_HC_Init   stm32f4xx_hal_hcd.o
    0x080042fa   0x00000002   Code   RO          384    i.HAL_HCD_HC_NotifyURBChange_Callback  usbh_conf.o
    0x080042fc   0x000000b6   Code   RO         1881    i.HAL_HCD_HC_SubmitRequest  stm32f4xx_hal_hcd.o
    0x080043b2   0x00000002   PAD
    0x080043b4   0x0000012e   Code   RO         1882    i.HAL_HCD_IRQHandler  stm32f4xx_hal_hcd.o
    0x080044e2   0x0000005a   Code   RO         1883    i.HAL_HCD_Init      stm32f4xx_hal_hcd.o
    0x0800453c   0x000000a4   Code   RO          386    i.HAL_HCD_MspInit   usbh_conf.o
    0x080045e0   0x00000006   Code   RO         1886    i.HAL_HCD_ResetPort  stm32f4xx_hal_hcd.o
    0x080045e6   0x00000008   Code   RO          387    i.HAL_HCD_SOF_Callback  usbh_conf.o
    0x080045ee   0x0000002c   Code   RO         1888    i.HAL_HCD_Start     stm32f4xx_hal_hcd.o
    0x0800461a   0x00000024   Code   RO         1889    i.HAL_HCD_Stop      stm32f4xx_hal_hcd.o
    0x0800463e   0x00000030   Code   RO         2029    i.HAL_I2C_DeInit    stm32f4xx_hal_i2c.o
    0x0800466e   0x00000006   Code   RO         2034    i.HAL_I2C_GetState  stm32f4xx_hal_i2c.o
    0x08004674   0x00000100   Code   RO         2035    i.HAL_I2C_Init      stm32f4xx_hal_i2c.o
    0x08004774   0x000001b8   Code   RO         2047    i.HAL_I2C_Mem_Read  stm32f4xx_hal_i2c.o
    0x0800492c   0x000000d8   Code   RO         2050    i.HAL_I2C_Mem_Write  stm32f4xx_hal_i2c.o
    0x08004a04   0x00000002   Code   RO         2053    i.HAL_I2C_MspDeInit  stm32f4xx_hal_i2c.o
    0x08004a06   0x00000002   Code   RO         2054    i.HAL_I2C_MspInit   stm32f4xx_hal_i2c.o
    0x08004a08   0x000000ac   Code   RO         2341    i.HAL_I2S_DMAPause  stm32f4xx_hal_i2s.o
    0x08004ab4   0x000000bc   Code   RO         2342    i.HAL_I2S_DMAResume  stm32f4xx_hal_i2s.o
    0x08004b70   0x000000c8   Code   RO         2343    i.HAL_I2S_DMAStop   stm32f4xx_hal_i2s.o
    0x08004c38   0x00000028   Code   RO         1092    i.HAL_I2S_ErrorCallback  stm32f4_discovery_audio.o
    0x08004c60   0x00000006   Code   RO         2347    i.HAL_I2S_GetState  stm32f4xx_hal_i2s.o
    0x08004c66   0x00000002   PAD
    0x08004c68   0x000001d0   Code   RO         2349    i.HAL_I2S_Init      stm32f4xx_hal_i2s.o
    0x08004e38   0x00000002   Code   RO         2351    i.HAL_I2S_MspInit   stm32f4xx_hal_i2s.o
    0x08004e3a   0x00000002   PAD
    0x08004e3c   0x000000c8   Code   RO         2353    i.HAL_I2S_Receive_DMA  stm32f4xx_hal_i2s.o
    0x08004f04   0x00000008   Code   RO         1093    i.HAL_I2S_RxCpltCallback  stm32f4_discovery_audio.o
    0x08004f0c   0x00000008   Code   RO         1094    i.HAL_I2S_RxHalfCpltCallback  stm32f4_discovery_audio.o
    0x08004f14   0x000000b4   Code   RO         2358    i.HAL_I2S_Transmit_DMA  stm32f4xx_hal_i2s.o
    0x08004fc8   0x00000014   Code   RO         1095    i.HAL_I2S_TxCpltCallback  stm32f4_discovery_audio.o
    0x08004fdc   0x00000014   Code   RO         1096    i.HAL_I2S_TxHalfCpltCallback  stm32f4_discovery_audio.o
    0x08004ff0   0x00000010   Code   RO         1329    i.HAL_IncTick       stm32f4xx_hal.o
    0x08005000   0x00000034   Code   RO         1330    i.HAL_Init          stm32f4xx_hal.o
    0x08005034   0x00000022   Code   RO         1331    i.HAL_InitTick      stm32f4xx_hal.o
    0x08005056   0x00000002   Code   RO         1333    i.HAL_MspInit       stm32f4xx_hal.o
    0x08005058   0x00000016   Code   RO         1459    i.HAL_NVIC_EnableIRQ  stm32f4xx_hal_cortex.o
    0x0800506e   0x00000002   PAD
    0x08005070   0x00000040   Code   RO         1465    i.HAL_NVIC_SetPriority  stm32f4xx_hal_cortex.o
    0x080050b0   0x00000024   Code   RO         1466    i.HAL_NVIC_SetPriorityGrouping  stm32f4xx_hal_cortex.o
    0x080050d4   0x00000050   Code   RO         2791    i.HAL_RCCEx_GetPeriphCLKConfig  stm32f4xx_hal_rcc_ex.o
    0x08005124   0x00000148   Code   RO         2792    i.HAL_RCCEx_PeriphCLKConfig  stm32f4xx_hal_rcc_ex.o
    0x0800526c   0x000001b8   Code   RO         2691    i.HAL_RCC_ClockConfig  stm32f4xx_hal_rcc.o
    0x08005424   0x00000034   Code   RO         2696    i.HAL_RCC_GetHCLKFreq  stm32f4xx_hal_rcc.o
    0x08005458   0x0000002c   Code   RO         2698    i.HAL_RCC_GetPCLK1Freq  stm32f4xx_hal_rcc.o
    0x08005484   0x00000080   Code   RO         2700    i.HAL_RCC_GetSysClockFreq  stm32f4xx_hal_rcc.o
    0x08005504   0x00000338   Code   RO         2703    i.HAL_RCC_OscConfig  stm32f4xx_hal_rcc.o
    0x0800583c   0x0000002a   Code   RO         2834    i.HAL_SPI_DeInit    stm32f4xx_hal_spi.o
    0x08005866   0x00000006   Code   RO         2837    i.HAL_SPI_GetState  stm32f4xx_hal_spi.o
    0x0800586c   0x00000082   Code   RO         2839    i.HAL_SPI_Init      stm32f4xx_hal_spi.o
    0x080058ee   0x00000002   Code   RO         2840    i.HAL_SPI_MspDeInit  stm32f4xx_hal_spi.o
    0x080058f0   0x00000002   Code   RO         2841    i.HAL_SPI_MspInit   stm32f4xx_hal_spi.o
    0x080058f2   0x000002b0   Code   RO         2848    i.HAL_SPI_TransmitReceive  stm32f4xx_hal_spi.o
    0x08005ba2   0x00000028   Code   RO         1470    i.HAL_SYSTICK_Config  stm32f4xx_hal_cortex.o
    0x08005bca   0x00000002   Code   RO         3682    i.HAL_TIMEx_BreakCallback  stm32f4xx_hal_tim_ex.o
    0x08005bcc   0x00000002   Code   RO         3683    i.HAL_TIMEx_CommutationCallback  stm32f4xx_hal_tim_ex.o
    0x08005bce   0x00000002   Code   RO         3100    i.HAL_TIM_IC_CaptureCallback  stm32f4xx_hal_tim.o
    0x08005bd0   0x00000166   Code   RO         3113    i.HAL_TIM_IRQHandler  stm32f4xx_hal_tim.o
    0x08005d36   0x00000056   Code   RO         3114    i.HAL_TIM_OC_ConfigChannel  stm32f4xx_hal_tim.o
    0x08005d8c   0x000000a8   Code   RO           14    i.HAL_TIM_OC_DelayElapsedCallback  main.o
    0x08005e34   0x00000030   Code   RO         3118    i.HAL_TIM_OC_Init   stm32f4xx_hal_tim.o
    0x08005e64   0x00000002   Code   RO         3120    i.HAL_TIM_OC_MspInit  stm32f4xx_hal_tim.o
    0x08005e66   0x00000002   PAD
    0x08005e68   0x0000006c   Code   RO         3123    i.HAL_TIM_OC_Start_IT  stm32f4xx_hal_tim.o
    0x08005ed4   0x00000002   Code   RO         3143    i.HAL_TIM_PWM_PulseFinishedCallback  stm32f4xx_hal_tim.o
    0x08005ed6   0x00000002   Code   RO         3150    i.HAL_TIM_PeriodElapsedCallback  stm32f4xx_hal_tim.o
    0x08005ed8   0x00000044   Code   RO         3151    i.HAL_TIM_ReadCapturedValue  stm32f4xx_hal_tim.o
    0x08005f1c   0x00000002   Code   RO         3153    i.HAL_TIM_TriggerCallback  stm32f4xx_hal_tim.o
    0x08005f1e   0x00000242   Code   RO         1890    i.HCD_HC_IN_IRQHandler  stm32f4xx_hal_hcd.o
    0x08006160   0x00000234   Code   RO         1891    i.HCD_HC_OUT_IRQHandler  stm32f4xx_hal_hcd.o
    0x08006394   0x000000b0   Code   RO         1892    i.HCD_Port_IRQHandler  stm32f4xx_hal_hcd.o
    0x08006444   0x00000078   Code   RO         1893    i.HCD_RXQLVL_IRQHandler  stm32f4xx_hal_hcd.o
    0x080064bc   0x00000002   Code   RO          280    i.HardFault_Handler  stm32f4xx_it.o
    0x080064be   0x00000002   PAD
    0x080064c0   0x000000e0   Code   RO         2075    i.I2C_RequestMemoryRead  stm32f4xx_hal_i2c.o
    0x080065a0   0x00000090   Code   RO         2076    i.I2C_RequestMemoryWrite  stm32f4xx_hal_i2c.o
    0x08006630   0x0000008a   Code   RO         2077    i.I2C_WaitOnFlagUntilTimeout  stm32f4xx_hal_i2c.o
    0x080066ba   0x00000088   Code   RO         2078    i.I2C_WaitOnMasterAddressFlagUntilTimeout  stm32f4xx_hal_i2c.o
    0x08006742   0x00000002   PAD
    0x08006744   0x00000014   Code   RO          903    i.I2Cx_Error        stm32f4_discovery.o
    0x08006758   0x00000040   Code   RO          904    i.I2Cx_Init         stm32f4_discovery.o
    0x08006798   0x00000078   Code   RO          905    i.I2Cx_MspInit      stm32f4_discovery.o
    0x08006810   0x00000048   Code   RO         1097    i.I2S2_Init         stm32f4_discovery_audio.o
    0x08006858   0x000000cc   Code   RO         1098    i.I2S2_MspInit      stm32f4_discovery_audio.o
    0x08006924   0x00000040   Code   RO         1099    i.I2S3_Init         stm32f4_discovery_audio.o
    0x08006964   0x000000dc   Code   RO         1100    i.I2S3_MspInit      stm32f4_discovery_audio.o
    0x08006a40   0x00000022   Code   RO         2362    i.I2S_DMAError      stm32f4xx_hal_i2s.o
    0x08006a62   0x00000002   PAD
    0x08006a64   0x00000068   Code   RO         2363    i.I2S_DMARxCplt     stm32f4xx_hal_i2s.o
    0x08006acc   0x0000000a   Code   RO         2364    i.I2S_DMARxHalfCplt  stm32f4xx_hal_i2s.o
    0x08006ad6   0x00000002   PAD
    0x08006ad8   0x00000064   Code   RO         2365    i.I2S_DMATxCplt     stm32f4xx_hal_i2s.o
    0x08006b3c   0x0000000a   Code   RO         2366    i.I2S_DMATxHalfCplt  stm32f4xx_hal_i2s.o
    0x08006b46   0x0000001e   Code   RO          737    i.LIS302DL_Click_IntClear  lis302dl.o
    0x08006b64   0x000000a4   Code   RO          738    i.LIS302DL_Click_IntConfig  lis302dl.o
    0x08006c08   0x0000002e   Code   RO          740    i.LIS302DL_FilterConfig  lis302dl.o
    0x08006c36   0x0000001e   Code   RO          742    i.LIS302DL_Init     lis302dl.o
    0x08006c54   0x0000002e   Code   RO          743    i.LIS302DL_InterruptConfig  lis302dl.o
    0x08006c82   0x00000002   PAD
    0x08006c84   0x00000068   Code   RO          745    i.LIS302DL_ReadACC  lis302dl.o
    0x08006cec   0x0000001c   Code   RO          746    i.LIS302DL_ReadID   lis302dl.o
    0x08006d08   0x00000024   Code   RO          747    i.LIS302DL_RebootCmd  lis302dl.o
    0x08006d2c   0x000000d2   Code   RO          818    i.LIS3DSH_Click_IntConfig  lis3dsh.o
    0x08006dfe   0x0000002e   Code   RO          821    i.LIS3DSH_Init      lis3dsh.o
    0x08006e2c   0x0000004c   Code   RO          822    i.LIS3DSH_InterruptConfig  lis3dsh.o
    0x08006e78   0x000000dc   Code   RO          824    i.LIS3DSH_ReadACC   lis3dsh.o
    0x08006f54   0x0000001c   Code   RO          825    i.LIS3DSH_ReadID    lis3dsh.o
    0x08006f70   0x00000024   Code   RO          826    i.LIS3DSH_RebootCmd  lis3dsh.o
    0x08006f94   0x0000004c   Code   RO           15    i.MSC_Application   main.o
    0x08006fe0   0x00000002   Code   RO          281    i.MemManage_Handler  stm32f4xx_it.o
    0x08006fe2   0x00000002   Code   RO          282    i.NMI_Handler       stm32f4xx_it.o
    0x08006fe4   0x00000020   Code   RO         1472    i.NVIC_SetPriority  stm32f4xx_hal_cortex.o
    0x08007004   0x0000000c   Code   RO          283    i.OTG_FS_IRQHandler  stm32f4xx_it.o
    0x08007010   0x00000058   Code   RO         1101    i.PDMDecoder_Init   stm32f4_discovery_audio.o
    0x08007068   0x00000002   Code   RO          284    i.PendSV_Handler    stm32f4xx_it.o
    0x0800706a   0x0000009e   Code   RO         2869    i.SPI_WaitOnFlagUntilTimeout  stm32f4xx_hal_spi.o
    0x08007108   0x00000088   Code   RO          906    i.SPIx_Init         stm32f4_discovery.o
    0x08007190   0x00000038   Code   RO          907    i.SPIx_WriteRead    stm32f4_discovery.o
    0x080071c8   0x00000002   Code   RO          285    i.SVC_Handler       stm32f4xx_it.o
    0x080071ca   0x00000002   PAD
    0x080071cc   0x00000020   Code   RO          286    i.SysTick_Handler   stm32f4xx_it.o
    0x080071ec   0x00000070   Code   RO           16    i.SystemClock_Config  main.o
    0x0800725c   0x00000054   Code   RO         1284    i.SystemInit        system_stm32f4xx.o
    0x080072b0   0x0000000c   Code   RO          287    i.TIM4_IRQHandler   stm32f4xx_it.o
    0x080072bc   0x000000c0   Code   RO         3154    i.TIM_Base_SetConfig  stm32f4xx_hal_tim.o
    0x0800737c   0x00000016   Code   RO         3155    i.TIM_CCxChannelCmd  stm32f4xx_hal_tim.o
    0x08007392   0x00000002   PAD
    0x08007394   0x00000098   Code   RO           17    i.TIM_LED_Config    main.o
    0x0800742c   0x00000058   Code   RO         3160    i.TIM_OC1_SetConfig  stm32f4xx_hal_tim.o
    0x08007484   0x00000064   Code   RO         3161    i.TIM_OC2_SetConfig  stm32f4xx_hal_tim.o
    0x080074e8   0x00000060   Code   RO         3162    i.TIM_OC3_SetConfig  stm32f4xx_hal_tim.o
    0x08007548   0x00000050   Code   RO         3163    i.TIM_OC4_SetConfig  stm32f4xx_hal_tim.o
    0x08007598   0x00000034   Code   RO         5134    i.USBH_AllocPipe    usbh_pipes.o
    0x080075cc   0x00000020   Code   RO         5066    i.USBH_BulkReceiveData  usbh_ioreq.o
    0x080075ec   0x00000028   Code   RO         5067    i.USBH_BulkSendData  usbh_ioreq.o
    0x08007614   0x0000000a   Code   RO         5135    i.USBH_ClosePipe    usbh_pipes.o
    0x0800761e   0x0000001e   Code   RO         4982    i.USBH_ClrFeature   usbh_ctlreq.o
    0x0800763c   0x0000001e   Code   RO         5068    i.USBH_CtlReceiveData  usbh_ioreq.o
    0x0800765a   0x00000036   Code   RO         4983    i.USBH_CtlReq       usbh_ctlreq.o
    0x08007690   0x00000028   Code   RO         5069    i.USBH_CtlSendData  usbh_ioreq.o
    0x080076b8   0x0000001e   Code   RO         5070    i.USBH_CtlSendSetup  usbh_ioreq.o
    0x080076d6   0x00000004   Code   RO          388    i.USBH_Delay        usbh_conf.o
    0x080076da   0x00000044   Code   RO         4871    i.USBH_FindInterface  usbh_core.o
    0x0800771e   0x00000018   Code   RO         5136    i.USBH_FreePipe     usbh_pipes.o
    0x08007736   0x00000034   Code   RO         4984    i.USBH_GetDescriptor  usbh_ctlreq.o
    0x0800776a   0x0000000e   Code   RO         4985    i.USBH_GetNextDesc  usbh_ctlreq.o
    0x08007778   0x0000002c   Code   RO         4986    i.USBH_Get_CfgDesc  usbh_ctlreq.o
    0x080077a4   0x00000080   Code   RO         4987    i.USBH_Get_DevDesc  usbh_ctlreq.o
    0x08007824   0x00000048   Code   RO         4988    i.USBH_Get_StringDesc  usbh_ctlreq.o
    0x0800786c   0x0000017e   Code   RO         4989    i.USBH_HandleControl  usbh_ctlreq.o
    0x080079ea   0x000000f2   Code   RO         4874    i.USBH_HandleEnum   usbh_core.o
    0x08007adc   0x00000030   Code   RO         4875    i.USBH_Init         usbh_core.o
    0x08007b0c   0x0000000e   Code   RO          389    i.USBH_LL_ClosePipe  usbh_conf.o
    0x08007b1a   0x0000002c   Code   RO         4876    i.USBH_LL_Connect   usbh_core.o
    0x08007b46   0x00000038   Code   RO         4877    i.USBH_LL_Disconnect  usbh_core.o
    0x08007b7e   0x00000002   PAD
    0x08007b80   0x00000020   Code   RO          391    i.USBH_LL_DriverVBUS  usbh_conf.o
    0x08007ba0   0x00000008   Code   RO          392    i.USBH_LL_GetLastXferSize  usbh_conf.o
    0x08007ba8   0x00000022   Code   RO          393    i.USBH_LL_GetSpeed  usbh_conf.o
    0x08007bca   0x00000002   PAD
    0x08007bcc   0x00000020   Code   RO          394    i.USBH_LL_GetToggle  usbh_conf.o
    0x08007bec   0x00000008   Code   RO          395    i.USBH_LL_GetURBState  usbh_conf.o
    0x08007bf4   0x0000001e   Code   RO         4878    i.USBH_LL_IncTimer  usbh_core.o
    0x08007c12   0x00000002   PAD
    0x08007c14   0x00000050   Code   RO          396    i.USBH_LL_Init      usbh_conf.o
    0x08007c64   0x00000018   Code   RO          397    i.USBH_LL_OpenPipe  usbh_conf.o
    0x08007c7c   0x0000000e   Code   RO          398    i.USBH_LL_ResetPort  usbh_conf.o
    0x08007c8a   0x00000006   Code   RO         4879    i.USBH_LL_SetTimer  usbh_core.o
    0x08007c90   0x00000024   Code   RO          399    i.USBH_LL_SetToggle  usbh_conf.o
    0x08007cb4   0x0000000e   Code   RO          400    i.USBH_LL_Start     usbh_conf.o
    0x08007cc2   0x0000000e   Code   RO          401    i.USBH_LL_Stop      usbh_conf.o
    0x08007cd0   0x00000020   Code   RO          402    i.USBH_LL_SubmitURB  usbh_conf.o
    0x08007cf0   0x0000001e   Code   RO         4776    i.USBH_MSC_BOT_Abort  usbh_msc_bot.o
    0x08007d0e   0x00000002   PAD
    0x08007d10   0x00000024   Code   RO         4777    i.USBH_MSC_BOT_Init  usbh_msc_bot.o
    0x08007d34   0x000001dc   Code   RO         4778    i.USBH_MSC_BOT_Process  usbh_msc_bot.o
    0x08007f10   0x00000016   Code   RO         4779    i.USBH_MSC_BOT_REQ_GetMaxLUN  usbh_msc_bot.o
    0x08007f26   0x00000016   Code   RO         4780    i.USBH_MSC_BOT_REQ_Reset  usbh_msc_bot.o
    0x08007f3c   0x00000062   Code   RO         4689    i.USBH_MSC_ClassRequest  usbh_msc.o
    0x08007f9e   0x0000002e   Code   RO         4690    i.USBH_MSC_GetLUNInfo  usbh_msc.o
    0x08007fcc   0x0000004a   Code   RO         4692    i.USBH_MSC_InterfaceDeInit  usbh_msc.o
    0x08008016   0x0000014c   Code   RO         4693    i.USBH_MSC_InterfaceInit  usbh_msc.o
    0x08008162   0x00000290   Code   RO         4695    i.USBH_MSC_Process  usbh_msc.o
    0x080083f2   0x00000002   PAD
    0x080083f4   0x0000008e   Code   RO         4696    i.USBH_MSC_RdWrProcess  usbh_msc.o
    0x08008482   0x00000088   Code   RO         4697    i.USBH_MSC_Read     usbh_msc.o
    0x0800850a   0x000000c0   Code   RO         4819    i.USBH_MSC_SCSI_Inquiry  usbh_msc_scsi.o
    0x080085ca   0x0000007c   Code   RO         4820    i.USBH_MSC_SCSI_Read  usbh_msc_scsi.o
    0x08008646   0x0000007a   Code   RO         4821    i.USBH_MSC_SCSI_ReadCapacity  usbh_msc_scsi.o
    0x080086c0   0x00000092   Code   RO         4822    i.USBH_MSC_SCSI_RequestSense  usbh_msc_scsi.o
    0x08008752   0x0000004c   Code   RO         4823    i.USBH_MSC_SCSI_TestUnitReady  usbh_msc_scsi.o
    0x0800879e   0x0000007c   Code   RO         4824    i.USBH_MSC_SCSI_Write  usbh_msc_scsi.o
    0x0800881a   0x00000004   Code   RO         4698    i.USBH_MSC_SOFProcess  usbh_msc.o
    0x0800881e   0x00000026   Code   RO         4699    i.USBH_MSC_UnitIsReady  usbh_msc.o
    0x08008844   0x00000088   Code   RO         4700    i.USBH_MSC_Write    usbh_msc.o
    0x080088cc   0x00000014   Code   RO         5137    i.USBH_OpenPipe     usbh_pipes.o
    0x080088e0   0x000000e8   Code   RO         4990    i.USBH_ParseCfgDesc  usbh_ctlreq.o
    0x080089c8   0x00000168   Code   RO         4880    i.USBH_Process      usbh_core.o
    0x08008b30   0x0000001c   Code   RO         4882    i.USBH_RegisterClass  usbh_core.o
    0x08008b4c   0x00000016   Code   RO         4883    i.USBH_SelectInterface  usbh_core.o
    0x08008b62   0x0000001c   Code   RO         4991    i.USBH_SetAddress   usbh_ctlreq.o
    0x08008b7e   0x0000001c   Code   RO         4992    i.USBH_SetCfg       usbh_ctlreq.o
    0x08008b9a   0x00000014   Code   RO         4884    i.USBH_Start        usbh_core.o
    0x08008bae   0x00000002   PAD
    0x08008bb0   0x00000038   Code   RO           18    i.USBH_UserProcess  main.o
    0x08008be8   0x00000004   Code   RO         4607    i.USBH_initialize   usbh_diskio.o
    0x08008bec   0x00000050   Code   RO         4608    i.USBH_ioctl        usbh_diskio.o
    0x08008c3c   0x00000080   Code   RO         4609    i.USBH_read         usbh_diskio.o
    0x08008cbc   0x00000018   Code   RO         4610    i.USBH_status       usbh_diskio.o
    0x08008cd4   0x00000088   Code   RO         4611    i.USBH_write        usbh_diskio.o
    0x08008d5c   0x0000006c   Code   RO         3935    i.USB_CoreInit      stm32f4xx_ll_usb.o
    0x08008dc8   0x00000038   Code   RO         3936    i.USB_CoreReset     stm32f4xx_ll_usb.o
    0x08008e00   0x0000000c   Code   RO         3942    i.USB_DisableGlobalInt  stm32f4xx_ll_usb.o
    0x08008e0c   0x00000054   Code   RO         3943    i.USB_DoPing        stm32f4xx_ll_usb.o
    0x08008e60   0x0000002c   Code   RO         3944    i.USB_DriveVbus     stm32f4xx_ll_usb.o
    0x08008e8c   0x0000000c   Code   RO         3950    i.USB_EnableGlobalInt  stm32f4xx_ll_usb.o
    0x08008e98   0x00000020   Code   RO         3951    i.USB_FlushRxFifo   stm32f4xx_ll_usb.o
    0x08008eb8   0x00000024   Code   RO         3952    i.USB_FlushTxFifo   stm32f4xx_ll_usb.o
    0x08008edc   0x00000008   Code   RO         3953    i.USB_GetCurrentFrame  stm32f4xx_ll_usb.o
    0x08008ee4   0x0000000e   Code   RO         3955    i.USB_GetHostSpeed  stm32f4xx_ll_usb.o
    0x08008ef2   0x00000008   Code   RO         3956    i.USB_GetMode       stm32f4xx_ll_usb.o
    0x08008efa   0x00000178   Code   RO         3957    i.USB_HC_Halt       stm32f4xx_ll_usb.o
    0x08009072   0x00000002   PAD
    0x08009074   0x000000ea   Code   RO         3958    i.USB_HC_Init       stm32f4xx_ll_usb.o
    0x0800915e   0x0000000c   Code   RO         3959    i.USB_HC_ReadInterrupt  stm32f4xx_ll_usb.o
    0x0800916a   0x00000002   PAD
    0x0800916c   0x00000190   Code   RO         3960    i.USB_HC_StartXfer  stm32f4xx_ll_usb.o
    0x080092fc   0x000000d4   Code   RO         3961    i.USB_HostInit      stm32f4xx_ll_usb.o
    0x080093d0   0x00000036   Code   RO         3962    i.USB_InitFSLSPClkSel  stm32f4xx_ll_usb.o
    0x08009406   0x00000008   Code   RO         3967    i.USB_ReadInterrupts  stm32f4xx_ll_usb.o
    0x0800940e   0x00000020   Code   RO         3968    i.USB_ReadPacket    stm32f4xx_ll_usb.o
    0x0800942e   0x0000002c   Code   RO         3969    i.USB_ResetPort     stm32f4xx_ll_usb.o
    0x0800945a   0x0000002c   Code   RO         3970    i.USB_SetCurrentMode  stm32f4xx_ll_usb.o
    0x08009486   0x000000b2   Code   RO         3974    i.USB_StopHost      stm32f4xx_ll_usb.o
    0x08009538   0x00000028   Code   RO         3975    i.USB_WritePacket   stm32f4xx_ll_usb.o
    0x08009560   0x00000002   Code   RO          288    i.UsageFault_Handler  stm32f4xx_it.o
    0x08009562   0x00000002   PAD
    0x08009564   0x0000003c   Code   RO          597    i.WavProcess_EncInit  waverecorder.o
    0x080095a0   0x000000c0   Code   RO          598    i.WavProcess_HeaderInit  waverecorder.o
    0x08009660   0x0000003c   Code   RO          599    i.WavProcess_HeaderUpdate  waverecorder.o
    0x0800969c   0x00000120   Code   RO          528    i.WavePlayBack      waveplayer.o
    0x080097bc   0x0000001c   Code   RO          529    i.WavePlayerInit    waveplayer.o
    0x080097d8   0x0000000a   Code   RO          530    i.WavePlayerPauseResume  waveplayer.o
    0x080097e2   0x00000002   PAD
    0x080097e4   0x0000008c   Code   RO          531    i.WavePlayerStart   waveplayer.o
    0x08009870   0x0000005c   Code   RO          533    i.WavePlayer_CallBack  waveplayer.o
    0x080098cc   0x00000154   Code   RO          600    i.WaveRecorderProcess  waverecorder.o
    0x08009a20   0x0000000e   Code   RO         5269    i.__scatterload_copy  mc_w.l(handlers.o)
    0x08009a2e   0x00000002   Code   RO         5270    i.__scatterload_null  mc_w.l(handlers.o)
    0x08009a30   0x0000000e   Code   RO         5271    i.__scatterload_zeroinit  mc_w.l(handlers.o)
    0x08009a3e   0x00000002   PAD
    0x08009a40   0x00000060   Code   RO         4261    i.check_fs          ff.o
    0x08009aa0   0x0000006c   Code   RO         4262    i.chk_lock          ff.o
    0x08009b0c   0x00000024   Code   RO         4263    i.clear_lock        ff.o
    0x08009b30   0x0000001e   Code   RO         4264    i.clust2sect        ff.o
    0x08009b4e   0x000000ac   Code   RO         4265    i.create_chain      ff.o
    0x08009bfa   0x00000002   PAD
    0x08009bfc   0x00000100   Code   RO         4266    i.create_name       ff.o
    0x08009cfc   0x000000e0   Code   RO          657    i.cs43l22_Init      cs43l22.o
    0x08009ddc   0x0000001a   Code   RO          658    i.cs43l22_Pause     cs43l22.o
    0x08009df6   0x00000002   PAD
    0x08009df8   0x00000030   Code   RO          659    i.cs43l22_Play      cs43l22.o
    0x08009e28   0x00000014   Code   RO          660    i.cs43l22_ReadID    cs43l22.o
    0x08009e3c   0x0000003c   Code   RO          661    i.cs43l22_Resume    cs43l22.o
    0x08009e78   0x00000004   Code   RO          662    i.cs43l22_SetFrequency  cs43l22.o
    0x08009e7c   0x00000018   Code   RO          663    i.cs43l22_SetMute   cs43l22.o
    0x08009e94   0x00000050   Code   RO          664    i.cs43l22_SetOutputMode  cs43l22.o
    0x08009ee4   0x0000003c   Code   RO          665    i.cs43l22_SetVolume  cs43l22.o
    0x08009f20   0x00000024   Code   RO          666    i.cs43l22_Stop      cs43l22.o
    0x08009f44   0x0000003c   Code   RO         4267    i.dec_lock          ff.o
    0x08009f80   0x0000013e   Code   RO         4268    i.dir_next          ff.o
    0x0800a0be   0x00000002   PAD
    0x0800a0c0   0x00000062   Code   RO         4269    i.dir_read          ff.o
    0x0800a122   0x00000076   Code   RO         4270    i.dir_register      ff.o
    0x0800a198   0x00000034   Code   RO         4271    i.dir_remove        ff.o
    0x0800a1cc   0x000000cc   Code   RO         4272    i.dir_sdi           ff.o
    0x0800a298   0x00000024   Code   RO         4210    i.disk_initialize   diskio.o
    0x0800a2bc   0x0000001c   Code   RO         4211    i.disk_ioctl        diskio.o
    0x0800a2d8   0x00000020   Code   RO         4212    i.disk_read         diskio.o
    0x0800a2f8   0x00000010   Code   RO         4213    i.disk_status       diskio.o
    0x0800a308   0x00000020   Code   RO         4214    i.disk_write        diskio.o
    0x0800a328   0x0000002a   Code   RO         4274    i.f_close           ff.o
    0x0800a352   0x00000198   Code   RO         4278    i.f_lseek           ff.o
    0x0800a4ea   0x00000002   PAD
    0x0800a4ec   0x0000005c   Code   RO         4281    i.f_mount           ff.o
    0x0800a548   0x000001c0   Code   RO         4282    i.f_open            ff.o
    0x0800a708   0x00000094   Code   RO         4283    i.f_opendir         ff.o
    0x0800a79c   0x000001b6   Code   RO         4287    i.f_read            ff.o
    0x0800a952   0x000000b8   Code   RO         4291    i.f_sync            ff.o
    0x0800aa0a   0x000000d4   Code   RO         4293    i.f_unlink          ff.o
    0x0800aade   0x000001fe   Code   RO         4295    i.f_write           ff.o
    0x0800acdc   0x00000278   Code   RO         4296    i.find_volume       ff.o
    0x0800af54   0x000000c0   Code   RO         4297    i.follow_path       ff.o
    0x0800b014   0x00000050   Code   RO         5194    i.free              mc_w.l(malloc.o)
    0x0800b064   0x000000f4   Code   RO         4298    i.get_fat           ff.o
    0x0800b158   0x00000004   Code   RO         4215    i.get_fattime       diskio.o
    0x0800b15c   0x0000002e   Code   RO         4300    i.get_ldnumber      ff.o
    0x0800b18a   0x00000002   PAD
    0x0800b18c   0x000000a0   Code   RO         4301    i.inc_lock          ff.o
    0x0800b22c   0x00000014   Code   RO         4302    i.ld_clust          ff.o
    0x0800b240   0x000000a0   Code   RO           19    i.main              main.o
    0x0800b2e0   0x0000006c   Code   RO         5195    i.malloc            mc_w.l(malloc.o)
    0x0800b34c   0x00000012   Code   RO         4303    i.mem_cpy           ff.o
    0x0800b35e   0x0000000e   Code   RO         4304    i.mem_set           ff.o
    0x0800b36c   0x00000032   Code   RO         4305    i.move_window       ff.o
    0x0800b39e   0x00000002   PAD
    0x0800b3a0   0x0000013a   Code   RO         4306    i.put_fat           ff.o
    0x0800b4da   0x0000006e   Code   RO         4308    i.remove_chain      ff.o
    0x0800b548   0x00000010   Code   RO         4309    i.st_clust          ff.o
    0x0800b558   0x000000b8   Code   RO         4310    i.sync_fs           ff.o
    0x0800b610   0x0000005a   Code   RO         4311    i.sync_window       ff.o
    0x0800b66a   0x00000030   Code   RO         4312    i.validate          ff.o
    0x0800b69a   0x0000000c   Data   RO          909    .constdata          stm32f4_discovery.o
    0x0800b6a6   0x00000010   Data   RO         2704    .constdata          stm32f4xx_hal_rcc.o
    0x0800b6b6   0x000000ac   Data   RO         4314    .constdata          ff.o
    0x0800b762   0x00000002   PAD
    0x0800b764   0x00000004   Data   RO         4701    .conststring        usbh_msc.o
    0x0800b768   0x00000020   Data   RO         5267    Region$$Table       anon$$obj.o


    Execution Region RW_IRAM1 (Base: 0x20000000, Size: 0x00009f20, Max: 0x00020000, ABSOLUTE, COMPRESSED[0x000002b4])

    Base Addr    Size         Type   Attr      Idx    E Section Name        Object

    0x20000000   0x00000020   Data   RW           21    .data               main.o
    0x20000020   0x00000004   Data   RW          289    .data               stm32f4xx_it.o
    0x20000024   0x00000014   Data   RW          535    .data               waveplayer.o
    0x20000038   0x0000001c   Data   RW          604    .data               waverecorder.o
    0x20000054   0x0000002c   Data   RW          667    .data               cs43l22.o
    0x20000080   0x00000002   Data   RW          668    .data               cs43l22.o
    0x20000082   0x00000002   PAD
    0x20000084   0x0000002c   Data   RW          748    .data               lis302dl.o
    0x200000b0   0x0000002c   Data   RW          827    .data               lis3dsh.o
    0x200000dc   0x0000001c   Data   RW          910    .data               stm32f4_discovery.o
    0x200000f8   0x00000004   Data   RW         1023    .data               stm32f4_discovery_accelerometer.o
    0x200000fc   0x00000008   Data   RW         1103    .data               stm32f4_discovery_audio.o
    0x20000104   0x00000014   Data   RW         1285    .data               system_stm32f4xx.o
    0x20000118   0x00000004   Data   RW         1336    .data               stm32f4xx_hal.o
    0x2000011c   0x00000008   Data   RW         4315    .data               ff.o
    0x20000124   0x00000014   Data   RW         4612    .data               usbh_diskio.o
    0x20000138   0x00000020   Data   RW         4702    .data               usbh_msc.o
    0x20000158   0x00000304   Data   RW         5171    .data               libPDMFilter_CM4_IAR.a(pdm_filter.o)
    0x2000045c   0x00000004   Data   RW         5260    .data               mc_w.l(mvars.o)
    0x20000460   0x00000004   Data   RW         5261    .data               mc_w.l(mvars.o)
    0x20000464   0x00000c20   Zero   RW           20    .bss                main.o
    0x20001084   0x00000290   Zero   RW          403    .bss                usbh_conf.o
    0x20001314   0x00002048   Zero   RW          534    .bss                waveplayer.o
    0x2000335c   0x000029c0   Zero   RW          603    .bss                waverecorder.o
    0x20005d1c   0x0000008c   Zero   RW          908    .bss                stm32f4_discovery.o
    0x20005da8   0x00000154   Zero   RW         1102    .bss                stm32f4_discovery_audio.o
    0x20005efc   0x00000018   Zero   RW         4313    .bss                ff.o
    0x20005f14   0x0000000c   Zero   RW         4575    .bss                ff_gen_drv.o
    0x20005f20   0x00002000   Zero   RW            2    HEAP                startup_stm32f407xx.o
    0x20007f20   0x00002000   Zero   RW            1    STACK               startup_stm32f407xx.o


==============================================================================

Image component sizes


      Code (inc. data)   RO Data    RW Data    ZI Data      Debug   Object Name

       592         26          0         46          0      10268   cs43l22.o
       148         24          0          0          0       4915   diskio.o
      6168         72        172          8         24      41412   ff.o
        56          4          0          0         12       1122   ff_gen_drv.o
       484          0          0         44          0      11624   lis302dl.o
       616         22          0         44          0      12319   lis3dsh.o
       808         94          0         32       3104     397681   main.o
        36          8        392          0      16384        888   startup_stm32f407xx.o
      1156        164         12         28        140      14279   stm32f4_discovery.o
       132         30          0          4          0       3721   stm32f4_discovery_accelerometer.o
      1248        164          0          8        340      17133   stm32f4_discovery_audio.o
       138         16          0          4          0       5268   stm32f4xx_hal.o
       194         14          0          0          0      30775   stm32f4xx_hal_cortex.o
      6790         90          0          0          0       6876   stm32f4xx_hal_dma.o
       494         58          0          0          0       4964   stm32f4xx_hal_gpio.o
      2256          4          0          0          0      14805   stm32f4xx_hal_hcd.o
      1612         34          0          0          0      11616   stm32f4xx_hal_i2c.o
      1670         96          0          0          0      11689   stm32f4xx_hal_i2s.o
      1488         60         16          0          0       6152   stm32f4xx_hal_rcc.o
       408         26          0          0          0       2299   stm32f4xx_hal_rcc_ex.o
      1028          0          0          0          0       6759   stm32f4xx_hal_spi.o
      1256         90          0          0          0      13977   stm32f4xx_hal_tim.o
         4          0          0          0          0       1874   stm32f4xx_hal_tim_ex.o
       108         28          0          4          0       8453   stm32f4xx_it.o
      2048         48          0          0          0      19147   stm32f4xx_ll_usb.o
        84         18          0         20          0       1281   system_stm32f4xx.o
       536         34          0          0        656      12517   usbh_conf.o
       994         20          0          0          0      10744   usbh_core.o
      1064         12          0          0          0      10960   usbh_ctlreq.o
       372         20          0         20          0       5295   usbh_diskio.o
       172          0          0          0          0       4864   usbh_ioreq.o
      1662         10          4         32          0      11845   usbh_msc.o
       586         28          0          0          0       5325   usbh_msc_bot.o
       784          0          0          0          0       6859   usbh_msc_scsi.o
       106          0          0          0          0       3794   usbh_pipes.o
       596        124          0         20       8264       6252   waveplayer.o
       828         86          0         28      10688       5660   waverecorder.o

    ----------------------------------------------------------------------
     38790       1524        630        344      39612     745412   Object Totals
         0          0         32          0          0          0   (incl. Generated)
        68          0          2          2          0          0   (incl. Padding)

    ----------------------------------------------------------------------

      Code (inc. data)   RO Data    RW Data    ZI Data      Debug   Library Member Name

      5780         40          0        772          0        636   pdm_filter.o
        86          0          0          0          0          0   __dczerorl2.o
         0          0          0          0          0          0   entry.o
         0          0          0          0          0          0   entry10a.o
         0          0          0          0          0          0   entry11a.o
         8          4          0          0          0          0   entry2.o
         4          0          0          0          0          0   entry5.o
         0          0          0          0          0          0   entry7b.o
         0          0          0          0          0          0   entry8b.o
         8          4          0          0          0          0   entry9a.o
        30          0          0          0          0          0   handlers.o
        36          8          0          0          0         68   init.o
         0          0          0          0          0          0   iusefp.o
        30          0          0          0          0         68   llshl.o
        36          0          0          0          0         68   llsshr.o
        32          0          0          0          0         68   llushr.o
       188         20          0          0          0        160   malloc.o
        36          0          0          0          0         68   memcpya.o
        36          0          0          0          0        108   memseta.o
         0          0          0          8          0          0   mvars.o
        20          0          0          0          0         68   cfcmple.o
       334          0          0          0          0        148   dadd.o
       222          0          0          0          0        100   ddiv.o
       186          0          0          0          0        176   depilogue.o
        62          0          0          0          0         80   dfixi.o
        34          0          0          0          0         76   dflti.o
        26          0          0          0          0         76   dfltui.o
       228          0          0          0          0         96   dmul.o
        38          0          0          0          0         68   f2d.o
       100          0          0          0          0         76   fmul.o

    ----------------------------------------------------------------------
      7564         76          0        780          0       2208   Library Totals
         4          0          0          0          0          0   (incl. Padding)

    ----------------------------------------------------------------------

      Code (inc. data)   RO Data    RW Data    ZI Data      Debug   Library Name

      5780         40          0        772          0        636   libPDMFilter_CM4_IAR.a
       530         36          0          8          0        608   mc_w.l
      1250          0          0          0          0        964   mf_w.l

    ----------------------------------------------------------------------
      7564         76          0        780          0       2208   Library Totals

    ----------------------------------------------------------------------

==============================================================================


      Code (inc. data)   RO Data    RW Data    ZI Data      Debug   

     46354       1600        630       1124      39612     713660   Grand Totals
     46354       1600        630        692      39612     713660   ELF Image Totals (compressed)
     46354       1600        630        692          0          0   ROM Totals

==============================================================================

    Total RO  Size (Code + RO Data)                46984 (  45.88kB)
    Total RW  Size (RW Data + ZI Data)             40736 (  39.78kB)
    Total ROM Size (Code + RO Data + RW Data)      47676 (  46.56kB)

==============================================================================

